==============================================================================
STONE BE -- THE 16-CUBE AT THE ORBIT LEVEL
==============================================================================
[PASS] BE0: the brief is sha-locked: sha256(BRIEF_STONE_BE_B16_ORBITS.md) equals BRIEF_STONE_BE_LOCK.sha256  -> 60a27db0401f9330...

------------------------------------------------------------------------------
BE1 -- the combinatorial rowmotion on delta_n against the sealed clocks (B4, B8)
------------------------------------------------------------------------------
[PASS] BE1: the combinatorial rowmotion on J(delta_n) equals Stone AV's clock (as rebased in Stone BC) on B4 and B8, with |P| = 10 and 36; on delta_16 it is a permutation of the 65,536 patterns of order 32 with |P| = 136  -> {4: (True, 10, 10), 8: (True, 36, 36)}; B16 built in 1.4s, order 32
[t=   1.8s] clock built and validated

------------------------------------------------------------------------------
BE2 -- the orbits of R on B16
------------------------------------------------------------------------------
[PASS] BE2: REGISTERED GUESS: R acts freely on the 65,536 weights: 2,048 orbits of 32  -> type 32^2048
[t=   1.9s] orbits done

------------------------------------------------------------------------------
BE3 -- O1: the full-height orbit, shift +-8, no u
------------------------------------------------------------------------------
[PASS] BE3: REGISTERED GUESS: O1 is the full-height orbit (ranks 0,1,1,...,15,15,16 around the clock), R^16 shifts every rank on it by exactly +-8, O1 spans F2^16, and no u reproduces its shift (Lemma BB-B, m = 8)  -> ranks in R-order [0, 16, 15, 15, 14, 14, 13, 13, 12, 12, 11, 11, 10, 10, 9, 9, 8, 8, 7, 7, 6, 6, 5, 5, 4, 4, 3, 3, 2, 2, 1, 1]; shifts [-8, 8]; span 16; u: []
[t=   1.9s] BE3 done

------------------------------------------------------------------------------
BE4 -- every orbit: rank band, half-turn shifts, reproducing u's, carrying (column method)
------------------------------------------------------------------------------
  orbit  min    ranks   affdim  shifts                       #u  carrying  w0->   w
  O1         0   0..16  16      {-8: 16, 8: 16}               0  False     O1     
  O2         1   1..15  16      {-8: 12, -7: 4, 7: 4, 8: 12}  0  False     O2     
  O3         2   1..15  16      {-8: 10, -7: 4, -6: 2, 6: 2, 7: 4, 8: 10}  0  False     O4     
  O1016   1175   6..10  15      {-3: 4, -2: 12, 2: 12, 3: 4}  0  False     O1016  
  O1020   1179   6..10  16      {-3: 4, -2: 8, -1: 4, 1: 4, 2: 8, 3: 4}  0  False     O1368  
  O1022   1181   6..10  16      {-3: 4, -2: 8, -1: 4, 1: 4, 2: 8, 3: 4}  0  False     O1367  
  O1023   1182   6..10  16      {-3: 6, -2: 8, -1: 2, 1: 2, 2: 8, 3: 6}  0  False     O1370  
  O1027   1191   6..10  16      {-3: 2, -2: 12, -1: 2, 1: 2, 2: 12, 3: 2}  0  False     O1142  
  O1029   1197   6..10  15      {-3: 4, -2: 12, 2: 12, 3: 4}  0  False     O1029  
  O1030   1198   6..10  16      {-3: 2, -2: 12, -1: 2, 1: 2, 2: 12, 3: 2}  0  False     O1121  
  O1033   1203   6..10  16      {-3: 2, -2: 8, -1: 6, 1: 6, 2: 8, 3: 2}  0  False     O1348  
  O1035   1205   6..10  16      {-3: 2, -2: 12, -1: 2, 1: 2, 2: 12, 3: 2}  0  False     O1062  
  O1036   1206   6..10  16      {-3: 2, -2: 8, -1: 6, 1: 6, 2: 8, 3: 2}  0  False     O1345  
  O1038   1209   6..10  16      {-3: 2, -2: 8, -1: 6, 1: 6, 2: 8, 3: 2}  0  False     O1347  
  O1039   1210   6..10  16      {-3: 2, -2: 8, -1: 6, 1: 6, 2: 8, 3: 2}  0  False     O1344  
  O1041   1212   6..10  16      {-3: 2, -2: 12, -1: 2, 1: 2, 2: 12, 3: 2}  0  False     O1350  
  O1054   1227   6..10  16      {-3: 4, -2: 8, -1: 4, 1: 4, 2: 8, 3: 4}  0  False     O1361  
  O1056   1229   6..10  16      {-3: 4, -2: 8, -1: 4, 1: 4, 2: 8, 3: 4}  0  False     O1360  
  O1057   1230   6..10  16      {-3: 6, -2: 8, -1: 2, 1: 2, 2: 8, 3: 6}  0  False     O1363  
  O1061   1235   6..10  16      {-3: 2, -2: 8, -1: 6, 1: 6, 2: 8, 3: 2}  0  False     O1337  
  O1062   1237   6..10  16      {-3: 2, -2: 12, -1: 2, 1: 2, 2: 12, 3: 2}  0  False     O1035  
  O1063   1238   6..10  16      {-3: 2, -2: 8, -1: 6, 1: 6, 2: 8, 3: 2}  0  False     O1333  
  O1065   1241   6..10  16      {-3: 2, -2: 8, -1: 6, 1: 6, 2: 8, 3: 2}  0  False     O1336  
  O1066   1242   6..10  16      {-3: 2, -2: 8, -1: 6, 1: 6, 2: 8, 3: 2}  0  False     O1332  
  O1068   1244   6..10  16      {-3: 2, -2: 12, -1: 2, 1: 2, 2: 12, 3: 2}  0  False     O1339  
  O1075   1253   6..10  16      {-3: 4, -2: 12, 2: 12, 3: 4}  0  False     O1357  
  O1076   1254   6..10  16      {-3: 8, -2: 8, 2: 8, 3: 8}    0  False     O1358  
  O1079   1257   6..10  16      {-3: 2, -2: 12, -1: 2, 1: 2, 2: 12, 3: 2}  0  False     O1329  
  O1080   1258   6..10  16      {-3: 2, -2: 12, -1: 2, 1: 2, 2: 12, 3: 2}  0  False     O1327  
  O1082   1260   6..10  16      {-3: 4, -2: 12, 2: 12, 3: 4}  0  False     O1330  
  O1108   1303   6..10  16      {-2: 16, 2: 16}               0  False     O1108  
  O1112   1307   6..10  16      {-2: 12, -1: 4, 1: 4, 2: 12}  0  False     O1212  
  O1114   1309   6..10  16      {-2: 12, -1: 4, 1: 4, 2: 12}  0  False     O1211  
  O1115   1310   6..10  16      {-3: 2, -2: 12, -1: 2, 1: 2, 2: 12, 3: 2}  0  False     O1214  
  O1119   1319   6..10  16      {-2: 12, -1: 4, 1: 4, 2: 12}  0  False     O1143  
  O1121   1325   6..10  16      {-3: 2, -2: 12, -1: 2, 1: 2, 2: 12, 3: 2}  0  False     O1030  
  O1122   1326   6..10  16      {-2: 12, -1: 4, 1: 4, 2: 12}  0  False     O1122  
  O1126   1331   6..10  16      {-2: 8, -1: 8, 1: 8, 2: 8}    0  False     O1191  
  O1128   1333   6..10  16      {-2: 12, -1: 4, 1: 4, 2: 12}  0  False     O1187  
  O1129   1334   6..10  16      {-2: 8, -1: 8, 1: 8, 2: 8}    0  False     O1188  
  O1132   1337   6..10  16      {-2: 8, -1: 8, 1: 8, 2: 8}    0  False     O1190  
  O1133   1338   6..10  16      {-2: 8, -1: 8, 1: 8, 2: 8}    0  False     O1185  
  O1135   1340   6..10  16      {-2: 12, -1: 4, 1: 4, 2: 12}  0  False     O1193  
  O1140   1351   6..10  16      {-2: 12, -1: 4, 1: 4, 2: 12}  0  False     O1140  
  O1142   1357   6..10  16      {-3: 2, -2: 12, -1: 2, 1: 2, 2: 12, 3: 2}  0  False     O1027  
  O1143   1358   6..10  16      {-2: 12, -1: 4, 1: 4, 2: 12}  0  False     O1119  
  O1147   1379   6..10  16      {-2: 8, -1: 8, 1: 8, 2: 8}    0  False     O1153  
  O1149   1381   6..10  15      {-2: 12, -1: 4, 1: 4, 2: 12}  0  False     O1149  
  O1150   1382   6..10  15      {-2: 8, -1: 8, 1: 8, 2: 8}    0  False     O1150  
  O1152   1393   6..10  16      {-2: 8, -1: 8, 1: 8, 2: 8}    0  False     O1152  
  O1153   1394   6..10  16      {-2: 8, -1: 8, 1: 8, 2: 8}    0  False     O1147  
  O1155   1400   6..10  16      {-2: 12, -1: 4, 1: 4, 2: 12}  0  False     O1155  
  O1166   1419   6..10  16      {-2: 12, -1: 4, 1: 4, 2: 12}  0  False     O1205  
  O1168   1421   6..10  16      {-2: 12, -1: 4, 1: 4, 2: 12}  0  False     O1204  
  O1169   1422   6..10  16      {-3: 2, -2: 12, -1: 2, 1: 2, 2: 12, 3: 2}  0  False     O1207  
  O1172   1427   6..10  16      {-2: 8, -1: 8, 1: 8, 2: 8}    0  False     O1178  
  O1173   1429   6..10  16      {-2: 12, -1: 4, 1: 4, 2: 12}  0  False     O1173  
  O1174   1430   6..10  16      {-2: 8, -1: 8, 1: 8, 2: 8}    0  False     O1174  
  O1177   1433   6..10  16      {-2: 8, -1: 8, 1: 8, 2: 8}    0  False     O1177  
  O1178   1434   6..10  16      {-2: 8, -1: 8, 1: 8, 2: 8}    0  False     O1172  
  O1180   1436   6..10  16      {-2: 12, -1: 4, 1: 4, 2: 12}  0  False     O1180  
  O1185   1443   6..10  16      {-2: 8, -1: 8, 1: 8, 2: 8}    0  False     O1133  
  O1187   1445   6..10  16      {-2: 12, -1: 4, 1: 4, 2: 12}  0  False     O1128  
  O1188   1446   6..10  16      {-2: 8, -1: 8, 1: 8, 2: 8}    0  False     O1129  
  O1190   1457   6..10  16      {-2: 8, -1: 8, 1: 8, 2: 8}    0  False     O1132  
  O1191   1458   6..10  16      {-2: 8, -1: 8, 1: 8, 2: 8}    0  False     O1126  
  O1193   1464   6..10  16      {-2: 12, -1: 4, 1: 4, 2: 12}  0  False     O1135  
  O1200   1477   6..10  16      {-2: 16, 2: 16}               0  False     O1200  
  O1201   1478   6..10  15      {-3: 4, -2: 12, 2: 12, 3: 4}  0  False     O1201  
  O1204   1481   6..10  16      {-2: 12, -1: 4, 1: 4, 2: 12}  0  False     O1168  
  O1205   1482   6..10  16      {-2: 12, -1: 4, 1: 4, 2: 12}  0  False     O1166  
  O1207   1484   6..10  16      {-3: 2, -2: 12, -1: 2, 1: 2, 2: 12, 3: 2}  0  False     O1169  
  O1211   1489   6..10  16      {-2: 12, -1: 4, 1: 4, 2: 12}  0  False     O1114  
  O1212   1490   6..10  16      {-2: 12, -1: 4, 1: 4, 2: 12}  0  False     O1112  
  O1214   1496   6..10  16      {-3: 2, -2: 12, -1: 2, 1: 2, 2: 12, 3: 2}  0  False     O1115  
  O1282   1611   6..10  16      {-3: 6, -2: 8, -1: 2, 1: 2, 2: 8, 3: 6}  0  False     O1305  
  O1284   1613   6..10  16      {-3: 6, -2: 8, -1: 2, 1: 2, 2: 8, 3: 6}  0  False     O1304  
  O1285   1614   6..10  16      {-3: 8, -2: 8, 2: 8, 3: 8}    0  False     O1307  
  O1289   1619   6..10  16      {-3: 4, -2: 8, -1: 4, 1: 4, 2: 8, 3: 4}  0  False     O1293  
  O1290   1622   6..10  16      {-3: 4, -2: 8, -1: 4, 1: 4, 2: 8, 3: 4}  0  False     O1290  
  O1292   1625   6..10  16      {-3: 4, -2: 8, -1: 4, 1: 4, 2: 8, 3: 4}  0  False     O1292  
  O1293   1626   6..10  16      {-3: 4, -2: 8, -1: 4, 1: 4, 2: 8, 3: 4}  0  False     O1289  
  O1294   1628   6..10  15      {-3: 4, -2: 12, 2: 12, 3: 4}  0  False     O1294  
  O1301   1637   6..10  16      {-3: 8, -2: 8, 2: 8, 3: 8}    0  False     O1301  
  O1302   1638   6..10  15      {-3: 12, -2: 4, 2: 4, 3: 12}  0  False     O1302  
  O1304   1641   6..10  16      {-3: 6, -2: 8, -1: 2, 1: 2, 2: 8, 3: 6}  0  False     O1284  
  O1305   1642   6..10  16      {-3: 6, -2: 8, -1: 2, 1: 2, 2: 8, 3: 6}  0  False     O1282  
  O1307   1644   6..10  16      {-3: 8, -2: 8, 2: 8, 3: 8}    0  False     O1285  
  O1327   1675   6..10  16      {-3: 2, -2: 12, -1: 2, 1: 2, 2: 12, 3: 2}  0  False     O1080  
  O1329   1677   6..10  16      {-3: 2, -2: 12, -1: 2, 1: 2, 2: 12, 3: 2}  0  False     O1079  
  O1330   1678   6..10  16      {-3: 4, -2: 12, 2: 12, 3: 4}  0  False     O1082  
  O1332   1683   6..10  16      {-3: 2, -2: 8, -1: 6, 1: 6, 2: 8, 3: 2}  0  False     O1066  
  O1333   1686   6..10  16      {-3: 2, -2: 8, -1: 6, 1: 6, 2: 8, 3: 2}  0  False     O1063  
  O1336   1689   6..10  16      {-3: 2, -2: 8, -1: 6, 1: 6, 2: 8, 3: 2}  0  False     O1065  
  O1337   1690   6..10  16      {-3: 2, -2: 8, -1: 6, 1: 6, 2: 8, 3: 2}  0  False     O1061  
  O1339   1692   6..10  16      {-3: 2, -2: 12, -1: 2, 1: 2, 2: 12, 3: 2}  0  False     O1068  
  O1344   1699   6..10  16      {-3: 2, -2: 8, -1: 6, 1: 6, 2: 8, 3: 2}  0  False     O1039  
  O1345   1702   6..10  16      {-3: 2, -2: 8, -1: 6, 1: 6, 2: 8, 3: 2}  0  False     O1036  
  O1347   1713   6..10  16      {-3: 2, -2: 8, -1: 6, 1: 6, 2: 8, 3: 2}  0  False     O1038  
  O1348   1714   6..10  16      {-3: 2, -2: 8, -1: 6, 1: 6, 2: 8, 3: 2}  0  False     O1033  
  O1350   1720   6..10  16      {-3: 2, -2: 12, -1: 2, 1: 2, 2: 12, 3: 2}  0  False     O1041  
  O1357   1733   6..10  16      {-3: 4, -2: 12, 2: 12, 3: 4}  0  False     O1075  
  O1358   1734   6..10  16      {-3: 8, -2: 8, 2: 8, 3: 8}    0  False     O1076  
  O1360   1737   6..10  16      {-3: 4, -2: 8, -1: 4, 1: 4, 2: 8, 3: 4}  0  False     O1056  
  O1361   1738   6..10  16      {-3: 4, -2: 8, -1: 4, 1: 4, 2: 8, 3: 4}  0  False     O1054  
  O1363   1740   6..10  16      {-3: 6, -2: 8, -1: 2, 1: 2, 2: 8, 3: 6}  0  False     O1057  
  O1367   1745   6..10  16      {-3: 4, -2: 8, -1: 4, 1: 4, 2: 8, 3: 4}  0  False     O1022  
  O1368   1746   6..10  16      {-3: 4, -2: 8, -1: 4, 1: 4, 2: 8, 3: 4}  0  False     O1020  
  O1370   1752   6..10  16      {-3: 6, -2: 8, -1: 2, 1: 2, 2: 8, 3: 6}  0  False     O1023  
  O1554   2203   6..10  16      {-3: 2, -2: 8, -1: 6, 1: 6, 2: 8, 3: 2}  0  False     O1633  
  O1556   2205   6..10  16      {-3: 2, -2: 8, -1: 6, 1: 6, 2: 8, 3: 2}  0  False     O1730  
  O1557   2206   6..10  16      {-3: 4, -2: 8, -1: 4, 1: 4, 2: 8, 3: 4}  0  False     O1625  
  O1560   2227   6..10  16      {-2: 8, -1: 8, 1: 8, 2: 8}    0  False     O1630  
  O1561   2230   6..10  16      {-2: 8, -1: 8, 1: 8, 2: 8}    0  False     O1618  
  O1563   2233   6..10  16      {-2: 8, -1: 8, 1: 8, 2: 8}    0  False     O1727  
  O1564   2234   6..10  16      {-2: 8, -1: 8, 1: 8, 2: 8}    0  False     O1716  
  O1565   2236   6..10  16      {-2: 12, -1: 4, 1: 4, 2: 12}  0  False     O1722  
  O1574   2251   6..10  16      {-3: 2, -2: 8, -1: 6, 1: 6, 2: 8, 3: 2}  0  False     O1666  
  O1576   2253   6..10  16      {-3: 2, -2: 8, -1: 6, 1: 6, 2: 8, 3: 2}  0  False     O1972  
  O1577   2254   6..10  16      {-3: 4, -2: 8, -1: 4, 1: 4, 2: 8, 3: 4}  0  False     O1973  
  O1580   2259   6..10  16      {-2: 8, -1: 8, 1: 8, 2: 8}    0  False     O1967  
  O1581   2262   6..10  16      {-2: 8, -1: 8, 1: 8, 2: 8}    0  False     O1894  
  O1583   2265   6..10  16      {-2: 8, -1: 8, 1: 8, 2: 8}    0  False     O1966  
  O1584   2266   6..10  16      {-2: 8, -1: 8, 1: 8, 2: 8}    0  False     O1767  
  O1585   2268   6..10  16      {-2: 12, -1: 4, 1: 4, 2: 12}  0  False     O1968  
  O1591   2277   6..10  16      {-3: 2, -2: 12, -1: 2, 1: 2, 2: 12, 3: 2}  0  False     O1970  
  O1592   2278   6..10  16      {-3: 6, -2: 8, -1: 2, 1: 2, 2: 8, 3: 6}  0  False     O1971  
  O1594   2281   6..10  16      {-2: 12, -1: 4, 1: 4, 2: 12}  0  False     O1963  
  O1595   2282   6..10  16      {-2: 12, -1: 4, 1: 4, 2: 12}  0  False     O1738  
  O1596   2284   6..10  16      {-3: 2, -2: 12, -1: 2, 1: 2, 2: 12, 3: 2}  0  False     O1964  
  O1611   2331   6..10  16      {-2: 8, -1: 8, 1: 8, 2: 8}    0  False     O1634  
  O1613   2333   6..10  16      {-2: 8, -1: 8, 1: 8, 2: 8}    0  False     O1731  
  O1614   2334   6..10  16      {-3: 2, -2: 8, -1: 6, 1: 6, 2: 8, 3: 2}  0  False     O1642  
  O1617   2355   6..10  16      {-2: 4, -1: 12, 1: 12, 2: 4}  0  False     O1631  
  O1618   2357   6..10  16      {-2: 8, -1: 8, 1: 8, 2: 8}    0  False     O1561  
  O1619   2358   6..10  16      {-2: 4, -1: 12, 1: 12, 2: 4}  0  False     O1619  
  O1621   2361   6..10  16      {-2: 4, -1: 12, 1: 12, 2: 4}  0  False     O1728  
  O1622   2362   6..10  16      {-2: 4, -1: 12, 1: 12, 2: 4}  0  False     O1717  
  O1623   2363   6..10  16      {-3: 4, -2: 8, -1: 4, 1: 4, 2: 8, 3: 4}  0  False     O1732  
  O1624   2364   6..10  16      {-2: 8, -1: 8, 1: 8, 2: 8}    0  False     O1741  
  O1625   2365   6..10  16      {-3: 4, -2: 8, -1: 4, 1: 4, 2: 8, 3: 4}  0  False     O1557  
  O1628   2403   6..10  16      {-2: 4, -1: 12, 1: 12, 2: 4}  0  False     O1628  
  O1630   2405   6..10  16      {-2: 8, -1: 8, 1: 8, 2: 8}    0  False     O1560  
  O1631   2406   6..10  16      {-2: 4, -1: 12, 1: 12, 2: 4}  0  False     O1617  
  O1632   2407   6..10  16      {-3: 4, -2: 8, -1: 4, 1: 4, 2: 8, 3: 4}  0  False     O1635  
  O1633   2409   6..10  16      {-3: 2, -2: 8, -1: 6, 1: 6, 2: 8, 3: 2}  0  False     O1554  
  O1634   2412   6..10  16      {-2: 8, -1: 8, 1: 8, 2: 8}    0  False     O1611  
  O1635   2414   6..10  16      {-3: 4, -2: 8, -1: 4, 1: 4, 2: 8, 3: 4}  0  False     O1632  
  O1636   2417   6..10  16      {-2: 4, -1: 12, 1: 12, 2: 4}  0  False     O1725  
  O1637   2418   6..10  16      {-2: 4, -1: 12, 1: 12, 2: 4}  0  False     O1715  
  O1638   2419   6..10  16      {-3: 2, -2: 8, -1: 6, 1: 6, 2: 8, 3: 2}  0  False     O1733  
  O1639   2420   6..10  16      {-2: 8, -1: 8, 1: 8, 2: 8}    0  False     O1639  
  O1640   2422   6..10  16      {-3: 2, -2: 8, -1: 6, 1: 6, 2: 8, 3: 2}  0  False     O1729  
  O1641   2424   6..10  16      {-2: 8, -1: 8, 1: 8, 2: 8}    0  False     O1740  
  O1642   2425   6..10  16      {-3: 2, -2: 8, -1: 6, 1: 6, 2: 8, 3: 2}  0  False     O1614  
  O1643   2426   6..10  16      {-3: 2, -2: 8, -1: 6, 1: 6, 2: 8, 3: 2}  0  False     O1707  
  O1648   2443   6..10  16      {-2: 8, -1: 8, 1: 8, 2: 8}    0  False     O1759  
  O1650   2445   6..10  16      {-2: 8, -1: 8, 1: 8, 2: 8}    0  False     O1915  
  O1651   2446   6..10  16      {-3: 2, -2: 8, -1: 6, 1: 6, 2: 8, 3: 2}  0  False     O1917  
  O1654   2451   6..10  16      {-2: 4, -1: 12, 1: 12, 2: 4}  0  False     O1908  
  O1655   2454   6..10  16      {-2: 4, -1: 12, 1: 12, 2: 4}  0  False     O1906  
  O1657   2457   6..10  16      {-2: 4, -1: 12, 1: 12, 2: 4}  0  False     O1907  
  O1658   2458   6..10  16      {-2: 4, -1: 12, 1: 12, 2: 4}  0  False     O1905  
  O1659   2459   6..10  16      {-3: 4, -2: 4, -1: 8, 1: 8, 2: 4, 3: 4}  0  False     O1863  
  O1660   2460   6..10  16      {-2: 8, -1: 8, 1: 8, 2: 8}    0  False     O1910  
  O1661   2461   6..10  16      {-3: 4, -2: 4, -1: 8, 1: 8, 2: 4, 3: 4}  0  False     O1904  
  O1662   2462   6..10  16      {-3: 6, -2: 4, -1: 6, 1: 6, 2: 4, 3: 6}  0  False     O1850  
  O1664   2467   6..10  16      {-2: 4, -1: 12, 1: 12, 2: 4}  0  False     O1897  
  O1665   2470   6..10  16      {-2: 4, -1: 12, 1: 12, 2: 4}  0  False     O1895  
  O1666   2471   6..10  16      {-3: 2, -2: 8, -1: 6, 1: 6, 2: 8, 3: 2}  0  False     O1574  
  O1667   2473   6..10  16      {-3: 2, -2: 8, -1: 6, 1: 6, 2: 8, 3: 2}  0  False     O1852  
  O1668   2476   6..10  16      {-2: 8, -1: 8, 1: 8, 2: 8}    0  False     O1668  
  O1669   2478   6..10  16      {-3: 2, -2: 8, -1: 6, 1: 6, 2: 8, 3: 2}  0  False     O1890  
  O1670   2481   6..10  16      {-2: 4, -1: 12, 1: 12, 2: 4}  0  False     O1896  
  O1671   2482   6..10  16      {-2: 4, -1: 12, 1: 12, 2: 4}  0  False     O1893  
  O1672   2483   6..10  16      {-3: 2, -2: 4, -1: 10, 1: 10, 2: 4, 3: 2}  0  False     O1892  
  O1673   2486   6..10  16      {-3: 2, -2: 4, -1: 10, 1: 10, 2: 4, 3: 2}  0  False     O1870  
  O1674   2488   6..10  16      {-2: 8, -1: 8, 1: 8, 2: 8}    0  False     O1769  
  O1675   2489   6..10  16      {-3: 2, -2: 4, -1: 10, 1: 10, 2: 4, 3: 2}  0  False     O1891  
  O1676   2490   6..10  16      {-3: 2, -2: 4, -1: 10, 1: 10, 2: 4, 3: 2}  0  False     O1695  
  O1677   2492   6..10  16      {-3: 2, -2: 8, -1: 6, 1: 6, 2: 8, 3: 2}  0  False     O1889  
  O1682   2501   6..10  16      {-2: 12, -1: 4, 1: 4, 2: 12}  0  False     O1913  
  O1683   2502   6..10  16      {-3: 4, -2: 8, -1: 4, 1: 4, 2: 8, 3: 4}  0  False     O1914  
  O1684   2505   6..10  16      {-2: 8, -1: 8, 1: 8, 2: 8}    0  False     O1902  
  O1685   2506   6..10  16      {-2: 8, -1: 8, 1: 8, 2: 8}    0  False     O1781  
  O1686   2507   6..10  15      {-3: 4, -2: 4, -1: 8, 1: 8, 2: 4, 3: 4}  0  False     O1686  
  O1687   2508   6..10  16      {-3: 2, -2: 8, -1: 6, 1: 6, 2: 8, 3: 2}  0  False     O1903  
  O1688   2509   6..10  16      {-3: 4, -2: 4, -1: 8, 1: 8, 2: 4, 3: 4}  0  False     O1900  
  O1689   2510   6..10  16      {-3: 6, -2: 4, -1: 6, 1: 6, 2: 4, 3: 6}  0  False     O1901  
  O1690   2513   6..10  16      {-2: 8, -1: 8, 1: 8, 2: 8}    0  False     O1888  
  O1691   2514   6..10  16      {-2: 8, -1: 8, 1: 8, 2: 8}    0  False     O1691  
  O1692   2515   6..10  16      {-3: 2, -2: 4, -1: 10, 1: 10, 2: 4, 3: 2}  0  False     O1886  
  O1693   2518   6..10  16      {-3: 2, -2: 4, -1: 10, 1: 10, 2: 4, 3: 2}  0  False     O1857  
  O1694   2521   6..10  16      {-3: 2, -2: 4, -1: 10, 1: 10, 2: 4, 3: 2}  0  False     O1885  
  O1695   2522   6..10  16      {-3: 2, -2: 4, -1: 10, 1: 10, 2: 4, 3: 2}  0  False     O1676  
  O1696   2524   6..10  16      {-3: 2, -2: 8, -1: 6, 1: 6, 2: 8, 3: 2}  0  False     O1887  
  O1703   2533   6..10  16      {-3: 4, -2: 8, -1: 4, 1: 4, 2: 8, 3: 4}  0  False     O1792  
  O1704   2534   6..10  15      {-3: 8, -2: 4, -1: 4, 1: 4, 2: 4, 3: 8}  0  False     O1704  
  O1706   2537   6..10  16      {-3: 2, -2: 8, -1: 6, 1: 6, 2: 8, 3: 2}  0  False     O1793  
  O1707   2538   6..10  16      {-3: 2, -2: 8, -1: 6, 1: 6, 2: 8, 3: 2}  0  False     O1643  
  O1708   2540   6..10  14      {-3: 4, -2: 8, -1: 4, 1: 4, 2: 8, 3: 4}  0  False     O1708  
  O1712   2589   6..10  16      {-2: 8, -1: 8, 1: 8, 2: 8}    0  False     O1737  
  O1715   2611   6..10  16      {-2: 4, -1: 12, 1: 12, 2: 4}  0  False     O1637  
  O1716   2613   6..10  16      {-2: 8, -1: 8, 1: 8, 2: 8}    0  False     O1564  
  O1717   2614   6..10  16      {-2: 4, -1: 12, 1: 12, 2: 4}  0  False     O1622  
  O1719   2617   6..10  16      {-2: 4, -1: 12, 1: 12, 2: 4}  0  False     O1735  
  O1720   2618   6..10  15      {-2: 4, -1: 12, 1: 12, 2: 4}  0  False     O1720  
  O1721   2620   6..10  16      {-2: 8, -1: 8, 1: 8, 2: 8}    0  False     O1742  
  O1722   2621   6..10  16      {-2: 12, -1: 4, 1: 4, 2: 12}  0  False     O1565  
  O1725   2659   6..10  16      {-2: 4, -1: 12, 1: 12, 2: 4}  0  False     O1636  
  O1727   2661   6..10  16      {-2: 8, -1: 8, 1: 8, 2: 8}    0  False     O1563  
  O1728   2662   6..10  16      {-2: 4, -1: 12, 1: 12, 2: 4}  0  False     O1621  
  O1729   2663   6..10  16      {-3: 2, -2: 8, -1: 6, 1: 6, 2: 8, 3: 2}  0  False     O1640  
  O1730   2665   6..10  16      {-3: 2, -2: 8, -1: 6, 1: 6, 2: 8, 3: 2}  0  False     O1556  
  O1731   2668   6..10  16      {-2: 8, -1: 8, 1: 8, 2: 8}    0  False     O1613  
  O1732   2669   6..10  16      {-3: 4, -2: 8, -1: 4, 1: 4, 2: 8, 3: 4}  0  False     O1623  
  O1733   2670   6..10  16      {-3: 2, -2: 8, -1: 6, 1: 6, 2: 8, 3: 2}  0  False     O1638  
  O1734   2673   6..10  15      {-2: 4, -1: 12, 1: 12, 2: 4}  0  False     O1734  
  O1735   2674   6..10  16      {-2: 4, -1: 12, 1: 12, 2: 4}  0  False     O1719  
  O1736   2675   6..10  16      {-2: 8, -1: 8, 1: 8, 2: 8}    0  False     O1739  
  O1737   2676   6..10  16      {-2: 8, -1: 8, 1: 8, 2: 8}    0  False     O1712  
  O1738   2677   6..10  16      {-2: 12, -1: 4, 1: 4, 2: 12}  0  False     O1595  
  O1739   2678   6..10  16      {-2: 8, -1: 8, 1: 8, 2: 8}    0  False     O1736  
  O1740   2680   6..10  16      {-2: 8, -1: 8, 1: 8, 2: 8}    0  False     O1641  
  O1741   2681   6..10  16      {-2: 8, -1: 8, 1: 8, 2: 8}    0  False     O1624  
  O1742   2682   6..10  16      {-2: 8, -1: 8, 1: 8, 2: 8}    0  False     O1721  
  O1744   2829   6..10  15      {-2: 8, -1: 8, 1: 8, 2: 8}    0  False     O1744  
  O1747   2835   6..10  16      {-2: 4, -1: 12, 1: 12, 2: 4}  0  False     O1786  
  O1748   2838   6..10  16      {-2: 4, -1: 12, 1: 12, 2: 4}  0  False     O1783  
  O1750   2841   6..10  16      {-2: 4, -1: 12, 1: 12, 2: 4}  0  False     O1785  
  O1751   2842   6..10  16      {-2: 4, -1: 12, 1: 12, 2: 4}  0  False     O1782  
  O1752   2844   6..10  16      {-2: 8, -1: 8, 1: 8, 2: 8}    0  False     O1788  
  O1753   2845   6..10  16      {-2: 8, -1: 8, 1: 8, 2: 8}    0  False     O1780  
  O1754   2846   6..10  16      {-3: 2, -2: 8, -1: 6, 1: 6, 2: 8, 3: 2}  0  False     O1784  
  O1757   2851   6..10  16      {-2: 4, -1: 12, 1: 12, 2: 4}  0  False     O1771  
  O1758   2854   6..10  16      {-2: 4, -1: 12, 1: 12, 2: 4}  0  False     O1768  
  O1759   2855   6..10  16      {-2: 8, -1: 8, 1: 8, 2: 8}    0  False     O1648  
  O1760   2857   6..10  16      {-3: 2, -2: 8, -1: 6, 1: 6, 2: 8, 3: 2}  0  False     O1762  
  O1761   2860   6..10  16      {-2: 8, -1: 8, 1: 8, 2: 8}    0  False     O1763  
  O1762   2861   6..10  16      {-3: 2, -2: 8, -1: 6, 1: 6, 2: 8, 3: 2}  0  False     O1760  
  O1763   2862   6..10  16      {-2: 8, -1: 8, 1: 8, 2: 8}    0  False     O1761  
  O1764   2865   6..10  16      {-2: 4, -1: 12, 1: 12, 2: 4}  0  False     O1770  
  O1765   2866   6..10  16      {-2: 4, -1: 12, 1: 12, 2: 4}  0  False     O1766  
  O1766   2867   6..10  16      {-2: 4, -1: 12, 1: 12, 2: 4}  0  False     O1765  
  O1767   2869   6..10  16      {-2: 8, -1: 8, 1: 8, 2: 8}    0  False     O1584  
  O1768   2870   6..10  16      {-2: 4, -1: 12, 1: 12, 2: 4}  0  False     O1758  
  O1769   2872   6..10  16      {-2: 8, -1: 8, 1: 8, 2: 8}    0  False     O1674  
  O1770   2873   6..10  16      {-2: 4, -1: 12, 1: 12, 2: 4}  0  False     O1764  
  O1771   2874   6..10  16      {-2: 4, -1: 12, 1: 12, 2: 4}  0  False     O1757  
  O1774   2949   6..10  16      {-2: 12, -1: 4, 1: 4, 2: 12}  0  False     O1774  
  O1775   2953   6..10  16      {-2: 8, -1: 8, 1: 8, 2: 8}    0  False     O1778  
  O1776   2954   6..10  16      {-2: 8, -1: 8, 1: 8, 2: 8}    0  False     O1776  
  O1777   2956   6..10  16      {-3: 2, -2: 8, -1: 6, 1: 6, 2: 8, 3: 2}  0  False     O1779  
  O1778   2957   6..10  16      {-2: 8, -1: 8, 1: 8, 2: 8}    0  False     O1775  
  O1779   2958   6..10  16      {-3: 2, -2: 8, -1: 6, 1: 6, 2: 8, 3: 2}  0  False     O1777  
  O1780   2961   6..10  16      {-2: 8, -1: 8, 1: 8, 2: 8}    0  False     O1753  
  O1781   2962   6..10  16      {-2: 8, -1: 8, 1: 8, 2: 8}    0  False     O1685  
  O1782   2963   6..10  16      {-2: 4, -1: 12, 1: 12, 2: 4}  0  False     O1751  
  O1783   2966   6..10  16      {-2: 4, -1: 12, 1: 12, 2: 4}  0  False     O1748  
  O1784   2968   6..10  16      {-3: 2, -2: 8, -1: 6, 1: 6, 2: 8, 3: 2}  0  False     O1754  
  O1785   2969   6..10  16      {-2: 4, -1: 12, 1: 12, 2: 4}  0  False     O1750  
  O1786   2970   6..10  16      {-2: 4, -1: 12, 1: 12, 2: 4}  0  False     O1747  
  O1788   2972   6..10  16      {-2: 8, -1: 8, 1: 8, 2: 8}    0  False     O1752  
  O1792   3014   6..10  16      {-3: 4, -2: 8, -1: 4, 1: 4, 2: 8, 3: 4}  0  False     O1703  
  O1793   3020   6..10  16      {-3: 2, -2: 8, -1: 6, 1: 6, 2: 8, 3: 2}  0  False     O1706  
  O1817   3149   6..10  16      {-3: 4, -2: 8, -1: 4, 1: 4, 2: 8, 3: 4}  0  False     O1955  
  O1818   3150   6..10  16      {-3: 6, -2: 8, -1: 2, 1: 2, 2: 8, 3: 6}  0  False     O1956  
  O1820   3161   6..10  16      {-3: 2, -2: 8, -1: 6, 1: 6, 2: 8, 3: 2}  0  False     O1948  
  O1821   3164   6..10  16      {-3: 2, -2: 12, -1: 2, 1: 2, 2: 12, 3: 2}  0  False     O1949  
  O1827   3173   6..10  16      {-3: 6, -2: 8, -1: 2, 1: 2, 2: 8, 3: 6}  0  False     O1953  
  O1828   3174   6..10  16      {-3: 10, -2: 4, -1: 2, 1: 2, 2: 4, 3: 10}  0  False     O1954  
  O1830   3177   6..10  16      {-3: 4, -2: 8, -1: 4, 1: 4, 2: 8, 3: 4}  0  False     O1945  
  O1831   3180   6..10  16      {-3: 6, -2: 8, -1: 2, 1: 2, 2: 8, 3: 6}  0  False     O1946  
  O1841   3213   6..10  16      {-3: 2, -2: 8, -1: 6, 1: 6, 2: 8, 3: 2}  0  False     O1879  
  O1842   3214   6..10  16      {-3: 4, -2: 8, -1: 4, 1: 4, 2: 8, 3: 4}  0  False     O1880  
  O1844   3222   6..10  16      {-3: 2, -2: 4, -1: 10, 1: 10, 2: 4, 3: 2}  0  False     O1851  
  O1845   3225   6..10  16      {-3: 2, -2: 4, -1: 10, 1: 10, 2: 4, 3: 2}  0  False     O1869  
  O1846   3226   6..10  16      {-3: 2, -2: 4, -1: 10, 1: 10, 2: 4, 3: 2}  0  False     O1868  
  O1847   3227   6..10  15      {-3: 4, -2: 4, -1: 8, 1: 8, 2: 4, 3: 4}  0  False     O1847  
  O1848   3228   6..10  16      {-3: 2, -2: 8, -1: 6, 1: 6, 2: 8, 3: 2}  0  False     O1871  
  O1849   3229   6..10  16      {-3: 4, -2: 4, -1: 8, 1: 8, 2: 4, 3: 4}  0  False     O1867  
  O1850   3230   6..10  16      {-3: 6, -2: 4, -1: 6, 1: 6, 2: 4, 3: 6}  0  False     O1662  
  O1851   3238   6..10  16      {-3: 2, -2: 4, -1: 10, 1: 10, 2: 4, 3: 2}  0  False     O1844  
  O1852   3244   6..10  16      {-3: 2, -2: 8, -1: 6, 1: 6, 2: 8, 3: 2}  0  False     O1667  
  O1853   3249   6..10  16      {-3: 2, -2: 4, -1: 10, 1: 10, 2: 4, 3: 2}  0  False     O1856  
  O1854   3250   6..10  16      {-3: 2, -2: 4, -1: 10, 1: 10, 2: 4, 3: 2}  0  False     O1855  
  O1855   3251   6..10  16      {-3: 2, -2: 4, -1: 10, 1: 10, 2: 4, 3: 2}  0  False     O1854  
  O1856   3257   6..10  16      {-3: 2, -2: 4, -1: 10, 1: 10, 2: 4, 3: 2}  0  False     O1853  
  O1857   3258   6..10  16      {-3: 2, -2: 4, -1: 10, 1: 10, 2: 4, 3: 2}  0  False     O1693  
  O1860   3269   6..10  16      {-3: 4, -2: 8, -1: 4, 1: 4, 2: 8, 3: 4}  0  False     O1877  
  O1861   3270   6..10  16      {-3: 8, -2: 4, -1: 4, 1: 4, 2: 4, 3: 8}  0  False     O1878  
  O1862   3273   6..10  16      {-3: 4, -2: 4, -1: 8, 1: 8, 2: 4, 3: 4}  0  False     O1865  
  O1863   3275   6..10  16      {-3: 4, -2: 4, -1: 8, 1: 8, 2: 4, 3: 4}  0  False     O1659  
  O1864   3276   6..10  16      {-3: 6, -2: 4, -1: 6, 1: 6, 2: 4, 3: 6}  0  False     O1866  
  O1865   3277   6..10  16      {-3: 4, -2: 4, -1: 8, 1: 8, 2: 4, 3: 4}  0  False     O1862  
  O1866   3278   6..10  16      {-3: 6, -2: 4, -1: 6, 1: 6, 2: 4, 3: 6}  0  False     O1864  
  O1867   3281   6..10  16      {-3: 4, -2: 4, -1: 8, 1: 8, 2: 4, 3: 4}  0  False     O1849  
  O1868   3283   6..10  16      {-3: 2, -2: 4, -1: 10, 1: 10, 2: 4, 3: 2}  0  False     O1846  
  O1869   3289   6..10  16      {-3: 2, -2: 4, -1: 10, 1: 10, 2: 4, 3: 2}  0  False     O1845  
  O1870   3290   6..10  16      {-3: 2, -2: 4, -1: 10, 1: 10, 2: 4, 3: 2}  0  False     O1673  
  O1871   3292   6..10  16      {-3: 2, -2: 8, -1: 6, 1: 6, 2: 8, 3: 2}  0  False     O1848  
  O1877   3301   6..10  16      {-3: 4, -2: 8, -1: 4, 1: 4, 2: 8, 3: 4}  0  False     O1860  
  O1878   3302   6..10  16      {-3: 8, -2: 4, -1: 4, 1: 4, 2: 4, 3: 8}  0  False     O1861  
  O1879   3305   6..10  16      {-3: 2, -2: 8, -1: 6, 1: 6, 2: 8, 3: 2}  0  False     O1841  
  O1880   3308   6..10  16      {-3: 4, -2: 8, -1: 4, 1: 4, 2: 8, 3: 4}  0  False     O1842  
  O1885   3353   6..10  16      {-3: 2, -2: 4, -1: 10, 1: 10, 2: 4, 3: 2}  0  False     O1694  
  O1886   3354   6..10  16      {-3: 2, -2: 4, -1: 10, 1: 10, 2: 4, 3: 2}  0  False     O1692  
  O1887   3356   6..10  16      {-3: 2, -2: 8, -1: 6, 1: 6, 2: 8, 3: 2}  0  False     O1696  
  O1888   3357   6..10  16      {-2: 8, -1: 8, 1: 8, 2: 8}    0  False     O1690  
  O1889   3358   6..10  16      {-3: 2, -2: 8, -1: 6, 1: 6, 2: 8, 3: 2}  0  False     O1677  
  O1890   3372   6..10  16      {-3: 2, -2: 8, -1: 6, 1: 6, 2: 8, 3: 2}  0  False     O1669  
  O1891   3377   6..10  16      {-3: 2, -2: 4, -1: 10, 1: 10, 2: 4, 3: 2}  0  False     O1675  
  O1892   3378   6..10  16      {-3: 2, -2: 4, -1: 10, 1: 10, 2: 4, 3: 2}  0  False     O1672  
  O1893   3379   6..10  16      {-2: 4, -1: 12, 1: 12, 2: 4}  0  False     O1671  
  O1894   3381   6..10  16      {-2: 8, -1: 8, 1: 8, 2: 8}    0  False     O1581  
  O1895   3382   6..10  16      {-2: 4, -1: 12, 1: 12, 2: 4}  0  False     O1665  
  O1896   3385   6..10  16      {-2: 4, -1: 12, 1: 12, 2: 4}  0  False     O1670  
  O1897   3386   6..10  16      {-2: 4, -1: 12, 1: 12, 2: 4}  0  False     O1664  
  O1900   3465   6..10  16      {-3: 4, -2: 4, -1: 8, 1: 8, 2: 4, 3: 4}  0  False     O1688  
  O1901   3468   6..10  16      {-3: 6, -2: 4, -1: 6, 1: 6, 2: 4, 3: 6}  0  False     O1689  
  O1902   3469   6..10  16      {-2: 8, -1: 8, 1: 8, 2: 8}    0  False     O1684  
  O1903   3470   6..10  16      {-3: 2, -2: 8, -1: 6, 1: 6, 2: 8, 3: 2}  0  False     O1687  
  O1904   3473   6..10  16      {-3: 4, -2: 4, -1: 8, 1: 8, 2: 4, 3: 4}  0  False     O1661  
  O1905   3475   6..10  16      {-2: 4, -1: 12, 1: 12, 2: 4}  0  False     O1658  
  O1906   3478   6..10  16      {-2: 4, -1: 12, 1: 12, 2: 4}  0  False     O1655  
  O1907   3481   6..10  16      {-2: 4, -1: 12, 1: 12, 2: 4}  0  False     O1657  
  O1908   3482   6..10  16      {-2: 4, -1: 12, 1: 12, 2: 4}  0  False     O1654  
  O1910   3484   6..10  16      {-2: 8, -1: 8, 1: 8, 2: 8}    0  False     O1660  
  O1913   3525   6..10  16      {-2: 12, -1: 4, 1: 4, 2: 12}  0  False     O1682  
  O1914   3526   6..10  16      {-3: 4, -2: 8, -1: 4, 1: 4, 2: 8, 3: 4}  0  False     O1683  
  O1915   3529   6..10  16      {-2: 8, -1: 8, 1: 8, 2: 8}    0  False     O1650  
  O1917   3532   6..10  16      {-3: 2, -2: 8, -1: 6, 1: 6, 2: 8, 3: 2}  0  False     O1651  
  O1945   3661   6..10  16      {-3: 4, -2: 8, -1: 4, 1: 4, 2: 8, 3: 4}  0  False     O1830  
  O1946   3662   6..10  16      {-3: 6, -2: 8, -1: 2, 1: 2, 2: 8, 3: 6}  0  False     O1831  
  O1948   3673   6..10  16      {-3: 2, -2: 8, -1: 6, 1: 6, 2: 8, 3: 2}  0  False     O1820  
  O1949   3676   6..10  16      {-3: 2, -2: 12, -1: 2, 1: 2, 2: 12, 3: 2}  0  False     O1821  
  O1953   3685   6..10  16      {-3: 6, -2: 8, -1: 2, 1: 2, 2: 8, 3: 6}  0  False     O1827  
  O1954   3686   6..10  16      {-3: 10, -2: 4, -1: 2, 1: 2, 2: 4, 3: 10}  0  False     O1828  
  O1955   3689   6..10  16      {-3: 4, -2: 8, -1: 4, 1: 4, 2: 8, 3: 4}  0  False     O1817  
  O1956   3692   6..10  16      {-3: 6, -2: 8, -1: 2, 1: 2, 2: 8, 3: 6}  0  False     O1818  
  O1963   3725   6..10  16      {-2: 12, -1: 4, 1: 4, 2: 12}  0  False     O1594  
  O1964   3726   6..10  16      {-3: 2, -2: 12, -1: 2, 1: 2, 2: 12, 3: 2}  0  False     O1596  
  O1966   3737   6..10  16      {-2: 8, -1: 8, 1: 8, 2: 8}    0  False     O1583  
  O1967   3738   6..10  16      {-2: 8, -1: 8, 1: 8, 2: 8}    0  False     O1580  
  O1968   3740   6..10  16      {-2: 12, -1: 4, 1: 4, 2: 12}  0  False     O1585  
  O1970   3781   6..10  16      {-3: 2, -2: 12, -1: 2, 1: 2, 2: 12, 3: 2}  0  False     O1591  
  O1971   3782   6..10  16      {-3: 6, -2: 8, -1: 2, 1: 2, 2: 8, 3: 6}  0  False     O1592  
  O1972   3785   6..10  16      {-3: 2, -2: 8, -1: 6, 1: 6, 2: 8, 3: 2}  0  False     O1576  
  O1973   3788   6..10  16      {-3: 4, -2: 8, -1: 4, 1: 4, 2: 8, 3: 4}  0  False     O1577  
  O1982   4493   6..10  15      {-2: 8, -1: 8, 1: 8, 2: 8}    0  False     O1982  
  O1983   4494   6..10  16      {-3: 2, -2: 8, -1: 6, 1: 6, 2: 8, 3: 2}  0  False     O2016  
  O1985   4499   6..10  16      {-2: 4, -1: 12, 1: 12, 2: 4}  0  False     O1992  
  O1986   4502   6..10  16      {-2: 4, -1: 12, 1: 12, 2: 4}  0  False     O1986  
  O1987   4505   6..10  16      {-2: 4, -1: 12, 1: 12, 2: 4}  0  False     O2009  
  O1988   4506   6..10  16      {-2: 4, -1: 12, 1: 12, 2: 4}  0  False     O2005  
  O1989   4508   6..10  16      {-2: 8, -1: 8, 1: 8, 2: 8}    0  False     O2008  
  O1990   4509   6..10  16      {-3: 2, -2: 4, -1: 10, 1: 10, 2: 4, 3: 2}  0  False     O2017  
  O1991   4515   6..10  16      {-2: 4, -1: 12, 1: 12, 2: 4}  0  False     O1991  
  O1992   4518   6..10  16      {-2: 4, -1: 12, 1: 12, 2: 4}  0  False     O1985  
  O1993   4529   6..10  16      {-2: 4, -1: 12, 1: 12, 2: 4}  0  False     O2003  
  O1994   4530   6..10  16      {-2: 4, -1: 12, 1: 12, 2: 4}  0  False     O1995  
  O1995   4537   6..10  16      {-2: 4, -1: 12, 1: 12, 2: 4}  0  False     O1994  
  O1996   4549   6..10  15      {-2: 12, -1: 4, 1: 4, 2: 12}  0  False     O1996  
  O1997   4550   6..10  16      {-3: 4, -2: 8, -1: 4, 1: 4, 2: 8, 3: 4}  0  False     O2029  
  O1998   4553   6..10  16      {-2: 8, -1: 8, 1: 8, 2: 8}    0  False     O2025  
  O1999   4556   6..10  16      {-3: 2, -2: 8, -1: 6, 1: 6, 2: 8, 3: 2}  0  False     O2034  
  O2000   4557   6..10  16      {-3: 2, -2: 4, -1: 10, 1: 10, 2: 4, 3: 2}  0  False     O2024  
  O2001   4558   6..10  14      {-3: 4, -2: 4, -1: 8, 1: 8, 2: 4, 3: 4}  0  False     O2001  
  O2002   4561   6..10  16      {-2: 8, -1: 8, 1: 8, 2: 8}    0  False     O2002  
  O2003   4569   6..10  16      {-2: 4, -1: 12, 1: 12, 2: 4}  0  False     O1993  
  O2005   4886   6..10  16      {-2: 4, -1: 12, 1: 12, 2: 4}  0  False     O1988  
  O2006   4889   6..10  16      {-2: 4, -1: 12, 1: 12, 2: 4}  0  False     O2011  
  O2007   4890   6..10  15      {-2: 4, -1: 12, 1: 12, 2: 4}  0  False     O2007  
  O2008   4892   6..10  16      {-2: 8, -1: 8, 1: 8, 2: 8}    0  False     O1989  
  O2009   4902   6..10  16      {-2: 4, -1: 12, 1: 12, 2: 4}  0  False     O1987  
  O2010   4913   6..10  16      {-2: 4, -1: 12, 1: 12, 2: 4}  0  False     O2010  
  O2011   4914   6..10  16      {-2: 4, -1: 12, 1: 12, 2: 4}  0  False     O2006  
  O2012   4915   7..9   16      {-1: 16, 1: 16}               1  True      O2013  (e1 -> -e1) (e2 -> -e3 -> e2) (e4 -> -e5 -> e4) (e6 -> -e7 -> e6) (e8 -> -e9 -> e8) (e10 -> -e11 -> e10) (e12 -> -e13 -> e12) (e14 -> -e15 -> e14)
  O2013   4918   7..9   16      {-1: 16, 1: 16}               1  True      O2012  (e1 -> -e1) (e2 -> -e3 -> e2) (e4 -> -e5 -> e4) (e6 -> -e7 -> e6) (e8 -> -e9 -> e8) (e10 -> -e11 -> e10) (e12 -> -e13 -> e12) (e14 -> -e15 -> e14)
  O2014   4921   7..9   16      {-1: 16, 1: 16}               1  True      O2019  (e1 -> -e1) (e2 -> -e3 -> e2) (e4 -> -e5 -> e4) (e6 -> -e7 -> e6) (e8 -> -e9 -> e8) (e10 -> -e11 -> e10) (e12 -> -e13 -> e12) (e14 -> -e15 -> e14)
  O2015   4922   7..9   16      {-1: 16, 1: 16}               1  True      O2018  (e1 -> -e1) (e2 -> -e3 -> e2) (e4 -> -e5 -> e4) (e6 -> -e7 -> e6) (e8 -> -e9 -> e8) (e10 -> -e11 -> e10) (e12 -> -e13 -> e12) (e14 -> -e15 -> e14)
  O2016   4940   6..10  16      {-3: 2, -2: 8, -1: 6, 1: 6, 2: 8, 3: 2}  0  False     O1983  
  O2017   4941   6..10  16      {-3: 2, -2: 4, -1: 10, 1: 10, 2: 4, 3: 2}  0  False     O1990  
  O2018   4963   7..9   16      {-1: 16, 1: 16}               1  True      O2015  (e1 -> -e1) (e2 -> -e3 -> e2) (e4 -> -e5 -> e4) (e6 -> -e7 -> e6) (e8 -> -e9 -> e8) (e10 -> -e11 -> e10) (e12 -> -e13 -> e12) (e14 -> -e15 -> e14)
  O2019   4966   7..9   16      {-1: 16, 1: 16}               1  True      O2014  (e1 -> -e1) (e2 -> -e3 -> e2) (e4 -> -e5 -> e4) (e6 -> -e7 -> e6) (e8 -> -e9 -> e8) (e10 -> -e11 -> e10) (e12 -> -e13 -> e12) (e14 -> -e15 -> e14)
  O2020   4977   7..9   16      {-1: 16, 1: 16}               1  True      O2020  (e1 -> -e1) (e2 -> -e3 -> e2) (e4 -> -e5 -> e4) (e6 -> -e7 -> e6) (e8 -> -e9 -> e8) (e10 -> -e11 -> e10) (e12 -> -e13 -> e12) (e14 -> -e15 -> e14)
  O2021   4979   6..10  16      {-3: 4, -2: 8, -1: 4, 1: 4, 2: 8, 3: 4}  0  False     O2021  
  O2022   5001   6..10  15      {-2: 8, -1: 8, 1: 8, 2: 8}    0  False     O2022  
  O2023   5004   6..10  16      {-3: 2, -2: 8, -1: 6, 1: 6, 2: 8, 3: 2}  0  False     O2033  
  O2024   5006   6..10  16      {-3: 2, -2: 4, -1: 10, 1: 10, 2: 4, 3: 2}  0  False     O2000  
  O2025   5009   6..10  16      {-2: 8, -1: 8, 1: 8, 2: 8}    0  False     O1998  
  O2026   5011   7..9   16      {-1: 16, 1: 16}               1  True      O2026  (e1 -> -e1) (e2 -> -e3 -> e2) (e4 -> -e5 -> e4) (e6 -> -e7 -> e6) (e8 -> -e9 -> e8) (e10 -> -e11 -> e10) (e12 -> -e13 -> e12) (e14 -> -e15 -> e14)
  O2027   5014   7..9   16      {-1: 16, 1: 16}               1  True      O2031  (e1 -> -e1) (e2 -> -e3 -> e2) (e4 -> -e5 -> e4) (e6 -> -e7 -> e6) (e8 -> -e9 -> e8) (e10 -> -e11 -> e10) (e12 -> -e13 -> e12) (e14 -> -e15 -> e14)
  O2028   5017   7..9   16      {-1: 16, 1: 16}               1  True      O2028  (e1 -> -e1) (e2 -> -e3 -> e2) (e4 -> -e5 -> e4) (e6 -> -e7 -> e6) (e8 -> -e9 -> e8) (e10 -> -e11 -> e10) (e12 -> -e13 -> e12) (e14 -> -e15 -> e14)
  O2029   5021   6..10  16      {-3: 4, -2: 8, -1: 4, 1: 4, 2: 8, 3: 4}  0  False     O1997  
  O2030   5027   7..9   16      {-1: 16, 1: 16}               1  True      O2030  (e1 -> -e1) (e2 -> -e3 -> e2) (e4 -> -e5 -> e4) (e6 -> -e7 -> e6) (e8 -> -e9 -> e8) (e10 -> -e11 -> e10) (e12 -> -e13 -> e12) (e14 -> -e15 -> e14)
  O2031   5030   7..9   16      {-1: 16, 1: 16}               1  True      O2027  (e1 -> -e1) (e2 -> -e3 -> e2) (e4 -> -e5 -> e4) (e6 -> -e7 -> e6) (e8 -> -e9 -> e8) (e10 -> -e11 -> e10) (e12 -> -e13 -> e12) (e14 -> -e15 -> e14)
  O2032   5042   7..9   16      {-1: 16, 1: 16}               1  True      O2032  (e1 -> -e1) (e2 -> -e3 -> e2) (e4 -> -e5 -> e4) (e6 -> -e7 -> e6) (e8 -> -e9 -> e8) (e10 -> -e11 -> e10) (e12 -> -e13 -> e12) (e14 -> -e15 -> e14)
  O2033   5043   6..10  16      {-3: 2, -2: 8, -1: 6, 1: 6, 2: 8, 3: 2}  0  False     O2023  
  O2034   5049   6..10  16      {-3: 2, -2: 8, -1: 6, 1: 6, 2: 8, 3: 2}  0  False     O1999  
  O2036   6297   6..10  16      {-3: 2, -2: 4, -1: 10, 1: 10, 2: 4, 3: 2}  0  False     O2040  
  O2037   6342   6..10  16      {-3: 8, -2: 4, -1: 4, 1: 4, 2: 4, 3: 8}  0  False     O2037  
  O2038   6345   6..10  16      {-3: 4, -2: 4, -1: 8, 1: 8, 2: 4, 3: 4}  0  False     O2041  
  O2039   6348   6..10  16      {-3: 6, -2: 4, -1: 6, 1: 6, 2: 4, 3: 6}  0  False     O2042  
  O2040   6349   6..10  16      {-3: 2, -2: 4, -1: 10, 1: 10, 2: 4, 3: 2}  0  False     O2036  
  O2041   6350   6..10  16      {-3: 4, -2: 4, -1: 8, 1: 8, 2: 4, 3: 4}  0  False     O2038  
  O2042   6374   6..10  16      {-3: 6, -2: 4, -1: 6, 1: 6, 2: 4, 3: 6}  0  False     O2039  
  O2043   6425   6..10  16      {-3: 2, -2: 4, -1: 10, 1: 10, 2: 4, 3: 2}  0  False     O2044  
  O2044   6449   6..10  16      {-3: 2, -2: 4, -1: 10, 1: 10, 2: 4, 3: 2}  0  False     O2043  
  O2045   6451   7..9   16      {-1: 16, 1: 16}               1  True      O2045  (e1 -> -e1) (e2 -> -e3 -> e2) (e4 -> -e5 -> e4) (e6 -> -e7 -> e6) (e8 -> -e9 -> e8) (e10 -> -e11 -> e10) (e12 -> -e13 -> e12) (e14 -> -e15 -> e14)
  O2046   6454   7..9   16      {-1: 16, 1: 16}               1  True      O2046  (e1 -> -e1) (e2 -> -e3 -> e2) (e4 -> -e5 -> e4) (e6 -> -e7 -> e6) (e8 -> -e9 -> e8) (e10 -> -e11 -> e10) (e12 -> -e13 -> e12) (e14 -> -e15 -> e14)
  O2047   6537   6..10  16      {-3: 4, -2: 4, -1: 8, 1: 8, 2: 4, 3: 4}  0  False     O2047  
  O2048   6553   7..9   16      {-1: 16, 1: 16}               1  True      O2048  (e1 -> -e1) (e2 -> -e3 -> e2) (e4 -> -e5 -> e4) (e6 -> -e7 -> e6) (e8 -> -e9 -> e8) (e10 -> -e11 -> e10) (e12 -> -e13 -> e12) (e14 -> -e15 -> e14)
  (only the carrying orbits, the orbits with ranks >= 6 throughout, and O1..O3 are printed; all 2048 are in the witnesses file)
[FAIL] BE4: REGISTERED GUESS: exactly two orbits carry the half-turn as a Weyl element, both by the same w = -(e2 e3)(e4 e5)...(e14 e15) with e16 fixed; each is preserved by -1; carrying <=> ranks in {7,8,9} <=> all shifts +-1  -> carrying orbits [2012, 2013, 2014, 2015, 2018, 2019, 2020, 2026, 2027, 2028, 2030, 2031, 2032, 2045, 2046, 2048]; w = ['(e1 -> -e1) (e2 -> -e3 -> e2) (e4 -> -e5 -> e4) (e6 -> -e7 -> e6) (e8 -> -e9 -> e8) (e10 -> -e11 -> e10) (e12 -> -e13 -> e12) (e14 -> -e15 -> e14)']; -1 maps them to [2013, 2012, 2019, 2018, 2015, 2014, 2020, 2026, 2031, 2028, 2030, 2027, 2032, 2045, 2046, 2048]; band iff carrying True; shifts +-1 iff carrying True; column method 0.3s, u-survey 50.1s
  [INVERTED] BE4 -- recorded at equal prominence.
[FAIL] BE4b: REGISTERED GUESS: every orbit affinely spans F2^16 (so the Weyl element agreeing on a carrying orbit is unique)  -> affine dimensions: {13: 1, 14: 6, 15: 54, 16: 1987}
  [INVERTED] BE4b -- recorded at equal prominence.
  u-survey: orbits with a reproducing u: 16 ([2012, 2013, 2014, 2015, 2018, 2019, 2020, 2026, 2027, 2028]); orbits in the band: 16
[PASS] BE4c: POST-REVEAL [C]: on B16 the carrying orbits number 16 (B4: 1, B8: 2), ALL carried by the same w = -(e2 e3)(e4 e5)...(e14 e15) with e16 fixed; carrying <=> ranks in {7,8,9} <=> every half-turn shift is +-1 <=> some u reproduces the shift, on all 2048 orbits; every carrying orbit affinely spans; -1 fixes 8 of them and swaps 4 pairs  -> -1 on the carrying orbits: fixed [2020, 2026, 2028, 2030, 2032, 2045, 2046, 2048], swapped [(2012, 2013), (2014, 2019), (2015, 2018), (2027, 2031)]
[t=  52.3s] BE4 done

------------------------------------------------------------------------------
BE5 -- w, the correction c, Fix(c), Stab_W(Fix c), C_W(c), Lemma B
------------------------------------------------------------------------------
  w = (e1 -> -e1) (e2 -> -e3 -> e2) (e4 -> -e5 -> e4) (e6 -> -e7 -> e6) (e8 -> -e9 -> e8) (e10 -> -e11 -> e10) (e12 -> -e13 -> e12) (e14 -> -e15 -> e14); w involution: True; w in C_W(R^16): False; R^16 w R^16 = w^-1: False; c = w^-1 R^16: type 585^4 425^4 396^4 312^4 257^4 252^4 202^4 200^4 192^4 181^4 163^4 150^4 149^4 141^4 140^4 132^8 117^4 84^4 81^4 80^4 78^4 71^8 66^8 64^4 58^4 57^4 56^4 51^4 48^8 47^4 45^4 44^8 42^4 41^8 40^4 39^12 38^8 37^8 36^12 35^4 34^4 33^24 31^4 30^8 29^8 28^12 26^8 25^20 24^32 23^16 21^28 20^28 19^28 18^24 17^12 16^112 15^216 14^44 13^28 12^160 11^12 10^160 9^28 8^436 7^336 6^612 5^764 4^1048 3^1060 2^1780 1^1900, involution False; |Fix c| = 1900 (affine dim 16)
  Stab_W(Fix c) (4 v-candidates after the rank-histogram filter, 3.0s): 4 elements: ['(e1 -> -e1) (e2 -> -e2) (e3 -> -e3) (e4 -> -e4) (e5 -> -e5) (e6 -> -e6) (e7 -> -e7) (e8 -> -e8) (e9 -> -e9) (e10 -> -e10) (e11 -> -e11) (e12 -> -e12) (e13 -> -e13) (e14 -> -e14) (e15 -> -e15) (e16 -> -e16)', '(e1 -> -e1) (e2 -> -e3 -> e2) (e4 -> -e5 -> e4) (e6 -> -e7 -> e6) (e8 -> -e9 -> e8) (e10 -> -e11 -> e10) (e12 -> -e13 -> e12) (e14 -> -e15 -> e14)', '(e2 -> e3 -> e2) (e4 -> e5 -> e4) (e6 -> e7 -> e6) (e8 -> e9 -> e8) (e10 -> e11 -> e10) (e12 -> e13 -> e12) (e14 -> e15 -> e14) (e16 -> -e16)', '1']
  C_W(c) = 2 elements: ['(e1 -> -e1) (e2 -> -e2) (e3 -> -e3) (e4 -> -e4) (e5 -> -e5) (e6 -> -e6) (e7 -> -e7) (e8 -> -e8) (e9 -> -e9) (e10 -> -e10) (e11 -> -e11) (e12 -> -e12) (e13 -> -e13) (e14 -> -e14) (e15 -> -e15) (e16 -> -e16)', '1']
[PASS] BE5: REGISTERED GUESS: w does not commute with R^16 (so c is not an involution, Lemma BD-A), Fix(c) affinely spans, Stab_W(Fix c) = <-1, w> of order 4, C_W(c) = {+-1}, hence by Lemma B I_16 cap Stab_W(Fix c) = {+-1}  -> |Stab| = 4, |C_W(c)| = 2
[PASS] BE7: [obs] |Fix c| = 1900 of 65,536 (2.90%; B4: 8/16 = 50%, B8: 52/256 = 20.3%); Fix c = the 16 carrying orbits (512 points) + 1388 further points; c has cycle type 585^4 425^4 396^4 312^4 257^4 252^4 202^4 200^4 192^4 181^4 163^4 150^4 149^4 141^4 140^4 132^8 117^4 84^4 81^4 80^4 78^4 71^8 66^8 64^4 58^4 57^4 56^4 51^4 48^8 47^4 45^4 44^8 42^4 41^8 40^4 39^12 38^8 37^8 36^12 35^4 34^4 33^24 31^4 30^8 29^8 28^12 26^8 25^20 24^32 23^16 21^28 20^28 19^28 18^24 17^12 16^112 15^216 14^44 13^28 12^160 11^12 10^160 9^28 8^436 7^336 6^612 5^764 4^1048 3^1060 2^1780 1^1900
[t=  55.4s] BE5 done

------------------------------------------------------------------------------
BE6 -- C_W(R^16) by pair-propagation backtracking
------------------------------------------------------------------------------
[PASS] BE6: REGISTERED GUESS: C_W(R^16) = {+-1}  -> 2 elements (11552 v-candidates, 7.1s): ['(e1 -> -e1) (e2 -> -e2) (e3 -> -e3) (e4 -> -e4) (e5 -> -e5) (e6 -> -e6) (e7 -> -e7) (e8 -> -e8) (e9 -> -e9) (e10 -> -e10) (e11 -> -e11) (e12 -> -e12) (e13 -> -e13) (e14 -> -e14) (e15 -> -e15) (e16 -> -e16)', '1']
[PASS] BE6-engine: the backtracking searches reproduce Stone BC/BD's enumerated answers on B8: C_W(R^8) = {+-1}, |Stab_W(Fix c)| = 4, C_W(c) = {+-1}, two carrying orbits with w = -(e2 e3)(e4 e5)(e6 e7)
[t=  62.6s] BE6 done

------------------------------------------------------------------------------
VERDICT
------------------------------------------------------------------------------
RESULT: 9 checks passed, 2 failed  FAILED (registered guesses INVERTED unless a bug is shown): ['BE4', 'BE4b']
[t=  62.7s] done
