==============================================================================
STONE AY -- THE D5 ANOMALY BY HAND (the half-turn is a Weyl element on one orbit)
==============================================================================
[PASS] AY0: the brief is sha-locked: sha256(BRIEF_STONE_AY_D5_BY_HAND.md) equals BRIEF_STONE_AY_LOCK.sha256  -> bc81504212c12f6a...
  board machine loaded verbatim from verify_stone_av_d5_anomaly.py (sha256 c5d56d4cc4439220)
[t=   0.0s] B4 spinor (|W| = 384) and D5 half-spin (|W| = 1920) built
  machine: |I_4| = 8, |C_4| = 4; tau in W: True; C_4 == {1, -1, tau, -tau}: True

------------------------------------------------------------------------------
AY2 -- the hand clock (REGISTERED: as written)
------------------------------------------------------------------------------
[FAIL] AY2: the machine's rowmotion on the B4 board is the two registered 8-cycles, as written (not reversed)  -> INVERSE (the machine's R is the hand's R^-1; phases read backwards); O1: {} -> {1,2,3,4} -> {1,2,3} -> {1,2,4} -> {1,3} -> {2,4} -> {3} -> {4}; O2: {1} -> {2,3,4} -> {1,2} -> {1,3,4} -> {2,3} -> {1,4} -> {2} -> {3,4}
[PASS] AY2b: O1 (from {}) and O2 (from {1}) are exactly the two free clock orbits

------------------------------------------------------------------------------
AY3 -- H1: the agreement sets of R^4 with the Weyl elements (REGISTERED)
------------------------------------------------------------------------------
[PASS] AY3: R^4 agrees with -tau exactly on O2; -tau is the unique nearest Weyl element (distance 8); no other Weyl element agrees on all of O2; none agrees on all of O1  -> |Y(-tau)| = 8, min distance 8 attained by 1 element(s), agree-on-all-O2: 1, max agreement on O1: 4 of 8
  agreement-size histogram over W(B4): 0:237, 2:108, 4:34, 6:4, 8:1

------------------------------------------------------------------------------
AY4 -- H2/H3: Lemma B on the 4-cube
------------------------------------------------------------------------------
[PASS] AY4a: the pointwise stabilizer of O2 in W(B4) is trivial (O2 determines Weyl elements)  -> 1 element(s)
[PASS] AY4b: c = (-tau) R^4 fixes exactly O2, equals R^4 (-tau), and I_4 = C_W(c)  -> |Fix c| = 8, |C_W(c)| = 8, |I_4| = 8, c type 2^4 1^8

------------------------------------------------------------------------------
AY5 -- H4: Stab_W(O1) and I_4 by the hand list (REGISTERED)
------------------------------------------------------------------------------
[PASS] AY5a: Stab_W(O1) is exactly the sixteen listed affine maps  -> |Stab_W(O1)| = 16
[PASS] AY5b: I_4 is exactly the eight with pi in V = {1,(14),(23),(14)(23)}; C_4 = C_W(c) meet C_W(tau)
[PASS] AY5c: the four extras are E1, E4, E2, E3 as named; in Stone AV's coordinates: (e1<->e4,-e3), (e1<->-e4,-e2), the signed 4-cycle, its inverse  -> ('+e4', '+e2', '-e3', '+e1'); ('-e4', '-e2', '+e3', '-e1'); ('+e4', '-e3', '+e2', '-e1'); ('-e4', '+e3', '-e2', '+e1')

------------------------------------------------------------------------------
AY6 -- H5: the transport on I_4 is conjugation by tau
------------------------------------------------------------------------------
[PASS] AY6a: for every g in I_4: R^-4 g R^4 = tau g tau
[PASS] AY6b: E1 <-> E4 and E2 <-> E3 = E2^-1 under the transport (Stone AV's AV6b map); E2^2 = -1; [E1, R^4] = E1 E4 = -1

------------------------------------------------------------------------------
AY7 -- H6: the orbit swappers
------------------------------------------------------------------------------
[PASS] AY7: Stab_W({O1,O2}) has order 32; (e2 e3)(-e1) swaps the orbits; no element of I_4 swaps them  -> |Stab| = 32, |swappers| = 16, (e2e3)(-e1) = ('-e1', '+e3', '+e2', '+e4')

------------------------------------------------------------------------------
AY8 -- H7: the binary phases (REGISTERED)
------------------------------------------------------------------------------
[PASS] AY8: -1 = XOR 111 on both orbits; tau = XOR 001 on O1 and XOR 011 on O2; R^4 = XOR 100 on both; the four extras are phase translations on neither orbit  -> -1: O1 [7] O2 [7]; tau: O1 [1] O2 [3]; R^4: O1 [4] O2 [4]; extras on O1: [[], [], [], []]
  C_4 on O1 = translations {000,111,001,110}; on O2 = {000,111,011,100}

------------------------------------------------------------------------------
AY1 -- Lemma A numerically: I_k = union_w C_W(R^k w^-1) on B4 and D5, all lags
------------------------------------------------------------------------------
  B4: k=1 |I|=1 |union|=1 =; k=2 |I|=1 |union|=1 =; k=3 |I|=1 |union|=1 =; k=4 |I|=8 |union|=8 =; k=5 |I|=1 |union|=1 =; k=6 |I|=1 |union|=1 =; k=7 |I|=1 |union|=1 =
  D5: k=1 |I|=1 |union|=1 =; k=2 |I|=1 |union|=1 =; k=3 |I|=2 |union|=2 =; k=4 |I|=8 |union|=8 =; k=5 |I|=2 |union|=2 =; k=6 |I|=1 |union|=1 =; k=7 |I|=1 |union|=1 =
[PASS] AY1: Lemma A holds numerically on B4 and D5 at every lag k = 1..7
[t=   2.8s] Lemma A checked

------------------------------------------------------------------------------
AY9 -- D5 half-spin: lag 3 (REGISTERED), lag 5, lag 4
------------------------------------------------------------------------------
  k=3: |I|=2 |C|=1; nearest distance 7 attained by 1; w_k = ('-e2', '-e1', '+e5', '-e4', '-e3'); |Y| = 9, pointwise stabilizer 1; p in C_W(c): True (|C_W(c)| = 2); I_k == C_W(c): True; #w carrying p: 32; transport of p = conj by w_k: True
  k=5: |I|=2 |C|=1; nearest distance 7 attained by 1; w_k = ('-e2', '-e1', '-e5', '-e4', '+e3'); |Y| = 9, pointwise stabilizer 1; p in C_W(c): False (|C_W(c)| = 2); I_k == C_W(c): True; #w carrying p: 0; transport of p = conj by w_k: False
[PASS] AY9: REGISTERED GUESS: on D5 at lag 3 the nearest Weyl element is unique (distance 7), its agreement set (9 points) determines Weyl elements, the survivor (e1 e3)(e2 e5) commutes with the correction, I_3 = C_W(R^3 w^-1) = {1, p}, and p's transport is conjugation by w  -> p in W(D5): True; {'nI': 2, 'nC': 1, 'dmin': 7, 'nnear': 1, 'w': ('-e2', '-e1', '+e5', '-e4', '-e3'), 'Ysize': 9, 'pstab': 1, 'p_in_Cc': True, 'Cc': 2, 'Ik_eq_Cc': True, 'ncarriers': 32, 'transport': True}
[FAIL] AY9b: the same at lag 5 (SM-059's reversal)  -> {'nI': 2, 'nC': 1, 'dmin': 7, 'nnear': 1, 'w': ('-e2', '-e1', '-e5', '-e4', '+e3'), 'Ysize': 9, 'pstab': 1, 'p_in_Cc': False, 'Cc': 2, 'Ik_eq_Cc': True, 'ncarriers': 0, 'transport': False}
[PASS] AY9c: lag 4 on D5 with w = (-e1,-e3,-e2,+e4,-e5): the correction fixes exactly the D5 image of O2, that set determines W(D5), and I_4 = C_W(correction) of order 8  -> |Fix| = 8, pointwise stabilizer 1, |C_W(c)| = 8, |I_4| = 8
[t=   3.1s] D5 done

------------------------------------------------------------------------------
AY10 -- the family: one correction suffices (REGISTERED GUESS)
------------------------------------------------------------------------------
  B3 spinor      k=3 |I|=16 |C|=8 |W|=48: solutions w: 0 (of |W|)
  B4 spinor      k=4 |I|=8 |C|=4 |W|=384: solutions w: 4 (of |W|); example type 2^8, commutes with R^k: True
  D5 half-spin   k=3 |I|=2 |C|=1 |W|=1920: solutions w: 32 (of |W|); example type 2^8, commutes with R^k: False
  D5 half-spin   k=4 |I|=8 |C|=4 |W|=1920: solutions w: 4 (of |W|); example type 2^8, commutes with R^k: False
  D5 half-spin   k=5 |I|=2 |C|=1 |W|=1920: solutions w: 32 (of |W|); example type 8^2, commutes with R^k: False
  Minuscule machine from verify_stone_aq_rush_shi_defect.py (sha256 b83aa9958d7df993); BFS from verify_stone_at_grammar_family.py (sha256 7063393558f83fcc)
  anomalous boards from SM-058's table: 21 boards, 93 (board, lag) pairs
[t=   3.4s] A2 k=1: |W| = 6, N = 3
