==============================================================================
STONE W -- THE THIRD SHADOW: triality under the roof R = W+(E8)
==============================================================================
[t=   0.0s] start

------------------------------------------------------------------------------
STAGE 1 -- W0 lock; sealed machinery reloaded; WB1: the identification R/<-1> = O8+(2) BEYOND order
------------------------------------------------------------------------------
[PASS] W0: the brief is sha-locked: sha256(BRIEF_STONE_W_THIRD_SHADOW.md) equals the value in BRIEF_STONE_W_LOCK.sha256  -> 9624fd972068a230...
[PASS] W1a: 240 E8 roots + 8 simple reflections + antipode replayed deterministically (involutions, -1 commutes with all generators)
  [sealed cache _stone_u_cache] BSGS 'we8_240' loaded (order 696729600, depth 7)
[PASS] W1b: sealed W(E8) chain: order 696729600; all 8 replayed generators and -1 pass its membership strip
[PASS] W1c: mod-2 replay: 120 antipodal pairs = mod-2 fibres; -1 acts trivially on pairs; simple-root masks are the standard basis e_1..e_8 (so a trivial pair action forces the identity matrix)
[PASS] W1d: matrix instrument: M2_of(w) reproduces the mod-2 action on ALL 240 root masks for every simple reflection
  [sealed cache _stone_u_cache] BSGS 'stab_derived' loaded (order 1451520, depth 6)
[PASS] W1e: sealed C = [Stab(alpha),Stab(alpha)]: order 1451520 = |Sp6(2)|; cached generators fix alpha, pass its chain, -1 not in C  -> 24 generators
  [sealed cache] shadow chain 'shadow_full' loaded (order 348364800)
[PASS] W1f: K_spin generators A1, A2 replayed (verbatim transport) and lifted through the sealed shadow chain: pi(w_i) = A_i exactly, both in W(E8); shadow_full order = 348364800 = |W(E8)|/2 (the pair-action image of the FULL group)
  [sealed cache _stone_u_cache] BSGS 'H_240' loaded (order 2903040, depth 4)
[PASS] W1g: sealed H chain: order 2903040 = 2 x |Sp6(2)|; w1, w2, -1 all pass its membership strip
  [sealed cache] shadow chain 'shadow_H' loaded (order 1451520)
[PASS] W1h: sealed H shadow chain: order 1451520 = |H|/2 = |K_spin| (the matrix group <A1,A2> is isomorphic to the pair-action image of H: matrix and pair action determine each other, W1c/W1d)
  [sealed cache _stone_v_cache] BSGS 'K_240' loaded (order 348364800, depth 7)
[PASS] W1i: sealed R = W+(E8) = <C,H> chain: order 348364800; every generator (Cgens + w1 + w2) and -1 pass its strip; every generator has exact Bareiss det +1; a simple reflection does NOT pass (R is proper, index 2)
  [sealed cache _stone_v_cache] BSGS 'K_pair_120' loaded (order 174182400, depth 7)
  kernel arithmetic: |R| = 348364800; R's pair-action image has order 174182400 (sealed K_pair_120);
  348364800 / 174182400 = 2, and -1 in R acts trivially on pairs (W1c) but is not the identity,
  so ker(R -> pairs) = <-1> EXACTLY.  By W1c/W1d a trivial pair action forces the trivial matrix
  and conversely, so ker(R -> GL(8,2)) = <-1> too: the mod-2 matrix image of R has order 174182400.
[PASS] W1j: WB1 kernel: R acts on L/2L = (F2^8, q) with kernel exactly <-1>; image order = |R|/2 = 174182400
[PASS] W1k: WB1 isometry: every R-generator's matrix preserves q on ALL 256 vectors -- the image lies inside the full orthogonal group O(q)
[PASS] W1l: WB1 Dickson: every R-generator's image has Dickson invariant 0 (rank(g-1) even) => image <= Omega(q) [P cited: the Dickson invariant D(g) = rank(g-1) mod 2 is a homomorphism O(q) -> F2 over F2, kernel Omega(q)]  -> dicks [0]
[PASS] W1m: WB1 order forcing: |image| = 174182400 = |Omega8+(2)| [P cited: ATLAS, O8+(2) simple of order 174182400] => image = Omega(q) exactly => R/<-1> ~= O8+(2) AS THE SIMPLE GROUP -- the identification is real, [C] modulo the two cited facts, NOT order-only
[PASS] W1n: the :2 on top: each simple reflection's image has Dickson invariant 1 (a transvection, rank(g-1) = 1); the FULL W(E8) image has order 348364800 = 2 x |Omega| (W1f), so it is Omega(q):2 = GO(q) with the odd coset generated by any reflection's image
[t=   0.1s] stage 1 done

------------------------------------------------------------------------------
STAGE 2 -- WB2: the geometry of three (135 singular points, 270 maximal totally singular 4-subspaces, two families)
------------------------------------------------------------------------------
[PASS] W2a: census: 135 nonzero singular vectors + 120 nonsingular = 255; the 120 nonsingular vectors are EXACTLY the 120 root masks (roots have norm 2, q = 1) -- plus-type counts 2^7 + 2^3 - 1 and 2^7 - 2^3
  [cache] TS enumeration loaded (270 maximal TS4, level counts [135, 1575, 2025, 270])
[PASS] W2b: FULL enumeration of totally singular subspaces: 135 lines, 1575 planes, 2025 solids, 270 maximal 4-subspaces; every subspace of dim < 4 extends (min extension count > 0) and NO dim-4 subspace extends => the maximal totally singular subspaces are EXACTLY these 270, all of dim 4 [C, exhaustive over this q]  -> extension min/max by level: [(70, 70), (36, 36), (16, 16), (0, 0)]
  family-relation test: 'dim(U cap V) EVEN = same family' -> equivalence: True, classes 2 sizes [135, 135]
  family-relation test: 'dim(U cap V) ODD = same family'  -> equivalence: False, classes None sizes None
[PASS] W2c: the SAME-FAMILY relation is 'dim(U cap V) even' (tested empirically; the odd variant is NOT an equivalence yielding two 135-classes): two families of 135 each -- CONVENTION RECORDED
  family A = class of SUBS[0] (lexicographically least), 135 members; family B the other 135.
[PASS] W2d: every R-generator's image maps totally singular 4-subspaces to totally singular 4-subspaces PRESERVING each family (all 270 images checked per generator)
[PASS] W2e: a reflection's image (s1-bar, Dickson-odd) SWAPS the two families (all 270 images checked)
[t=   0.2s] stage 2 done

------------------------------------------------------------------------------
STAGE 3 -- WB3: the third class K3 and the orbit-signature triples (REGISTERED EXPECTATION resolved here)
------------------------------------------------------------------------------
[PASS] W3a: C-bar (image of C, order 1451520 since C misses -1 and ker pi = {+-1}) is VECTOR-TYPE: it fixes the nonsingular vector alpha-bar; its full fixed space is exactly {alpha-bar} (dim 1)  -> fixed vectors: [1]
[PASS] W3b: K3 = w-bar K_spin w-bar^-1 (w-bar an involution): matrix conjugates agree with the images of the permutation conjugates (M2_of(s1 w_i s1) = w-bar A_i w-bar); K3 generators are isometries with Dickson 0 (K3 <= Omega, as a conjugate of a subgroup of the normal Omega by an isometry)
[PASS] W3c: SPIN-TYPE verified: K_spin fixes NO nonzero vector; K3 fixes NO nonzero vector (so neither fixes a nonsingular vector; C-bar does -- the invariant that separates vector from spin)  -> fix(K_spin) = [], fix(K3) = []

  ORBIT-SIGNATURE TRIPLES (orbits on: 135 singular points | family A | family B):
    C-bar (vector)   : points [63, 72] | A [135] | B [135]
    K_spin           : points [135] | A [135] | B [63, 72]
    K3               : points [135] | A [63, 72] | B [135]
[PASS] W3d: REGISTERED EXPECTATION RESOLVED -- PASS: the three positioned triples are pairwise DISTINCT; K_spin and K3 differ EXACTLY by the A/B column swap (points columns equal); and up to the A/B labelling the three signatures are permutations of one another (identical column multisets) -- the TRIALITY PATTERN
  non-conjugacy argument (spelled): if r-bar in R/<-1> conjugated one of these subgroups to another,
  it would map the first subgroup's orbits on singular points bijectively onto the second's (r-bar is
  an isometry: permutes the 135 singular points), and its orbits on family A onto orbits on family A,
  B onto B (W2d: R/<-1> = Omega preserves each family, generators checked and preservation is
  multiplicative).  So the POSITIONED triple is an R/<-1>-conjugacy invariant.  The three triples are
  pairwise distinct => C-bar, K_spin, K3 are PAIRWISE NON-CONJUGATE inside R/<-1>.  [C]
[PASS] W3e: the three subgroups are pairwise non-conjugate inside R/<-1> (positioned orbit-signature triples are conjugacy invariants there, and they are pairwise distinct)
  K3 ~ K_spin under the OUTER reflection w-bar BY CONSTRUCTION (W3b): the spin pair fuses under the familiar outer two.
[t=   0.2s] stage 3 done

------------------------------------------------------------------------------
STAGE 4 -- WB4: the third tower H3 = w H w^-1 and the two-spin closure <H, H3>
------------------------------------------------------------------------------
[PASS] W4a: H3 generators (s1 w_i s1) and -1 all pass R's membership strip: H3 <= W+(E8) (consistent with W+ normal in W(E8))
  [cache] BSGS 'H3_240' loaded (order 2903040, depth 4)
[PASS] W4b: |H3| = |<s1 w1 s1, s1 w2 s1>| = 2903040 = |2.Sp6(2)| by BSGS; -1 in H3 and central (commutes with both generators)  -> |H3| = 2903040
  [cache] derived chain 'H3_derived' loaded (order 2903040)
[PASS] W4c: H3 is PERFECT, recomputed FRESH (not just transported): random-commutator closure inside H3 reaches the full order 2903040 -- EXACT (the closure is a subgroup of [H3,H3] <= H3); with -1 central this gives H3 ~= 2.Sp6(2) non-split, twin to H  -> order 2903040
[PASS] W4d: H3 is NOT the old tower: at least one H3 generator fails H's membership strip (H3 != H as subgroups; they are non-conjugate in R/<-1> at the K-bar level by W3e)
[PASS] W4e: the sealed SL(2,7) Schur witness inside H replayed: order 336, profile = the SL(2,7) matrix-model profile {1: 1, 2: 1, 3: 56, 4: 42, 6: 56, 7: 48, 8: 84, 14: 48}
[PASS] W4f: TRANSPORTED Schur witness: w (SL(2,7) witness) w^-1 inside H3 has order 336, UNIQUE involution (= -1), order-14 elements present -- the SL(2,7) profile; H3 carries its own Schur lifts  -> profile {1: 1, 2: 1, 3: 56, 4: 42, 6: 56, 7: 48, 8: 84, 14: 48}
  [cache] BSGS 'HH3_240' loaded (order 348364800, depth 7)
[PASS] W4g: the two-spin closure: |<H, H3>| = 348364800 -- <H, H3> = W+(E8) EXACTLY: all four generators are even (dets +1: W1i for w1, w2; conjugates of even elements are even) so <H,H3> <= W+, and the orders match  -> |<H,H3>| = 348364800
[PASS] W4h: closure sanity: w1, w2, hw1, hw2, -1 all pass the <H,H3> strip; <H,H3> passes R's strip generator-by-generator (so <H,H3> <= R)
[t=   0.4s] stage 4 done

------------------------------------------------------------------------------
STAGE 5 -- WB5: where the Z3 lives; WB6: verdict
------------------------------------------------------------------------------
  the invariant: 'the subgroup fixes some NONSINGULAR vector'.
  C-bar fixes alpha-bar with q(alpha-bar) = 1 (W3a).  K_spin and K3 fix NO nonzero vector at all (W3c).
  conjugation by ANY image g-bar of W(E8) maps the fixed space of a subgroup to the fixed space of its
  conjugate (linear algebra), and g-bar is an ISOMETRY (all 8 generators' images preserve q; products do),
  so it preserves nonsingularity.  Hence NO element of W(E8)/<-1> conjugates C-bar to K_spin or to K3.
[PASS] W5a: WB5 computed part: C-bar is NOT conjugate to K_spin nor to K3 under the FULL W(E8)/<-1> = GO(q) (fixed-nonsingular-vector invariant: C-bar has one, the spin pair fix nothing); the ambient realizes NO vector->spin map
  [P cited] Out(O8+(2)) = S3: triality permutes the three families of 8-dimensional structure (vector,
  spin+, spin-); the graph automorphism of order 3 cycles the three Sp6(2)-type classes.  The ambient
  W(E8)/<-1> = GO(q) = Omega:2 realizes ONLY the spin-swapping involution (our w-bar: K_spin <-> K3, W3b,
  family A <-> B, W2e; it cannot touch C-bar, W5a).
[PASS] W5b: WB5 landing: the triality Z3 that cycles {C-bar, K_spin, K3} is STRICTLY OUTER to W(E8)/<-1> -- [C] for the class structure (W3e, W5a, W3b), [P cited] for Out(O8+(2)) = S3 with the Z3 cycling the three families; the trit returns ABOVE the roof, as mathematics, no identification claims (Rule 3)

------------------------------------------------------------------------------
WB6 -- THE THREE-SHADOWS THEOREM (minimal-found scope inherited from SM-030)
------------------------------------------------------------------------------

  THREE-SHADOWS THEOREM (minimal-found).  Under the roof R = W+(E8)
  (perfect, order 348364800, minimal-FOUND for the two towers, SM-030),
  with R/<-1> ~= O8+(2) verified AS THE SIMPLE GROUP via the natural
  module (W1j-W1m, [C] modulo two cited facts):
    * the roof holds THREE Sp6(2)-type shadows, not two: the vector
      class C-bar (body tower, split lifts, fixes a nonsingular
      vector), the spin class K_spin (shadow tower, Schur lifts), and
      the NEW spin class K3 = w-bar K_spin w-bar^-1 (W3b, W3c);
    * they are PAIRWISE NON-CONJUGATE inside R/<-1>, separated by the
      positioned orbit-signature triples on (singular points | family
      A | family B) of the 270-element triality geometry (W2b-W2e,
      W3d, W3e) -- registered expectation: PASS (triality pattern confirmed);
    * the roof holds a THIRD TOWER: H3 = w H w^-1 <= W+ with
      H3 ~= 2.Sp6(2) perfect (fresh recomputation W4c), twin to the
      shadow tower, carrying its own Schur lifts (SL(2,7) witness
      transported and re-verified, W4f); the two-spin closure is
      |<H, H3>| = 348364800 (W4g);
    * ONE body class + TWO spinor classes under ONE perfect roof: the
      ambient outer Z2 (any reflection) FUSES the spinor pair
      (K3 ~ K_spin under w-bar, by construction) while fixing the
      vector class setwise-apart (W5a); the triality Z3 that cycles
      all three classes is STRICTLY OUTER to W(E8)/<-1> (W5b: [C]
      computed non-conjugacy + [P cited] Out(O8+(2)) = S3).
  SCOPE: minimality of R is inherited minimal-FOUND (SM-030), not
  proven minimal; the isomorphism R/<-1> ~= O8+(2) is [C] modulo the
  cited Dickson-homomorphism and |Omega8+(2)| = 174182400 facts; the
  Z3 itself is NOT exhibited as a permutation/matrix group element
  here (it lives in Out, above every group this run touches).
  SUCCESSOR QUESTIONS (named, not computed): (i) exhibit the triality
  Z3 explicitly as an outer automorphism of R/<-1> (e.g. via the two
  half-spin representations over F2) and transport the towers along
  it; (ii) is <H, H3> minimal over subgroups containing two spin
  towers; (iii) does the third tower H3 change the Schur-class
  pinning story of SM-029 (are the three towers' lift classes
  permuted the same way)?

[PASS] W6: WB6: the verdict paragraph above is fully computed-backed (every claim carries a check number); grades [C]/[P cited] unblended; successors named, not computed
==============================================================================
RESULT: 36 checks passed, 0 failed
registered expectation WB3 (triality pattern of the three orbit-signature triples): PASS (triality pattern confirmed)
bars: WB1 PASS | WB2 PASS | WB3 PASS | WB4 PASS | WB5 PASS | WB6 PASS (theorem stated)
total time 0.4s
==============================================================================
