==============================================================================
STONE AZ -- THE DOUBLED CLOCK (the vector boards' shared grammar is the centralizer of R^{2k})
==============================================================================
[PASS] AZ0: the brief is sha-locked: sha256(BRIEF_STONE_AZ_DOUBLED_CLOCK.md) equals BRIEF_STONE_AZ_LOCK.sha256  -> 45d75b305ee15f37...
  board machine loaded verbatim from verify_stone_av_d5_anomaly.py (sha256 c5d56d4cc4439220)
  new machine (four lines):
def D_vec(n):  # weights +-e_i; roots e_i - e_{i+1}, e_{n-1} + e_n
    roots = [tuple(x - y for x, y in zip(e(i, n), e(i + 1, n))) for i in range(n - 1)] + [tuple(x + y for x, y in zip(e(n - 2, n), e(n - 1, n)))]
    w = [e(i, n) for i in range(n)] + [tuple(-x for x in e(i, n)) for i in range(n)]
    return board(w, roots)

  Minuscule from verify_stone_aq_rush_shi_defect.py (sha256 b83aa9958d7df993); BFS from verify_stone_at_grammar_family.py (sha256 7063393558f83fcc)

------------------------------------------------------------------------------
AZ1 -- Lemma C: I_k <= C_W(R^{2k}) wherever an involution centralizes W and reverses R
------------------------------------------------------------------------------
  A3 w2 |W|=    24: antipode in W False centralizes W True  reverses R True   I_k <= C_W(R^2k) at every lag: True  (|I_k|,|C_2k|): [(4, 4), (24, 24), (4, 4)]
[t=   0.0s] A3 w2 done
  A5 w3 |W|=   720: antipode in W False centralizes W True  reverses R True   I_k <= C_W(R^2k) at every lag: True  (|I_k|,|C_2k|): [(1, 1), (1, 1), (2, 720), (1, 1), (1, 1)]
[t=   0.1s] A5 w3 done
  A7 w4 |W|= 40320: antipode in W False centralizes W True  reverses R True   I_k <= C_W(R^2k) at every lag: True  (|I_k|,|C_2k|): [(1, 1), (1, 2), (1, 1), (2, 40320), (1, 1), (1, 2), (1, 1)]
[t=   4.4s] A7 w4 done
  D4 w1 |W|=   192: antipode in W True  centralizes W True  reverses R True   I_k <= C_W(R^2k) at every lag: True  (|I_k|,|C_2k|): [(6, 6), (6, 6), (192, 192), (6, 6), (6, 6)]
[t=   4.4s] D4 w1 done
  D4 w3 |W|=   192: antipode in W True  centralizes W True  reverses R True   I_k <= C_W(R^2k) at every lag: True  (|I_k|,|C_2k|): [(6, 6), (6, 6), (192, 192), (6, 6), (6, 6)]
[t=   4.5s] D4 w3 done
  D4 w4 |W|=   192: antipode in W True  centralizes W True  reverses R True   I_k <= C_W(R^2k) at every lag: True  (|I_k|,|C_2k|): [(6, 6), (6, 6), (192, 192), (6, 6), (6, 6)]
[t=   4.5s] D4 w4 done
  D5 w1 |W|=  1920: antipode in W False centralizes W True  reverses R True   I_k <= C_W(R^2k) at every lag: True  (|I_k|,|C_2k|): [(8, 8), (32, 32), (8, 8), (1920, 1920), (8, 8), (32, 32), (8, 8)]
[t=   4.5s] D5 w1 done
  D6 w1 |W|= 23040: antipode in W True  centralizes W True  reverses R True   I_k <= C_W(R^2k) at every lag: True  (|I_k|,|C_2k|): [(10, 10), (10, 10), (10, 10), (10, 10), (23040, 23040), (10, 10), (10, 10), (10, 10), (10, 10)]
[t=   5.2s] D6 w1 done
  D6 w5 |W|= 23040: antipode in W True  centralizes W True  reverses R True   I_k <= C_W(R^2k) at every lag: True  (|I_k|,|C_2k|): [(1, 1), (1, 1), (1, 1), (1, 1), (4, 23040), (1, 1), (1, 1), (1, 1), (1, 1)]
[t=   6.2s] D6 w5 done
  D6 w6 |W|= 23040: antipode in W True  centralizes W True  reverses R True   I_k <= C_W(R^2k) at every lag: True  (|I_k|,|C_2k|): [(1, 1), (1, 1), (1, 1), (1, 1), (4, 23040), (1, 1), (1, 1), (1, 1), (1, 1)]
[t=   7.0s] D6 w6 done
  D7 w1 |W|=322560: antipode in W False centralizes W True  reverses R True   I_k <= C_W(R^2k) at every lag: True  (|I_k|,|C_2k|): [(12, 12), (72, 72), (384, 384), (72, 72), (12, 12), (322560, 322560), (12, 12), (72, 72), (384, 384), (72, 72), (12, 12)]
[t=  17.0s] D7 w1 done
  B4 spinor |W|=384: antipode in W True centralizes W True reverses R True  inclusion True  (|I_k|,|C_2k|): [(1, 1), (1, 4), (1, 1), (8, 384), (1, 1), (1, 4), (1, 1)]
[PASS] AZ1: on the eleven boards with a W-central reverser (ten of the 42 + the B4 spinor) the antipode centralizes W, reverses R, and I_k <= C_W(R^{2k}) at every lag

------------------------------------------------------------------------------
AZ2 -- Lemma D: on the D_n vector boards I_k = C_W(R^{2k}) as sets (n = 3..7)
------------------------------------------------------------------------------
  D3 vector (N=6, |W|=24, h=4): k=1 |I|=4 |C_k|=2 |C_2k|=4 =; k=2 |I|=24 |C_k|=4 |C_2k|=24 =; k=3 |I|=4 |C_k|=2 |C_2k|=4 =
[t=  17.2s] D3 vector done
  D4 vector (N=8, |W|=192, h=6): k=1 |I|=6 |C_k|=2 |C_2k|=6 =; k=2 |I|=6 |C_k|=6 |C_2k|=6 =; k=3 |I|=192 |C_k|=16 |C_2k|=192 =; k=4 |I|=6 |C_k|=6 |C_2k|=6 =; k=5 |I|=6 |C_k|=2 |C_2k|=6 =
[t=  17.2s] D4 vector done
  D5 vector (N=10, |W|=1920, h=8): k=1 |I|=8 |C_k|=2 |C_2k|=8 =; k=2 |I|=32 |C_k|=8 |C_2k|=32 =; k=3 |I|=8 |C_k|=2 |C_2k|=8 =; k=4 |I|=1920 |C_k|=32 |C_2k|=1920 =; k=5 |I|=8 |C_k|=2 |C_2k|=8 =; k=6 |I|=32 |C_k|=8 |C_2k|=32 =; k=7 |I|=8 |C_k|=2 |C_2k|=8 =
[t=  17.3s] D5 vector done
  D6 vector (N=12, |W|=23040, h=10): k=1 |I|=10 |C_k|=2 |C_2k|=10 =; k=2 |I|=10 |C_k|=10 |C_2k|=10 =; k=3 |I|=10 |C_k|=2 |C_2k|=10 =; k=4 |I|=10 |C_k|=10 |C_2k|=10 =; k=5 |I|=23040 |C_k|=128 |C_2k|=23040 =; k=6 |I|=10 |C_k|=10 |C_2k|=10 =; k=7 |I|=10 |C_k|=2 |C_2k|=10 =; k=8 |I|=10 |C_k|=10 |C_2k|=10 =; k=9 |I|=10 |C_k|=2 |C_2k|=10 =
[t=  18.0s] D6 vector done
  D7 vector (N=14, |W|=322560, h=12): k=1 |I|=12 |C_k|=2 |C_2k|=12 =; k=2 |I|=72 |C_k|=12 |C_2k|=72 =; k=3 |I|=384 |C_k|=16 |C_2k|=384 =; k=4 |I|=72 |C_k|=72 |C_2k|=72 =; k=5 |I|=12 |C_k|=2 |C_2k|=12 =; k=6 |I|=322560 |C_k|=384 |C_2k|=322560 =; k=7 |I|=12 |C_k|=2 |C_2k|=12 =; k=8 |I|=72 |C_k|=72 |C_2k|=72 =; k=9 |I|=384 |C_k|=16 |C_2k|=384 =; k=10 |I|=72 |C_k|=12 |C_2k|=72 =; k=11 |I|=12 |C_k|=2 |C_2k|=12 =
[t=  27.8s] D7 vector done
[PASS] AZ2: on D_3..D_7 (vector boards) I_k = C_W(R^{2k}) as sets at every lag; every transport of C_W(R^{2k}) lies in the pairing stabilizer and is even (sampled where |C| > 2000)
[PASS] AZ2b: [P] the orders reproduce SM-058's table (|I_k| and |C_k|) on D_3 = A3w2, D_4, D_5, D_6, D_7

------------------------------------------------------------------------------
AZ3 -- Lemma E: what a transport changes; inner iff same signed type (REGISTERED counts)
------------------------------------------------------------------------------
  D3 k= 1 |I|=   4: non-inner    2 (Stone AY: 2); types/sign preserved and only trades: True; inner <=> same signed type: True; trades by j: {1: 2}
  D3 k= 3 |I|=   4: non-inner    2 (Stone AY: 2); types/sign preserved and only trades: True; inner <=> same signed type: True; trades by j: {1: 2}
[t=  27.8s] D3 transports classified
  D4 k= 1 |I|=   6: non-inner    0 (Stone AY: 0); types/sign preserved and only trades: True; inner <=> same signed type: True; trades by j: {}
  D4 k= 2 |I|=   6: non-inner    0 (Stone AY: 0); types/sign preserved and only trades: True; inner <=> same signed type: True; trades by j: {}
  D4 k= 4 |I|=   6: non-inner    0 (Stone AY: 0); types/sign preserved and only trades: True; inner <=> same signed type: True; trades by j: {}
  D4 k= 5 |I|=   6: non-inner    0 (Stone AY: 0); types/sign preserved and only trades: True; inner <=> same signed type: True; trades by j: {}
[t=  27.8s] D4 transports classified
  D5 k= 1 |I|=   8: non-inner    4 (Stone AY: 4); types/sign preserved and only trades: True; inner <=> same signed type: True; trades by j: {1: 4}
  D5 k= 2 |I|=  32: non-inner   18 (Stone AY: 18); types/sign preserved and only trades: True; inner <=> same signed type: True; trades by j: {1: 10, 2: 8}
  D5 k= 3 |I|=   8: non-inner    4 (Stone AY: 4); types/sign preserved and only trades: True; inner <=> same signed type: True; trades by j: {1: 4}
  D5 k= 5 |I|=   8: non-inner    4 (Stone AY: 4); types/sign preserved and only trades: True; inner <=> same signed type: True; trades by j: {1: 4}
  D5 k= 6 |I|=  32: non-inner   18 (Stone AY: 18); types/sign preserved and only trades: True; inner <=> same signed type: True; trades by j: {1: 10, 2: 8}
  D5 k= 7 |I|=   8: non-inner    4 (Stone AY: 4); types/sign preserved and only trades: True; inner <=> same signed type: True; trades by j: {1: 4}
[t=  27.9s] D5 transports classified
  D6 k= 1 |I|=  10: non-inner    0 (Stone AY: 0); types/sign preserved and only trades: True; inner <=> same signed type: True; trades by j: {}
  D6 k= 2 |I|=  10: non-inner    0 (Stone AY: 0); types/sign preserved and only trades: True; inner <=> same signed type: True; trades by j: {}
  D6 k= 3 |I|=  10: non-inner    0 (Stone AY: 0); types/sign preserved and only trades: True; inner <=> same signed type: True; trades by j: {}
  D6 k= 4 |I|=  10: non-inner    0 (Stone AY: 0); types/sign preserved and only trades: True; inner <=> same signed type: True; trades by j: {}
  D6 k= 6 |I|=  10: non-inner    0 (Stone AY: 0); types/sign preserved and only trades: True; inner <=> same signed type: True; trades by j: {}
  D6 k= 7 |I|=  10: non-inner    0 (Stone AY: 0); types/sign preserved and only trades: True; inner <=> same signed type: True; trades by j: {}
  D6 k= 8 |I|=  10: non-inner    0 (Stone AY: 0); types/sign preserved and only trades: True; inner <=> same signed type: True; trades by j: {}
  D6 k= 9 |I|=  10: non-inner    0 (Stone AY: 0); types/sign preserved and only trades: True; inner <=> same signed type: True; trades by j: {}
[t=  28.5s] D6 transports classified
  D7 k= 1 |I|=  12: non-inner    6 (Stone AY: 6); types/sign preserved and only trades: True; inner <=> same signed type: True; trades by j: {1: 6}
  D7 k= 2 |I|=  72: non-inner    0 (Stone AY: 0); types/sign preserved and only trades: True; inner <=> same signed type: True; trades by j: {}
  D7 k= 3 |I|= 384: non-inner  252 (Stone AY: 252); types/sign preserved and only trades: True; inner <=> same signed type: True; trades by j: {1: 140, 2: 96, 3: 64}
  D7 k= 4 |I|=  72: non-inner    0 (Stone AY: 0); types/sign preserved and only trades: True; inner <=> same signed type: True; trades by j: {}
  D7 k= 5 |I|=  12: non-inner    6 (Stone AY: 6); types/sign preserved and only trades: True; inner <=> same signed type: True; trades by j: {1: 6}
  D7 k= 7 |I|=  12: non-inner    6 (Stone AY: 6); types/sign preserved and only trades: True; inner <=> same signed type: True; trades by j: {1: 6}
  D7 k= 8 |I|=  72: non-inner    0 (Stone AY: 0); types/sign preserved and only trades: True; inner <=> same signed type: True; trades by j: {}
  D7 k= 9 |I|= 384: non-inner  252 (Stone AY: 252); types/sign preserved and only trades: True; inner <=> same signed type: True; trades by j: {1: 140, 2: 96, 3: 64}
  D7 k=10 |I|=  72: non-inner    0 (Stone AY: 0); types/sign preserved and only trades: True; inner <=> same signed type: True; trades by j: {}
  D7 k=11 |I|=  12: non-inner    6 (Stone AY: 6); types/sign preserved and only trades: True; inner <=> same signed type: True; trades by j: {1: 6}
[t= 103.8s] D7 transports classified
[PASS] AZ3a: [Lemma E] every transport keeps the unsigned cycle type and the sign, and changes the signed type only by trades (two negative j-cycles <-> one positive 2j-cycle)
[PASS] AZ3b: REGISTERED: g is W-inner if and only if g and its transport have the same signed cycle type (the split D_n classes never separate them)
[PASS] AZ3c: REGISTERED: the non-inner counts reproduce Stone AY's on every board and lag  -> all

------------------------------------------------------------------------------
AZ4 -- D3 by hand
------------------------------------------------------------------------------
[PASS] AZ4: D3: I_1 = {1, s_{e1-e2}, s_{e1+e2}, s_{e1-e2}s_{e1+e2}} = W(D2); R^2 = s_{e1+e2}; the transport swaps the reflection s_{e1-e2} and the double flip and fixes R^2

------------------------------------------------------------------------------
AZ5 -- the inner half (REGISTERED) and the realising pair for n even
------------------------------------------------------------------------------
  D3 k=1: |I|=4 inner 2 (half: True), inner set a subgroup: True, contains C_W(R^k): True; inner signed types [(((1, 1), (1, 1), (1, 1)), 1), (((2, 1), (1, 1)), 1)]; non-inner signed types [(((1, 1), (1, -1), (1, -1)), 1), (((2, 1), (1, 1)), 1)]; fixing e_n: inner 2 / non-inner 2
  D3 k=3: |I|=4 inner 2 (half: True), inner set a subgroup: True, contains C_W(R^k): True; inner signed types [(((1, 1), (1, 1), (1, 1)), 1), (((2, 1), (1, 1)), 1)]; non-inner signed types [(((1, 1), (1, -1), (1, -1)), 1), (((2, 1), (1, 1)), 1)]; fixing e_n: inner 2 / non-inner 2
  D5 k=1: |I|=8 inner 4 (half: True), inner set a subgroup: True, contains C_W(R^k): True; inner signed types [(((1, 1), (1, 1), (1, 1), (1, 1), (1, 1)), 1), (((2, 1), (2, 1), (1, 1)), 1), (((4, 1), (1, 1)), 2)]; non-inner signed types [(((2, 1), (1, 1), (1, -1), (1, -1)), 2), (((2, 1), (2, 1), (1, 1)), 2)]; fixing e_n: inner 4 / non-inner 4
  D5 k=3: |I|=8 inner 4 (half: True), inner set a subgroup: True, contains C_W(R^k): True; inner signed types [(((1, 1), (1, 1), (1, 1), (1, 1), (1, 1)), 1), (((2, 1), (2, 1), (1, 1)), 1), (((4, 1), (1, 1)), 2)]; non-inner signed types [(((2, 1), (1, 1), (1, -1), (1, -1)), 2), (((2, 1), (2, 1), (1, 1)), 2)]; fixing e_n: inner 4 / non-inner 4
  D5 k=5: |I|=8 inner 4 (half: True), inner set a subgroup: True, contains C_W(R^k): True; inner signed types [(((1, 1), (1, 1), (1, 1), (1, 1), (1, 1)), 1), (((2, 1), (2, 1), (1, 1)), 1), (((4, 1), (1, 1)), 2)]; non-inner signed types [(((2, 1), (1, 1), (1, -1), (1, -1)), 2), (((2, 1), (2, 1), (1, 1)), 2)]; fixing e_n: inner 4 / non-inner 4
  D5 k=7: |I|=8 inner 4 (half: True), inner set a subgroup: True, contains C_W(R^k): True; inner signed types [(((1, 1), (1, 1), (1, 1), (1, 1), (1, 1)), 1), (((2, 1), (2, 1), (1, 1)), 1), (((4, 1), (1, 1)), 2)]; non-inner signed types [(((2, 1), (1, 1), (1, -1), (1, -1)), 2), (((2, 1), (2, 1), (1, 1)), 2)]; fixing e_n: inner 4 / non-inner 4
  D7 k=1: |I|=12 inner 6 (half: True), inner set a subgroup: True, contains C_W(R^k): True; inner signed types [(((1, 1), (1, 1), (1, 1), (1, 1), (1, 1), (1, 1), (1, 1)), 1), (((2, 1), (2, 1), (2, 1), (1, 1)), 1), (((3, 1), (3, 1), (1, 1)), 2), (((6, 1), (1, 1)), 2)]; non-inner signed types [(((2, 1), (2, 1), (1, 1), (1, -1), (1, -1)), 3), (((2, 1), (2, 1), (2, 1), (1, 1)), 3)]; fixing e_n: inner 6 / non-inner 6
  D7 k=5: |I|=12 inner 6 (half: True), inner set a subgroup: True, contains C_W(R^k): True; inner signed types [(((1, 1), (1, 1), (1, 1), (1, 1), (1, 1), (1, 1), (1, 1)), 1), (((2, 1), (2, 1), (2, 1), (1, 1)), 1), (((3, 1), (3, 1), (1, 1)), 2), (((6, 1), (1, 1)), 2)]; non-inner signed types [(((2, 1), (2, 1), (1, 1), (1, -1), (1, -1)), 3), (((2, 1), (2, 1), (2, 1), (1, 1)), 3)]; fixing e_n: inner 6 / non-inner 6
  D7 k=7: |I|=12 inner 6 (half: True), inner set a subgroup: True, contains C_W(R^k): True; inner signed types [(((1, 1), (1, 1), (1, 1), (1, 1), (1, 1), (1, 1), (1, 1)), 1), (((2, 1), (2, 1), (2, 1), (1, 1)), 1), (((3, 1), (3, 1), (1, 1)), 2), (((6, 1), (1, 1)), 2)]; non-inner signed types [(((2, 1), (2, 1), (1, 1), (1, -1), (1, -1)), 3), (((2, 1), (2, 1), (2, 1), (1, 1)), 3)]; fixing e_n: inner 6 / non-inner 6
  D7 k=11: |I|=12 inner 6 (half: True), inner set a subgroup: True, contains C_W(R^k): True; inner signed types [(((1, 1), (1, 1), (1, 1), (1, 1), (1, 1), (1, 1), (1, 1)), 1), (((2, 1), (2, 1), (2, 1), (1, 1)), 1), (((3, 1), (3, 1), (1, 1)), 2), (((6, 1), (1, 1)), 2)]; non-inner signed types [(((2, 1), (2, 1), (1, 1), (1, -1), (1, -1)), 3), (((2, 1), (2, 1), (2, 1), (1, 1)), 3)]; fixing e_n: inner 6 / non-inner 6
[PASS] AZ5a: REGISTERED: for n odd at every lag coprime to n-1 exactly half of I_k is W-inner and the inner half is a subgroup  -> half: True, subgroup: True
  D4 k=1: |I|=6 realising Weyl elements: 2, all in C_W(R^2k): False, signed types [((2, 1), (1, 1), (1, 1)), ((2, 1), (1, -1), (1, -1))], one of them is w0 = -1: False
  D4 k=5: |I|=6 realising Weyl elements: 2, all in C_W(R^2k): False, signed types [((2, 1), (1, 1), (1, 1)), ((2, 1), (1, -1), (1, -1))], one of them is w0 = -1: False
  D6 k=1: |I|=10 realising Weyl elements: 2, all in C_W(R^2k): False, signed types [((2, 1), (2, 1), (1, 1), (1, 1)), ((2, 1), (2, 1), (1, -1), (1, -1))], one of them is w0 = -1: False
  D6 k=3: |I|=10 realising Weyl elements: 2, all in C_W(R^2k): False, signed types [((2, 1), (2, 1), (1, 1), (1, 1)), ((2, 1), (2, 1), (1, -1), (1, -1))], one of them is w0 = -1: False
  D6 k=7: |I|=10 realising Weyl elements: 2, all in C_W(R^2k): False, signed types [((2, 1), (2, 1), (1, 1), (1, 1)), ((2, 1), (2, 1), (1, -1), (1, -1))], one of them is w0 = -1: False
  D6 k=9: |I|=10 realising Weyl elements: 2, all in C_W(R^2k): False, signed types [((2, 1), (2, 1), (1, 1), (1, 1)), ((2, 1), (2, 1), (1, -1), (1, -1))], one of them is w0 = -1: False
[FAIL] AZ5b: REGISTERED: for n even every element is inner, realised by exactly two Weyl elements, both in C_W(R^{2k})

------------------------------------------------------------------------------
POST-REVEAL (labelled, after the first sealed run): AZ5c, AZ5d
------------------------------------------------------------------------------
  D3 k=1: |I|=4 dihedral of order 2(n-1): True; generator c of the cyclic half: ((2, 1), (1, 1)); transport keeps <c>: False; reflection classes under <c>: 2; transport swaps them: False / keeps them: False; inner half == <c>: False
  D3 k=3: |I|=4 dihedral of order 2(n-1): True; generator c of the cyclic half: ((2, 1), (1, 1)); transport keeps <c>: False; reflection classes under <c>: 2; transport swaps them: False / keeps them: False; inner half == <c>: False
  D4 k=1: |I|=6 dihedral of order 2(n-1): True; generator c of the cyclic half: ((3, 1), (1, 1)); transport keeps <c>: True; reflection classes under <c>: 1; transport swaps them: None / keeps them: True; inner half == <c>: False
  D4 k=2: |I|=6 dihedral of order 2(n-1): True; generator c of the cyclic half: ((3, 1), (1, 1)); transport keeps <c>: True; reflection classes under <c>: 1; transport swaps them: None / keeps them: True; inner half == <c>: False
  D4 k=4: |I|=6 dihedral of order 2(n-1): True; generator c of the cyclic half: ((3, 1), (1, 1)); transport keeps <c>: True; reflection classes under <c>: 1; transport swaps them: None / keeps them: True; inner half == <c>: False
  D4 k=5: |I|=6 dihedral of order 2(n-1): True; generator c of the cyclic half: ((3, 1), (1, 1)); transport keeps <c>: True; reflection classes under <c>: 1; transport swaps them: None / keeps them: True; inner half == <c>: False
  D5 k=1: |I|=8 dihedral of order 2(n-1): True; generator c of the cyclic half: ((4, 1), (1, 1)); transport keeps <c>: True; reflection classes under <c>: 2; transport swaps them: True / keeps them: False; inner half == <c>: True
  D5 k=3: |I|=8 dihedral of order 2(n-1): True; generator c of the cyclic half: ((4, 1), (1, 1)); transport keeps <c>: True; reflection classes under <c>: 2; transport swaps them: True / keeps them: False; inner half == <c>: True
  D5 k=5: |I|=8 dihedral of order 2(n-1): True; generator c of the cyclic half: ((4, 1), (1, 1)); transport keeps <c>: True; reflection classes under <c>: 2; transport swaps them: True / keeps them: False; inner half == <c>: True
  D5 k=7: |I|=8 dihedral of order 2(n-1): True; generator c of the cyclic half: ((4, 1), (1, 1)); transport keeps <c>: True; reflection classes under <c>: 2; transport swaps them: True / keeps them: False; inner half == <c>: True
  D6 k=1: |I|=10 dihedral of order 2(n-1): True; generator c of the cyclic half: ((5, 1), (1, 1)); transport keeps <c>: True; reflection classes under <c>: 1; transport swaps them: None / keeps them: True; inner half == <c>: False
  D6 k=2: |I|=10 dihedral of order 2(n-1): True; generator c of the cyclic half: ((5, 1), (1, 1)); transport keeps <c>: True; reflection classes under <c>: 1; transport swaps them: None / keeps them: True; inner half == <c>: False
  D6 k=3: |I|=10 dihedral of order 2(n-1): True; generator c of the cyclic half: ((5, 1), (1, 1)); transport keeps <c>: True; reflection classes under <c>: 1; transport swaps them: None / keeps them: True; inner half == <c>: False
  D6 k=4: |I|=10 dihedral of order 2(n-1): True; generator c of the cyclic half: ((5, 1), (1, 1)); transport keeps <c>: True; reflection classes under <c>: 1; transport swaps them: None / keeps them: True; inner half == <c>: False
  D6 k=6: |I|=10 dihedral of order 2(n-1): True; generator c of the cyclic half: ((5, 1), (1, 1)); transport keeps <c>: True; reflection classes under <c>: 1; transport swaps them: None / keeps them: True; inner half == <c>: False
  D6 k=7: |I|=10 dihedral of order 2(n-1): True; generator c of the cyclic half: ((5, 1), (1, 1)); transport keeps <c>: True; reflection classes under <c>: 1; transport swaps them: None / keeps them: True; inner half == <c>: False
  D6 k=8: |I|=10 dihedral of order 2(n-1): True; generator c of the cyclic half: ((5, 1), (1, 1)); transport keeps <c>: True; reflection classes under <c>: 1; transport swaps them: None / keeps them: True; inner half == <c>: False
  D6 k=9: |I|=10 dihedral of order 2(n-1): True; generator c of the cyclic half: ((5, 1), (1, 1)); transport keeps <c>: True; reflection classes under <c>: 1; transport swaps them: None / keeps them: True; inner half == <c>: False
  D7 k=1: |I|=12 dihedral of order 2(n-1): True; generator c of the cyclic half: ((6, 1), (1, 1)); transport keeps <c>: True; reflection classes under <c>: 2; transport swaps them: True / keeps them: False; inner half == <c>: True
  D7 k=5: |I|=12 dihedral of order 2(n-1): True; generator c of the cyclic half: ((6, 1), (1, 1)); transport keeps <c>: True; reflection classes under <c>: 2; transport swaps them: True / keeps them: False; inner half == <c>: True
  D7 k=7: |I|=12 dihedral of order 2(n-1): True; generator c of the cyclic half: ((6, 1), (1, 1)); transport keeps <c>: True; reflection classes under <c>: 2; transport swaps them: True / keeps them: False; inner half == <c>: True
  D7 k=11: |I|=12 dihedral of order 2(n-1): True; generator c of the cyclic half: ((6, 1), (1, 1)); transport keeps <c>: True; reflection classes under <c>: 2; transport swaps them: True / keeps them: False; inner half == <c>: True
[FAIL] AZ5c: POST-REVEAL [obs]: at every lag coprime to n-1 (n = 3..7) I_k is dihedral of order 2(n-1); the transport preserves its cyclic half; for n odd it swaps the two reflection classes (an outer automorphism) and the inner half is exactly the cyclic half; for n even there is one reflection class and the transport keeps it
  D4 k=1: the two realising Weyl elements: [('+e3', '+e2', '+e1', '+e4'), ('-e3', '-e2', '-e1', '-e4')]; a reflection among them: [True, True]
  D4 k=5: the two realising Weyl elements: [('+e3', '+e2', '+e1', '+e4'), ('-e3', '-e2', '-e1', '-e4')]; a reflection among them: [True, True]
  D6 k=1: the two realising Weyl elements: [('+e5', '+e4', '+e3', '+e2', '+e1', '+e6'), ('-e5', '-e4', '-e3', '-e2', '-e1', '-e6')]; a reflection among them: [False, False]
  D6 k=3: the two realising Weyl elements: [('+e5', '+e4', '+e3', '+e2', '+e1', '+e6'), ('-e5', '-e4', '-e3', '-e2', '-e1', '-e6')]; a reflection among them: [False, False]
  D6 k=7: the two realising Weyl elements: [('+e5', '+e4', '+e3', '+e2', '+e1', '+e6'), ('-e5', '-e4', '-e3', '-e2', '-e1', '-e6')]; a reflection among them: [False, False]
  D6 k=9: the two realising Weyl elements: [('+e5', '+e4', '+e3', '+e2', '+e1', '+e6'), ('-e5', '-e4', '-e3', '-e2', '-e1', '-e6')]; a reflection among them: [False, False]
  D3 k=1: transport-stable cyclic half <c>, c of type ((2, 1), (1, 1)); reflection classes 2; swaps True / keeps False; inner half == <c>: True  (n = 3: <c> = <R^2> = C_W(R))
  D3 k=3: transport-stable cyclic half <c>, c of type ((2, 1), (1, 1)); reflection classes 2; swaps True / keeps False; inner half == <c>: True  (n = 3: <c> = <R^2> = C_W(R))
  D4 k=1: transport-stable cyclic half <c>, c of type ((3, 1), (1, 1)); reflection classes 1; swaps False / keeps True; inner half == <c>: False
  D4 k=2: transport-stable cyclic half <c>, c of type ((3, 1), (1, 1)); reflection classes 1; swaps False / keeps True; inner half == <c>: False
  D4 k=4: transport-stable cyclic half <c>, c of type ((3, 1), (1, 1)); reflection classes 1; swaps False / keeps True; inner half == <c>: False
  D4 k=5: transport-stable cyclic half <c>, c of type ((3, 1), (1, 1)); reflection classes 1; swaps False / keeps True; inner half == <c>: False
  D5 k=1: transport-stable cyclic half <c>, c of type ((4, 1), (1, 1)); reflection classes 2; swaps True / keeps False; inner half == <c>: True
  D5 k=3: transport-stable cyclic half <c>, c of type ((4, 1), (1, 1)); reflection classes 2; swaps True / keeps False; inner half == <c>: True
  D5 k=5: transport-stable cyclic half <c>, c of type ((4, 1), (1, 1)); reflection classes 2; swaps True / keeps False; inner half == <c>: True
  D5 k=7: transport-stable cyclic half <c>, c of type ((4, 1), (1, 1)); reflection classes 2; swaps True / keeps False; inner half == <c>: True
  D6 k=1: transport-stable cyclic half <c>, c of type ((5, 1), (1, 1)); reflection classes 1; swaps False / keeps True; inner half == <c>: False
  D6 k=2: transport-stable cyclic half <c>, c of type ((5, 1), (1, 1)); reflection classes 1; swaps False / keeps True; inner half == <c>: False
  D6 k=3: transport-stable cyclic half <c>, c of type ((5, 1), (1, 1)); reflection classes 1; swaps False / keeps True; inner half == <c>: False
  D6 k=4: transport-stable cyclic half <c>, c of type ((5, 1), (1, 1)); reflection classes 1; swaps False / keeps True; inner half == <c>: False
  D6 k=6: transport-stable cyclic half <c>, c of type ((5, 1), (1, 1)); reflection classes 1; swaps False / keeps True; inner half == <c>: False
  D6 k=7: transport-stable cyclic half <c>, c of type ((5, 1), (1, 1)); reflection classes 1; swaps False / keeps True; inner half == <c>: False
  D6 k=8: transport-stable cyclic half <c>, c of type ((5, 1), (1, 1)); reflection classes 1; swaps False / keeps True; inner half == <c>: False
  D6 k=9: transport-stable cyclic half <c>, c of type ((5, 1), (1, 1)); reflection classes 1; swaps False / keeps True; inner half == <c>: False
  D7 k=1: transport-stable cyclic half <c>, c of type ((6, 1), (1, 1)); reflection classes 2; swaps True / keeps False; inner half == <c>: True
  D7 k=5: transport-stable cyclic half <c>, c of type ((6, 1), (1, 1)); reflection classes 2; swaps True / keeps False; inner half == <c>: True
  D7 k=7: transport-stable cyclic half <c>, c of type ((6, 1), (1, 1)); reflection classes 2; swaps True / keeps False; inner half == <c>: True
  D7 k=11: transport-stable cyclic half <c>, c of type ((6, 1), (1, 1)); reflection classes 2; swaps True / keeps False; inner half == <c>: True
[PASS] AZ5c-b: POST-REVEAL [obs] with the transport-stable cyclic half: I_k at coprime lags is dihedral of order 2(n-1); n odd: the transport swaps the two reflection classes and the inner half is the cyclic half; n even: one reflection class, kept
  D4 k=1: realising pair == {R^{h/2}, w0 R^{h/2}}: True
  D4 k=5: realising pair == {R^{h/2}, w0 R^{h/2}}: True
  D6 k=1: realising pair == {R^{h/2}, w0 R^{h/2}}: True
  D6 k=3: realising pair == {R^{h/2}, w0 R^{h/2}}: True
  D6 k=7: realising pair == {R^{h/2}, w0 R^{h/2}}: True
  D6 k=9: realising pair == {R^{h/2}, w0 R^{h/2}}: True
[PASS] AZ5d: POST-REVEAL [obs]: for n even (D4, D6) the two Weyl elements realising the transport are exactly the half-turn R^{h/2} and w0 R^{h/2} (the transport on C_W(R^{2k}) is conjugation by any odd power of R^k; for n even the half-turn is one and is a Weyl element)

------------------------------------------------------------------------------
AZ6 -- [obs] the groups C_W(R^{2k}) on the vectors
------------------------------------------------------------------------------
  D3 k=1: C_W(R^2k) order 4, abelian True, element orders {1: 1, 2: 3}
  D3 k=2: C_W(R^2k) order 24, abelian False, element orders {1: 1, 2: 9, 3: 8, 4: 6}
  D4 k=1: C_W(R^2k) order 6, abelian False, element orders {1: 1, 2: 3, 3: 2}
  D4 k=2: C_W(R^2k) order 6, abelian False, element orders {1: 1, 2: 3, 3: 2}
  D4 k=3: C_W(R^2k) order 192, abelian False, element orders {1: 1, 2: 43, 3: 32, 4: 84, 6: 32}
  D5 k=1: C_W(R^2k) order 8, abelian False, element orders {1: 1, 2: 5, 4: 2}
  D5 k=2: C_W(R^2k) order 32, abelian False, element orders {1: 1, 2: 19, 4: 12}
  D5 k=3: C_W(R^2k) order 8, abelian False, element orders {1: 1, 2: 5, 4: 2}
  D5 k=4: C_W(R^2k) order 1920, abelian False, element orders {1: 1, 2: 155, 3: 80, 4: 500, 6: 400, 5: 384, 8: 240, 12: 160}
  D6 k=1: C_W(R^2k) order 10, abelian False, element orders {1: 1, 2: 5, 5: 4}
  D6 k=2: C_W(R^2k) order 10, abelian False, element orders {1: 1, 2: 5, 5: 4}
  D6 k=3: C_W(R^2k) order 10, abelian False, element orders {1: 1, 2: 5, 5: 4}
  D6 k=4: C_W(R^2k) order 10, abelian False, element orders {1: 1, 2: 5, 5: 4}
  D7 k=1: C_W(R^2k) order 12, abelian False, element orders {1: 1, 2: 7, 6: 2, 3: 2}
  D7 k=2: C_W(R^2k) order 72, abelian False, element orders {1: 1, 2: 21, 4: 18, 6: 24, 3: 8}
  D7 k=3: C_W(R^2k) order 384, abelian False, element orders {1: 1, 2: 111, 4: 144, 3: 32, 6: 96}
  D7 k=4: C_W(R^2k) order 72, abelian False, element orders {1: 1, 2: 21, 4: 18, 6: 24, 3: 8}
  D7 k=5: C_W(R^2k) order 12, abelian False, element orders {1: 1, 2: 7, 6: 2, 3: 2}

------------------------------------------------------------------------------
AZ7 -- [obs], one line
------------------------------------------------------------------------------
  the B3 spinor's lag-3 transports are conjugation by R^3 in W(D4) (SM-060 AV5c, SM-063 AY10d); -1 in W(B3), so Lemma C gives I_3 <= C_W(R^6) = W, vacuous. No computation.

==============================================================================
SUMMARY: 11 PASS, 2 FAIL of 13 checks
  FAIL: AZ5b
  FAIL: AZ5c
[t= 108.8s] done
