==============================================================================
STONE AZ -- THE DOUBLED CLOCK (the vector boards' shared grammar is the centralizer of R^{2k})
==============================================================================
[PASS] AZ0: the brief is sha-locked: sha256(BRIEF_STONE_AZ_DOUBLED_CLOCK.md) equals BRIEF_STONE_AZ_LOCK.sha256  -> 45d75b305ee15f37...
  board machine loaded verbatim from verify_stone_av_d5_anomaly.py (sha256 c5d56d4cc4439220)
  new machine (four lines):
def D_vec(n):  # weights +-e_i; roots e_i - e_{i+1}, e_{n-1} + e_n
    roots = [tuple(x - y for x, y in zip(e(i, n), e(i + 1, n))) for i in range(n - 1)] + [tuple(x + y for x, y in zip(e(n - 2, n), e(n - 1, n)))]
    w = [e(i, n) for i in range(n)] + [tuple(-x for x in e(i, n)) for i in range(n)]
    return board(w, roots)

  Minuscule from verify_stone_aq_rush_shi_defect.py (sha256 b83aa9958d7df993); BFS from verify_stone_at_grammar_family.py (sha256 7063393558f83fcc)

------------------------------------------------------------------------------
AZ1 -- Lemma C: I_k <= C_W(R^{2k}) wherever an involution centralizes W and reverses R
------------------------------------------------------------------------------
  A3 w2 |W|=    24: antipode in W False centralizes W True  reverses R True   I_k <= C_W(R^2k) at every lag: True  (|I_k|,|C_2k|): [(4, 4), (24, 24), (4, 4)]
[t=   0.0s] A3 w2 done
  A5 w3 |W|=   720: antipode in W False centralizes W True  reverses R True   I_k <= C_W(R^2k) at every lag: True  (|I_k|,|C_2k|): [(1, 1), (1, 1), (2, 720), (1, 1), (1, 1)]
[t=   0.2s] A5 w3 done
  A7 w4 |W|= 40320: antipode in W False centralizes W True  reverses R True   I_k <= C_W(R^2k) at every lag: True  (|I_k|,|C_2k|): [(1, 1), (1, 2), (1, 1), (2, 40320), (1, 1), (1, 2), (1, 1)]
[t=   4.2s] A7 w4 done
  D4 w1 |W|=   192: antipode in W True  centralizes W True  reverses R True   I_k <= C_W(R^2k) at every lag: True  (|I_k|,|C_2k|): [(6, 6), (6, 6), (192, 192), (6, 6), (6, 6)]
[t=   4.2s] D4 w1 done
  D4 w3 |W|=   192: antipode in W True  centralizes W True  reverses R True   I_k <= C_W(R^2k) at every lag: True  (|I_k|,|C_2k|): [(6, 6), (6, 6), (192, 192), (6, 6), (6, 6)]
[t=   4.2s] D4 w3 done
  D4 w4 |W|=   192: antipode in W True  centralizes W True  reverses R True   I_k <= C_W(R^2k) at every lag: True  (|I_k|,|C_2k|): [(6, 6), (6, 6), (192, 192), (6, 6), (6, 6)]
[t=   4.2s] D4 w4 done
  D5 w1 |W|=  1920: antipode in W False centralizes W True  reverses R True   I_k <= C_W(R^2k) at every lag: True  (|I_k|,|C_2k|): [(8, 8), (32, 32), (8, 8), (1920, 1920), (8, 8), (32, 32), (8, 8)]
[t=   4.3s] D5 w1 done
  D6 w1 |W|= 23040: antipode in W True  centralizes W True  reverses R True   I_k <= C_W(R^2k) at every lag: True  (|I_k|,|C_2k|): [(10, 10), (10, 10), (10, 10), (10, 10), (23040, 23040), (10, 10), (10, 10), (10, 10), (10, 10)]
[t=   4.9s] D6 w1 done
  D6 w5 |W|= 23040: antipode in W True  centralizes W True  reverses R True   I_k <= C_W(R^2k) at every lag: True  (|I_k|,|C_2k|): [(1, 1), (1, 1), (1, 1), (1, 1), (4, 23040), (1, 1), (1, 1), (1, 1), (1, 1)]
[t=   6.0s] D6 w5 done
  D6 w6 |W|= 23040: antipode in W True  centralizes W True  reverses R True   I_k <= C_W(R^2k) at every lag: True  (|I_k|,|C_2k|): [(1, 1), (1, 1), (1, 1), (1, 1), (4, 23040), (1, 1), (1, 1), (1, 1), (1, 1)]
[t=   7.1s] D6 w6 done
  D7 w1 |W|=322560: antipode in W False centralizes W True  reverses R True   I_k <= C_W(R^2k) at every lag: True  (|I_k|,|C_2k|): [(12, 12), (72, 72), (384, 384), (72, 72), (12, 12), (322560, 322560), (12, 12), (72, 72), (384, 384), (72, 72), (12, 12)]
[t=  15.9s] D7 w1 done
  B4 spinor |W|=384: antipode in W True centralizes W True reverses R True  inclusion True  (|I_k|,|C_2k|): [(1, 1), (1, 4), (1, 1), (8, 384), (1, 1), (1, 4), (1, 1)]
[PASS] AZ1: on the eleven boards with a W-central reverser (ten of the 42 + the B4 spinor) the antipode centralizes W, reverses R, and I_k <= C_W(R^{2k}) at every lag

------------------------------------------------------------------------------
AZ2 -- Lemma D: on the D_n vector boards I_k = C_W(R^{2k}) as sets (n = 3..7)
------------------------------------------------------------------------------
  D3 vector (N=6, |W|=24, h=4): k=1 |I|=4 |C_k|=2 |C_2k|=4 =; k=2 |I|=24 |C_k|=4 |C_2k|=24 =; k=3 |I|=4 |C_k|=2 |C_2k|=4 =
[t=  16.0s] D3 vector done
  D4 vector (N=8, |W|=192, h=6): k=1 |I|=6 |C_k|=2 |C_2k|=6 =; k=2 |I|=6 |C_k|=6 |C_2k|=6 =; k=3 |I|=192 |C_k|=16 |C_2k|=192 =; k=4 |I|=6 |C_k|=6 |C_2k|=6 =; k=5 |I|=6 |C_k|=2 |C_2k|=6 =
[t=  16.0s] D4 vector done
  D5 vector (N=10, |W|=1920, h=8): k=1 |I|=8 |C_k|=2 |C_2k|=8 =; k=2 |I|=32 |C_k|=8 |C_2k|=32 =; k=3 |I|=8 |C_k|=2 |C_2k|=8 =; k=4 |I|=1920 |C_k|=32 |C_2k|=1920 =; k=5 |I|=8 |C_k|=2 |C_2k|=8 =; k=6 |I|=32 |C_k|=8 |C_2k|=32 =; k=7 |I|=8 |C_k|=2 |C_2k|=8 =
[t=  16.1s] D5 vector done
  D6 vector (N=12, |W|=23040, h=10): k=1 |I|=10 |C_k|=2 |C_2k|=10 =; k=2 |I|=10 |C_k|=10 |C_2k|=10 =; k=3 |I|=10 |C_k|=2 |C_2k|=10 =; k=4 |I|=10 |C_k|=10 |C_2k|=10 =; k=5 |I|=23040 |C_k|=128 |C_2k|=23040 =; k=6 |I|=10 |C_k|=10 |C_2k|=10 =; k=7 |I|=10 |C_k|=2 |C_2k|=10 =; k=8 |I|=10 |C_k|=10 |C_2k|=10 =; k=9 |I|=10 |C_k|=2 |C_2k|=10 =
[t=  16.6s] D6 vector done
  D7 vector (N=14, |W|=322560, h=12): k=1 |I|=12 |C_k|=2 |C_2k|=12 =; k=2 |I|=72 |C_k|=12 |C_2k|=72 =; k=3 |I|=384 |C_k|=16 |C_2k|=384 =; k=4 |I|=72 |C_k|=72 |C_2k|=72 =; k=5 |I|=12 |C_k|=2 |C_2k|=12 =; k=6 |I|=322560 |C_k|=384 |C_2k|=322560 =; k=7 |I|=12 |C_k|=2 |C_2k|=12 =; k=8 |I|=72 |C_k|=72 |C_2k|=72 =; k=9 |I|=384 |C_k|=16 |C_2k|=384 =; k=10 |I|=72 |C_k|=12 |C_2k|=72 =; k=11 |I|=12 |C_k|=2 |C_2k|=12 =
[t=  25.9s] D7 vector done
[PASS] AZ2: on D_3..D_7 (vector boards) I_k = C_W(R^{2k}) as sets at every lag; every transport of C_W(R^{2k}) lies in the pairing stabilizer and is even (sampled where |C| > 2000)
[PASS] AZ2b: [P] the orders reproduce SM-058's table (|I_k| and |C_k|) on D_3 = A3w2, D_4, D_5, D_6, D_7

------------------------------------------------------------------------------
AZ3 -- Lemma E: what a transport changes; inner iff same signed type (REGISTERED counts)
------------------------------------------------------------------------------
