==============================================================================
STONE AK -- THE TWO TWENTY-FOURS
==============================================================================
[PASS] AK0: the brief is sha-locked: sha256(BRIEF_STONE_AK_TWO_TWENTYFOURS.md) equals BRIEF_STONE_AK_LOCK.sha256  -> 8920105d9b4a8b54...
==============================================================================
STONE AA -- THE ROOF CLOCK, FIRST MEASUREMENT
the turn tau'' realized on the 360 nonsingular points of V, S+, S-;
<Omega, Phi> = O8+(2):3 explicit; first measurements   [caches READ-ONLY]
==============================================================================

------------------------------------------------------------------------------
STAGE 0 -- AA0: brief lock; Stone X + SM-038 machinery replayed VERBATIM
------------------------------------------------------------------------------
[PASS] REPLAY-AA0: the brief is sha-locked: sha256(BRIEF_STONE_AA_ROOFCLOCK.md) equals the value in BRIEF_STONE_AA_LOCK.sha256  -> 0759ad94bdd8d1ed...
[PASS] REPLAY-AA0a: REPLAY cross-check: tau on the 26 generators and T+ reproduce the sealed Stone X witnesses byte-for-byte
[PASS] REPLAY-AA0b: SM-038 replayed: |G| = 12096 (exhaustive sift, identical to the cached G_rows); y unique and equal to the sealed y_cols; tau'' fixes G's generators; tau''^3 = id on all 26 generators
[t=   7.8s] stage 0 done

------------------------------------------------------------------------------
STAGE 1 -- AA1: rho-, Q-, the three 120-point blocks, P(Omega) on 360
------------------------------------------------------------------------------
[PASS] REPLAY-AA1a: Q- (the rho-(Omega)-invariant quadratic form on S-) is UNIQUE (nullspace dim 1) and PLUS-TYPE: 120 nonsingular spinors, as Q+ on S+ and q on V
[PASS] REPLAY-AA1b: P(Omega) on the 360 points: the three blocks are three orbits of size 120 each; BSGS order 174,182,400 = |O8+(2)| (faithful)
[t=   9.8s] stage 1 done (BSGS on 360 points)

------------------------------------------------------------------------------
STAGE 2 -- AA2: THE TURN ON STATES -- Phi, order 3, footprint tau''^2
------------------------------------------------------------------------------
[PASS] REPLAY-AA2a: T'' = y^-1 s1-bar T+ intertwines: tau''(g) = T'' rho+(g) T''^-1 on all 26 generators; the intertwiner L: S+ -> S- with L rho+(g) = rho-(tau''^2 g) L exists and is UNIQUE (space dim 1, 1 invertible solution)
[PASS] REPLAY-AA2b: L carries Q+ to Q- on all 256 spinors (an isometry (S+,Q+) -> (S-,Q-)): the twisted spin module is the other half-spin module, with its form
[PASS] REPLAY-AA2c: REGISTERED EXPECTATION CONFIRMED: Phi is a permutation of the 360 points of EXACT order 3 (V -> S+ -> S- -> V) and Phi P(g) Phi^-1 = P(tau''^2(g)) for ALL 26 generators exactly -- the turn acts on states with footprint tau''^2 = tau''^-1
[PASS] REPLAY-AA2d: Phi is not in P(Omega) (membership strip) and |<P(Omega), Phi>| = 522,547,200 = 3 |O8+(2)|: O8+(2):3 as an explicit permutation group on 360 points  -> order 522547200
[t=  15.0s] stage 2 done

------------------------------------------------------------------------------
AK0a -- replay: the still point on 360 points
------------------------------------------------------------------------------
[PASS] AK0a: Phi equals the sealed cache; G2(2) on 360 points: 12,096 elements whose vector parts are the sealed G_list

------------------------------------------------------------------------------
AK1 -- the still point's eights and the type map
------------------------------------------------------------------------------
  order-8 class of size 1512 -> order-24 types of Phi.g: {'{24: 12, 12: 3, 6: 5, 3: 2}': 1512}
  order-8 class of size 1512 -> order-24 types of Phi.g: {'{24: 12, 12: 5, 6: 1, 3: 2}': 1512}
[FAIL] AK1a: REGISTERED GUESS: the 3,024 elements of order 8 form exactly two G2(2)-classes of 1,512, and each class turns into ONE order-24 cycle type, the two types different  -> classes [1512, 1512]
  representatives: ['{24: 12, 12: 3, 6: 5, 3: 2}', '{24: 12, 12: 5, 6: 1, 3: 2}']

------------------------------------------------------------------------------
AK2 -- the centralizers of the twenty-fours through the fibre over the twelfth power
------------------------------------------------------------------------------
[t=  18.4s] type {24: 12, 12: 3, 6: 5, 3: 2}: class of e^12 has 1575 elements (centralizer 110592) (0.5s)
[t= 191.3s] C_Omega(e^12): 110592 elements (172.9s); expected 110592
  type {24: 12, 12: 3, 6: 5, 3: 2}: |C_Omega(e)| = 8; equals <e^3>: True; class of e: 21772800 = 1/8 of the coset
[t= 192.8s] type {24: 12, 12: 5, 6: 1, 3: 2}: class of e^12 has 1575 elements (centralizer 110592) (0.1s)
[t= 364.7s] C_Omega(e^12): 110592 elements (171.9s); expected 110592
  type {24: 12, 12: 5, 6: 1, 3: 2}: |C_Omega(e)| = 8; equals <e^3>: True; class of e: 21772800 = 1/8 of the coset
[PASS] AK2a: REGISTERED: for both types C_Omega(e) = <e^3> of order EXACTLY 8, so each type's class has 21,772,800 elements = 1/8 of the coset, the two together 1/4 (sampled 25.0 % / 25.2 %)

------------------------------------------------------------------------------
AK3 -- one class per type: 100 sampled order-24 twisted elements per type, each tested exactly
------------------------------------------------------------------------------
  sampled per type: {'{24: 12, 12: 3, 6: 5, 3: 2}': 100, '{24: 12, 12: 5, 6: 1, 3: 2}': 100}; conjugate to the representative: {'{24: 12, 12: 3, 6: 5, 3: 2}': 100, '{24: 12, 12: 5, 6: 1, 3: 2}': 100}
[PASS] AK3a: REGISTERED: every sampled order-24 twisted element is conjugate to the representative of its type (100 + 100, exact) -- the order-24 elements are exactly TWO classes, one per cycle type

------------------------------------------------------------------------------
AK4 -- [obs] the twelfth powers against the eighteen's ninth power
------------------------------------------------------------------------------
  [obs] type {24: 12, 12: 3, 6: 5, 3: 2}: e^12 in the class of (Phi.c-bar)^9 (size 1575): True; class of e^12 has 1575 elements; fixed points per block [24, 24, 24]
  [obs] type {24: 12, 12: 5, 6: 1, 3: 2}: e^12 in the class of (Phi.c-bar)^9 (size 1575): True; class of e^12 has 1575 elements; fixed points per block [24, 24, 24]

------------------------------------------------------------------------------
AK5 -- [obs] the twisted-coset densities in hand
------------------------------------------------------------------------------
  [obs] 18: 1/6 (SM-047); 24: 1/8 + 1/8 (this stone); together 5/12 = 0.4167 vs SM-039's sampled 0.4146; order 21 sampled 0.1427 vs 1/7 = 0.1429 predicted if C_Omega(Phi.g7) = <g7> -- a prediction for a later stone, not tested here

------------------------------------------------------------------------------
VERDICT
------------------------------------------------------------------------------
RESULT: 13 checks passed, 1 failed  FAILED: ['AK1a']
[t= 379.7s] done
