====================================================================
6<->5   Ih = A5 x Z2   vs   2I = SL(2,5)   (both order 120)
====================================================================
  [PASS] |A5 x Z2| = 120 [C]  --  got 120
  [PASS] A5xZ2 has an order-6 element (contains C6) [C]  --  {1: 1, 2: 31, 3: 20, 5: 24, 6: 20, 10: 24}
  [PASS] A5xZ2 has NO order-4 element [C]  --  {1: 1, 2: 31, 3: 20, 5: 24, 6: 20, 10: 24}
  [PASS] A5xZ2 has many involutions (>=3, so it is the SPLIT type) [C]  --  31 involutions
  [PASS] |SL(2,5)| = 120 [C]  --  got 120
  [PASS] SL(2,5) center = {+-I}, order 2 [C]  --  [(1, 0, 0, 1), (4, 0, 0, 4)]
  [PASS] SL(2,5) has a UNIQUE involution (non-split signature) [C]  --  {1: 1, 2: 1, 3: 20, 4: 30, 5: 24, 6: 20, 10: 24}
  [PASS] SL(2,5) not iso A5xZ2  (1 involution vs many) [C]
  [PASS] SL(2,5)/center has order 60 (= A5 = PSL(2,5)) [C]
  [P] Schur multiplier of A5 is Z2 -> EXACTLY two central Z2-extensions
      of A5 of order 120: the split A5xZ2 and the non-split cover SL(2,5).
      Both are built above; this is why the mediator is DOUBLE. (classical)
  [PASS] S3 embeds in A5 (as <(012),(01)(34)>), order 6 [C]
  [PASS] D6 = S3 x Z2 order 12, is dihedral D6 [C]  --  {1: 1, 2: 7, 3: 2, 6: 2}
  [PASS] D6 contains C6 [C]
  [PASS] D6 embeds in A5xZ2, and D6 ^ A5 = S3 (order 6) [C]
  [PASS] D6 does NOT embed in SL(2,5) (D6 has >=3 involutions, SL(2,5) has 1) [C]  --  D6 has 7 involutions
  [PASS] Dic3 = C3|xC4 (order 12) embeds in SL(2,5) [C]  --  order 12
  [PASS] Dic3 contains an order-4 element and an order-6 element [C]
  [PASS] Dic3 does NOT embed in A5xZ2 (needs order-4; A5xZ2 has none) [C]
  [PASS] S4 fails: has NO order-6 element (so no C6) [C]  --  {1: 1, 2: 9, 3: 8, 4: 6}
  [PASS] D12 (dihedral order 24) fails: needs order-12; A5xZ2 max order is 10 [C]  --  max order 10
  [PASS] GL(2,3) & 2O (order 48) fail: 48 does NOT divide 120 (Lagrange) [C]
  [PASS] EXACTLY TWO survive, one per extension (D6 in Ih, Dic3 in 2I) [C]
====================================================================
5<->4   A5 ^ S4 = A4   (S5 ambient; S4 fixes a point; A5 index 2)
====================================================================
  [PASS] |A5 ^ S4| = 12  and equals A4 exactly [C]  --  |inter|=12
  [PASS] the intersection has A4's order-profile {1:1,2:3,3:8} [C]  --  {1: 1, 2: 3, 3: 8}
  [PASS] A4 embeds in A5 and in S4 [C]
  [PASS] D6 (order 6 elt) embeds in NEITHER A5 nor S4 (no order-6 element) [C]
  [PASS] D4 (order 8): 8 does NOT divide 60 -> not in A5; but D4 <= S4 [C]
  [PASS] A4 has NO subgroup of order 6 -> S3 cannot sit inside A5^S4; only C3 does [C]  --  A4 subgroup-orders [1, 2, 3, 4, 12]
  [PASS] 2T (order 24): 24 does NOT divide 60 -> not in A5 [C]
  [PASS] 2O (order 48): 48 does NOT divide 24 -> not in S4 [C]
====================================================================
4<->3   V4 is the internal hinge of A4 < S4
====================================================================
  [PASS] |V4| = 4, V4 = Z2xZ2 [C]
  [PASS] V4 is normal in S4 [C]
  [PASS] V4 is normal in A4 [C]
  [PASS] V4 is the UNIQUE proper nontrivial normal subgroup of A4 [C]  --  1 found, orders [4]
  [PASS] S4 / V4 has order 6 and profile of S3 {1:1,2:3,3:2} [C]  --  order 6, prof {1: 1, 2: 3, 3: 2}
====================================================================
3<->2   the one-way door: A4 -> V4 -> Z2, but A4 has no Z2 quotient
====================================================================
  [PASS] A4 / V4 = C3  (order 3), NOT Z2 [C]  --  order 3, prof {1: 1, 3: 2}
  [PASS] A4 has NO index-2 (order-6) subgroup -> NO Z2 quotient [C]
  [PASS] V4 = Z2xZ2 contains exactly THREE Z2 subgroups [C]
====================================================================
2<->1   closed by definition: Z2 -> {e}
====================================================================
  [PASS] Z2 has prime order 2 -> only subgroups {e} and Z2 (no intermediate) [C]
  [PASS] Z2 / {e} = Z2, and the quotient map is unique [C]
====================================================================
7<->6   the top rung (Ilya: 'EXISTING RESULT' = our SM-003 / SM-015)
====================================================================
  [PASS] |PSL(2,7)| = 168 (Mobius on 8 points; |SL(2,7)|=336) [C]  --  got 168, |SL27|=336
  [PASS] PSL(2,7) element orders = {1,2,3,4,7}; NO order-6 element [C]  --  {1: 1, 2: 21, 3: 56, 4: 42, 7: 48}
  [PASS] QUANTUM GAP corrected: PSL(2,7) has no C6 -> no LOCAL C6 mediator (holds) [C]
  [PASS] PSL(2,7) contains Z2, Z3 and Z2xZ2 -> DOES share subgroups with C6xZ2 (the literal 'no common subgroup' is REFUTED) [C]
  [PASS] 56 = 2 x 28 [C]
  [P/cited] Sp6(2)=W(E7)/+- (order 1451520), W(E6)=stabilizer of one of the 28
  Klein-quartic bitangents, PSL(2,7) transitive on 28, intersection S3=N(<z3>),
  class 3A 2-to-1 onto 28: ALREADY SEALED in SM-003 (verify_tbr_bridge.py) and
  SM-015 (verify_stoneq_clifford.py). Cited as the 7<->6 anchor, not re-derived.
  [FLAG] 'level 6' is THREE different groups across the batch: A5xZ2 (6<->5) vs
  W(E6) (7<->6 bridge) vs C6xZ2 (quantum gap). The 'descent' is NOT one tower of
  groups; reconcile the level labels before an SM-row seals it as one object.
====================================================================
Interpretive [I] claims (recorded, NOT numerically graded):
  [I] A4 = tetrahedron inscribed in both cube and dodecahedron (5<->4)
  [I] D6 = trigonal-antiprism hinge; Dic3 = spinorial hinge (6<->5)
  [I] V4 = the three perpendicular 2-fold axes of the cube (4<->3)
  [I] 7<->6 as a 'quantum gap' / entanglement through Sp6(2) (interpretation)
  [I] the six bridge TYPES T1-T6 of BRIDGE SPECIFICATION (a framework, not a theorem)
====================================================================
MEDIATOR DESCENT: 44 computed checks PASS, 0 FAIL
VERDICT: every concrete group-theoretic claim in Ilya's 7<->6..2<->1 chain
reproduces (the 7<->6 rung = our sealed SM-003/SM-015). TWO honest flags at
equal prominence: (a) 'level 6' names three different groups across the files;
(b) the quantum-gap 'no common subgroup' overstates - only 'no C6 mediator'
holds. The [I] readings + the T1-T6 framework are not graded. Candidate SM-row
once the level labels are reconciled.
