==============================================================================
TRIALITY x CRYSTALS — the D4 triple, the clock, the turn, the fold
dynamics-register run for TWO_REGISTER_MODEL_v0.1 (2026-09-02)
==============================================================================

REGISTERED EXPECTATIONS (logged before computation; fail-first):
  E1  sigma = crystal isomorphisms  B(w1)->B(w3)->B(w4)->B(w1), colors (1 3 4)
  E2  HEADLINE: sigma o Psi = Psi o sigma on the 24-vertex union
  E3  GUESS: spiral S = sigma o Psi contains an ORDER-18 cycle (3 x h)
  E4  FOLD: quotient by sigma = G2 7-crystal (+) trivial piece  (8 = 7 + 1)
Each may resolve REFUTED; the refutation is recorded at equal prominence.

--- 1. the three minuscule crystals (Kashiwara lowering) --------------------
[PASS] (01) B(w1): exactly 8 vertices  -> |V|=8, |E|=8
[PASS] (02) B(w1): connected
[PASS] (03) B(w1): minuscule — all Dynkin labels in {-1,0,1}
[PASS] (04) B(w3): exactly 8 vertices  -> |V|=8, |E|=8
[PASS] (05) B(w3): connected
[PASS] (06) B(w3): minuscule — all Dynkin labels in {-1,0,1}
[PASS] (07) B(w4): exactly 8 vertices  -> |V|=8, |E|=8
[PASS] (08) B(w4): connected
[PASS] (09) B(w4): minuscule — all Dynkin labels in {-1,0,1}
[PASS] (10) B(w1) weights = {+-e_i}
[PASS] (11) B(w3) weights = spinors with ODD  number of minus signs
[PASS] (12) B(w4) weights = spinors with EVEN number of minus signs
[PASS] (13) the three weight-sets are pairwise disjoint

colored edge lists (f-edges, highest weight at top):
  B(w1):
             +e1  -1->  +e2
             +e2  -2->  +e3
             +e3  -3->  +e4
             +e3  -4->  -e4
             +e4  -4->  -e3
             -e2  -1->  -e1
             -e3  -2->  -e2
             -e4  -3->  -e3
  B(w3):
     (+ - + +)/2  -1->  (- + + +)/2
     (+ + - +)/2  -2->  (+ - + +)/2
     (+ + + -)/2  -3->  (+ + - +)/2
     (+ - + +)/2  -4->  (+ - - -)/2
     (- + + +)/2  -4->  (- + - -)/2
     (+ - - -)/2  -1->  (- + - -)/2
     (- + - -)/2  -2->  (- - + -)/2
     (- - + -)/2  -3->  (- - - +)/2
  B(w4):
     (+ + + +)/2  -4->  (+ + - -)/2
     (+ - + -)/2  -1->  (- + + -)/2
     (+ - - +)/2  -1->  (- + - +)/2
     (+ + - -)/2  -2->  (+ - + -)/2
     (- + - +)/2  -2->  (- - + +)/2
     (+ - + -)/2  -3->  (+ - - +)/2
     (- + + -)/2  -3->  (- + - +)/2
     (- - + +)/2  -4->  (- - - -)/2

--- 2. triality sigma: matrix, order 3, weight-set 3-cycle -----------------
[PASS] (14) 2*sigma is an integer matrix (entries of sigma are half-integers)  -> sigma = (1/2) * [[1, 1, 1, 1], [1, 1, -1, -1], [1, -1, 1, -1], [-1, 1, 1, -1]]
[PASS] (15) sigma alpha_1 = alpha_3, alpha_2 = alpha_2, alpha_3 -> alpha_4, alpha_4 -> alpha_1 (exact)
[PASS] (16) sigma^3 = identity (exact)
[PASS] (17) sigma orthogonal (sigma^T sigma = I): preserves the form, hence pairings
[PASS] (18) sigma(B(w1)) = B(w3)
[PASS] (19) sigma(B(w3)) = B(w4)
[PASS] (20) sigma(B(w4)) = B(w1)

--- 3. E1: sigma as crystal isomorphism, colors permuted by (1 3 4) --------
[PASS] (21) E1: edge-by-edge  B(w1) -> B(w3):  mu -f_i-> nu  iff  sigma(mu) -f_{rho(i)}-> sigma(nu)  -> 8 edges <-> 8 edges
[PASS] (22) E1: edge-by-edge  B(w3) -> B(w4):  mu -f_i-> nu  iff  sigma(mu) -f_{rho(i)}-> sigma(nu)  -> 8 edges <-> 8 edges
[PASS] (23) E1: edge-by-edge  B(w4) -> B(w1):  mu -f_i-> nu  iff  sigma(mu) -f_{rho(i)}-> sigma(nu)  -> 8 edges <-> 8 edges

  ** E1 RESOLUTION: PASS — sigma IS a crystal isomorphism cycling the three. **

--- 4. the clock: J(P) structure and rowmotion per crystal ----------------
  convention (= Merkabit_crystal/verify_csp_27.py): highest weight on TOP,
  f-edges DOWN; ideals are down-sets; Psi(I) = down-ideal generated by the
  minimal elements of the complement P \ I.
[PASS] (24) B(w1): unique top and unique bottom  -> top=+e1, bottom=-e1
[PASS] (25) B(w1): lattice — every pair has a meet and a join
[PASS] (26) B(w1): join-irreducibles |P| = 6  -> P = {+e1, +e2, +e4, -e4, -e2, -e3}
[PASS] (27) B(w1): Birkhoff — x -> I(x) is a bijection onto J(P) (proves distributivity)  -> |J(P)| = 8
[PASS] (28) B(w1): rowmotion is a bijection on the 8 states
[PASS] (29) B(w3): unique top and unique bottom  -> top=(+ + + -)/2, bottom=(- - - +)/2
[PASS] (30) B(w3): lattice — every pair has a meet and a join
[PASS] (31) B(w3): join-irreducibles |P| = 6  -> P = {(+ + - +)/2, (- + + +)/2, (+ + + -)/2, (+ - - -)/2, (- - + -)/2, (- + - -)/2}
[PASS] (32) B(w3): Birkhoff — x -> I(x) is a bijection onto J(P) (proves distributivity)  -> |J(P)| = 8
[PASS] (33) B(w3): rowmotion is a bijection on the 8 states
[PASS] (34) B(w4): unique top and unique bottom  -> top=(+ + + +)/2, bottom=(- - - -)/2
[PASS] (35) B(w4): lattice — every pair has a meet and a join
[PASS] (36) B(w4): join-irreducibles |P| = 6  -> P = {(+ + + +)/2, (+ - - +)/2, (- + + -)/2, (- - + +)/2, (- + - +)/2, (+ + - -)/2}
[PASS] (37) B(w4): Birkhoff — x -> I(x) is a bijection onto J(P) (proves distributivity)  -> |J(P)| = 8
[PASS] (38) B(w4): rowmotion is a bijection on the 8 states

  rowmotion orbit tables (h(D4) = 6 is the expected scale):
  B(w1): Psi-orbit type [6, 2], order 6
      (-e1 -> -e2 -> -e3 -> +e3 -> +e2 -> +e1)
      (-e4 -> +e4)
[PASS] (39) B(w1): measured rowmotion order = 6 = h(D4)  -> cycle type [6, 2]
[PASS] (40) B(w1): CSP — |Fix(Psi^d)| = RGF(zeta_6^d) for all d  -> RGF coeffs [1, 1, 1, 2, 1, 1, 1]; d=0:8|+8.00+0.00i  d=1:0|-0.00-0.00i  d=2:2|+2.00-0.00i  d=3:0|+0.00+0.00i  d=4:2|+2.00-0.00i  d=5:0|+0.00+0.00i
  B(w3): Psi-orbit type [6, 2], order 6
      ((- - - +)/2 -> (- - + -)/2 -> (- + - -)/2 -> (+ - + +)/2 -> (+ + - +)/2 -> (+ + + -)/2)
      ((- + + +)/2 -> (+ - - -)/2)
[PASS] (41) B(w3): measured rowmotion order = 6 = h(D4)  -> cycle type [6, 2]
[PASS] (42) B(w3): CSP — |Fix(Psi^d)| = RGF(zeta_6^d) for all d  -> RGF coeffs [1, 1, 1, 2, 1, 1, 1]; d=0:8|+8.00+0.00i  d=1:0|-0.00-0.00i  d=2:2|+2.00-0.00i  d=3:0|+0.00+0.00i  d=4:2|+2.00-0.00i  d=5:0|+0.00+0.00i
  B(w4): Psi-orbit type [6, 2], order 6
      ((- - - -)/2 -> (- - + +)/2 -> (- + - +)/2 -> (+ - + -)/2 -> (+ + - -)/2 -> (+ + + +)/2)
      ((- + + -)/2 -> (+ - - +)/2)
[PASS] (43) B(w4): measured rowmotion order = 6 = h(D4)  -> cycle type [6, 2]
[PASS] (44) B(w4): CSP — |Fix(Psi^d)| = RGF(zeta_6^d) for all d  -> RGF coeffs [1, 1, 1, 2, 1, 1, 1]; d=0:8|+8.00+0.00i  d=1:0|-0.00-0.00i  d=2:2|+2.00-0.00i  d=3:0|+0.00+0.00i  d=4:2|+2.00-0.00i  d=5:0|+0.00+0.00i

  CSP verdict: CONFIRMED on all three crystals  (RGF = 1+q+q^2+2q^3+q^4+q^5+q^6, palindromic, RGF(1)=8)

--- 5. E2: sigma o Psi = Psi o sigma on the disjoint union ----------------
[PASS] (45) sigma is a poset isomorphism between consecutive crystal orders
[PASS] (46) E2: sigma(Psi(x)) = Psi(sigma(x)) for ALL 24 vertices

  ** E2 RESOLUTION: PASS — the clock COMMUTES with the turn. **
     (content: sigma is a poset isomorphism AND the rowmotion convention
      is intrinsic to the poset — nothing basis- or labeling-dependent.)

--- 6. E3: the spiral operator S = sigma o Psi ('turn then tick') ---------
  note: E2 PASS means the two compositions coincide; S is unambiguous.
[PASS] (47) S well-defined: turn-then-tick = tick-then-turn (E2 again)

  SPIRAL CLOCK: cycle type [6, 6, 6, 6], order 6
    (w1:-e1 -> w3:(- - + -)/2 -> w4:(- + - +)/2 -> w1:+e3 -> w3:(+ + - +)/2 -> w4:(+ + + +)/2)
    (w1:-e2 -> w3:(- + - -)/2 -> w4:(+ - + -)/2 -> w1:+e2 -> w3:(+ + + -)/2 -> w4:(- - - -)/2)
    (w1:-e3 -> w3:(+ - + +)/2 -> w4:(+ + - -)/2 -> w1:+e1 -> w3:(- - - +)/2 -> w4:(- - + +)/2)
    (w1:-e4 -> w3:(+ - - -)/2 -> w4:(+ - - +)/2 -> w1:+e4 -> w3:(- + + +)/2 -> w4:(- + + -)/2)
  S^3 cycle type [2, 2, 2, 2, 2, 2, 2, 2, 2, 2, 2, 2]  (S^3 = Psi^3 by E2: a fixed-point-free involution)
[FAIL] (48) E3 registered guess: an order-18 cycle appears in S  -> true cycle type [6, 6, 6, 6], order 6

  ** E3 RESOLUTION: REFUTED — registered guess was 3 x h = 18; measured order is 6. **
     why 18 was never available: E2 makes sigma and Psi COMMUTE, so
     ord(S) | lcm(ord(sigma), ord(Psi)) = lcm(3,6) = 6.  The E7 56-clock's
     18 = h(E7) is one clock's own order, not a clock-x-turn product.

--- 7. E4: the fold — sigma-quotient of the 24 vs G2 ground truth ---------
[PASS] (49) sigma is fixed-point-free on the 24-vertex union
[PASS] (50) exactly 8 sigma-orbits, each of size 3
[PASS] (51) quotient well-defined: all three crystals fold to the SAME colored graph

  QUOTIENT GRAPH (8 sigma-orbits, labelled by vector representative):
    [+e1]  -a->  [+e2]
    [+e3]  -a->  [+e4]
    [+e3]  -a->  [-e4]
    [-e4]  -a->  [-e3]
    [-e2]  -a->  [-e1]
    [+e4]  -a->  [-e3]
    [+e2]  -b->  [+e3]
    [-e3]  -b->  [-e2]
  quotient: 8 vertices, 8 edges (6 of color a, 2 of color b); f_a functional: NO

  G2 ground truth (independent build, root-basis coordinates, exact):
[PASS] (52) Weyl dimension formula: dim V(w1) for G2 = 7  -> dim = 7
[PASS] (53) W(G2)-orbit of w1 = the 6 short roots  -> orbit = [(-2, -1), (-1, -1), (-1, 0), (1, 0), (1, 1), (2, 1)]
[PASS] (54) all sl2-strings consistent (top label = string length - 1)
[PASS] (55) G2 7-crystal = a 7-vertex CHAIN, color sequence top->bottom = 1,2,1,1,2,1  -> sequence = [1, 2, 1, 1, 2, 1]

  E4 graph-level comparison (quotient vs G2 7-crystal (+) trivial):
[FAIL] (56) E4 (graph level): quotient graph = G2 7-chain (+) isolated vertex  -> quotient has 8 edges (target 6), 0 isolated vertices (target 1), f_a functional: False (a crystal needs yes)

  E4 weight-level comparison (projection onto the sigma-fixed plane):
[PASS] (57) sigma-fixed plane carries G2 root data: length ratio 3, angle 150 deg  -> (a2,a2)/(s0,s0) = 3, cos^2 = 3/4, cos < 0
    orbit -> G2 label:  [-e1]->(-1, 0),  [-e2]->(1, -1),  [-e3]->(-2, 1),  [-e4]->(0, 0),  [+e4]->(0, 0),  [+e3]->(2, -1),  [+e2]->(-1, 1),  [+e1]->(1, 0)
[PASS] (58) E4 (weight level): 8 orbit projections = weights of the G2 7 PLUS one  -> multiset = 7-crystal weights + extra (0,0): zero weight has multiplicity 2

  ** E4 RESOLUTION: REFUTED (graph level). **
     What the quotient ACTUALLY is: the color-folded D4 VECTOR crystal —
     8 vertices in ONE component, 8 edges, with a DIAMOND in the middle
     ([+e3] -a-> [+e4], [+e3] -a-> [-e4], both -a-> [-e3]): the folded operator
     f_a is NOT a partial function (two a-edges leave [+e3]), so the quotient
     is NOT a crystal graph of any type — in particular not G2's 7 (+) 1.
     The 7 (+) 1 lives ONE LEVEL DOWN, at the WEIGHT level: PASS —
     the 8 orbits project onto the sigma-fixed (G2) plane exactly as the
     7-crystal's weights plus a second copy of weight zero (the trivial 1).
     [obs] the turn's fixed world IS G2 and the folded state count IS 7 + 1 —
     but as a character/weight statement, not as a crystal-graph quotient; the
     staircase's 7 reappears at the bottom of the turn one register down.
==============================================================================
SUMMARY: 56 PASS / 2 FAIL of 58 checks
  E1 (sigma = crystal iso, colors (1 3 4))          : PASS
  E2 (HEADLINE: clock commutes with turn)           : PASS
  E3 (guess: order-18 spiral cycle)                 : REFUTED  [measured: cycle type [6, 6, 6, 6], order 6]
  E4 (fold = G2 7-crystal (+) 1)                    : REFUTED at graph level / VERIFIED at weight level (7 + 1 exactly)
==============================================================================
Not RH/GRH; no physics; Rule 3 (no identifications) in force.
First computed meeting of the two registers: the clock (rowmotion, dynamics)
and the turn (triality, grammar footprint) COMMUTE on the D4 triple;
their product is an order-6 spiral, not an order-18 one; the turn's fold
is G2 with state count 7+1 at the weight level, while the graph-level
quotient breaks crystal functionality (the diamond).  Computed, not asserted.
