==============================================================================
STONE AV -- THE D5 ANOMALY ON THE 4-CUBE
==============================================================================
[PASS] AV0: the brief is sha-locked: sha256(BRIEF_STONE_AV_D5_ANOMALY.md) equals BRIEF_STONE_AV_LOCK.sha256  -> d3187dc323dc72e5...
[t=   0.0s] D5 half-spin and B4 spinor built; |W(D5)| = 1920, |W(B4)| = 384

------------------------------------------------------------------------------
AV1 -- one clock on two boards
------------------------------------------------------------------------------
[PASS] AV1: the D5 half-spin and the B4 spinor have 10-element posets, the same rowmotion (type 8^2) under the identification, and W(B4) transported is a subgroup of W(D5) of order 384

------------------------------------------------------------------------------
AV2 -- the survivors against the two orbits (D5 board)
------------------------------------------------------------------------------
[PASS] AV2a: the clock has two free 8-orbits; w0 = -(e1..e4) preserves both and reverses R; the lag-3 survivor is the coordinate permutation (e1 e3)(e2 e5) and it MIXES the orbits  -> ([('+e3', '+e5', '+e1', '+e4', '+e2')], ['mixes'])
[PASS] AV2b: |I_4| = 8, |C_4| = 4; all eight half-turn survivors preserve the orbits; the four extras are two signed 4-cycles on e1,e4,e2,e3 and two involutions, all fixing or negating e5  -> [('+e4', '+e2', '-e3', '+e1', '-e5'), ('+e4', '-e3', '+e2', '-e1', '+e5'), ('-e4', '+e3', '-e2', '+e1', '+e5'), ('-e4', '-e2', '+e3', '-e1', '-e5')]
[FAIL] AV2c: the lag-5 survivor set has order 2 and is the R^2-conjugate of the lag-3 one (I_5 = R^-2 I_3 R^2)

------------------------------------------------------------------------------
AV3 -- the half-turn anomaly lives on the 4-cube (B4 board)
------------------------------------------------------------------------------
[PASS] AV3: on B4: I_k = C_k = {1} for k = 1, 2, 3 (and 5, 6, 7), |I_4| = 8 against |C_4| = 4, and the four extras are the D5 extras restricted to four coordinates  -> ({1: (1, 1), 2: (1, 1), 3: (1, 1), 4: (8, 4), 5: (1, 1), 6: (1, 1), 7: (1, 1)}, [('+e4', '+e2', '-e3', '+e1'), ('+e4', '-e3', '+e2', '-e1'), ('-e4', '+e3', '-e2', '+e1'), ('-e4', '-e2', '+e3', '-e1')])

------------------------------------------------------------------------------
AV4 -- what it is not: F2-affine, or nearly linear
------------------------------------------------------------------------------
[PASS] AV4: no power of the D5 (or D6) clock is affine over F2 on the even code; D4's half-turn is; altitudes of R^k against W(D5) are 10,10,7,8,7,10,10  -> ({4: [3], 5: [], 6: []}, {1: 10, 2: 10, 3: 7, 4: 8, 5: 7, 6: 10, 7: 10})
[t=   0.1s] AV4 done

------------------------------------------------------------------------------
AV5 -- REGISTERED GUESS: specific to the 4-cube (B5 and B3)
------------------------------------------------------------------------------
[FAIL] AV5: REGISTERED GUESS: on the B5 spinor (32, |W| = 3840, h = 10) I_k = C_k for every k; on the B3 spinor (8) the half-turn R^3 is a Weyl element and I_3 = W  -> B5 sizes {1: (1, 1), 2: (1, 1), 3: (1, 1), 4: (1, 1), 5: (2, 2), 6: (1, 1), 7: (1, 1), 8: (1, 1), 9: (1, 1)}; B3 |I_3| = 16 of 48
  [INVERTED] recorded at equal prominence.
[t=   0.3s] AV5 done

------------------------------------------------------------------------------
AV6 -- REGISTERED GUESS: the structure of I_4 on the 4-cube
------------------------------------------------------------------------------
[FAIL] AV6: REGISTERED GUESS: I_4 on the 4-cube is dihedral of order 8 (five involutions, two elements of order 4, non-abelian), generated by C_4 and one signed 4-cycle, and R^-4 g R^4 = g^-1 for every extra g  -> orders {1: 1, 4: 2, 2: 5}, nonabelian True, generated True, inverts False
  [INVERTED] recorded at equal prominence.

------------------------------------------------------------------------------
AV2c-b / AV5b / AV6b -- POST-REVEAL, labelled
------------------------------------------------------------------------------
[PASS] AV2c-b: POST-REVEAL: I_5 = I_{-3} = R^-3 I_3 R^3 (the brief's AV2c wrote R^2 for R^3 -- the auditor's slip)
[FAIL] AV5b: POST-REVEAL: the B3 spinor is the D4 half-spin with the same rowmotion; its half-turn is a Weyl element of W(D4) (192) but NOT of W(B3) (48); |I_3| = 16 = |C_W(B3)(R^3)| -- the B5 clause of AV5 holds (I_k = C_k for all k, 2 at the half-turn)  -> |C_W(B3)(R^3)| = 8
[PASS] AV6b: POST-REVEAL: conjugation by R^4 permutes the four extras among themselves (never into the centralizer), but does not invert them: the map is recorded  -> {('+e4', '-e3', '+e2', '-e1'): ('-e4', '+e3', '-e2', '+e1'), ('+e4', '+e2', '-e3', '+e1'): ('-e4', '-e2', '+e3', '-e1'), ('-e4', '+e3', '-e2', '+e1'): ('+e4', '-e3', '+e2', '-e1'), ('-e4', '-e2', '+e3', '-e1'): ('+e4', '+e2', '-e3', '+e1')}

------------------------------------------------------------------------------
AV5c / AV8 -- POST-REVEAL, labelled: the overgroup mechanism
------------------------------------------------------------------------------
[PASS] AV5c: POST-REVEAL: on B3 the shared grammar at the half-turn (16) exceeds the centralizer (8) because R^3 is a Weyl element of the OVERGROUP W(D4) of W(B3): a second board with the anomaly, with its mechanism visible
  [obs] AV8: |<W(D5), R^4>| = 10461394944000 (= 16!/2? True; = AGL(4,2) = 322560? False); |<W(D5), R^3>| = 10461394944000; |<W(D5), R>| = 10461394944000 (16!/2 = 10461394944000); D6 half-spin: |<W(D6), R^5>| = 342798989524992000 (32!/2 = 131565418466846765083609006080000000)

------------------------------------------------------------------------------
AV7 -- [obs] the D6 half-spin at its half-turn, for contrast
------------------------------------------------------------------------------
  D6 half-spin: R type 10^3 2^1; |I_5| = 4 = |C_5| = 4; survivors: [('2^12 1^8', 'moves orbits', ('+e1', '+e4', '+e6', '+e2', '+e5', '+e3')), ('2^16', 'preserves', ('-e1', '-e2', '-e3', '-e4', '-e5', '-e6')), ('2^16', 'moves orbits', ('-e1', '-e4', '-e6', '-e2', '-e5', '-e3'))]
[t=   1.2s] AV7 done

------------------------------------------------------------------------------
VERDICT
------------------------------------------------------------------------------
RESULT: 9 checks passed, 4 failed  FAILED: ['AV2c', 'AV5', 'AV6', 'AV5b']
[t=   1.2s] done
