==============================================================================
STONE AC -- THE PARITY RULE OF THE CLOCK
==============================================================================
[PASS] AC0: the brief is sha-locked: sha256(BRIEF_STONE_AC_PARITY_RULE.md) equals BRIEF_STONE_AC_LOCK.sha256  -> 16349cbd805cab4f...
[PASS] AC0a: the pair type IS the sign of the E7 inner product: P <-> <w,w'> = +1/2 (1512 ordered pairs), S <-> -1/2 (1512), v <-> -3/2 (56) -- Psi's AB6 score is its Gosset-graph preservation

------------------------------------------------------------------------------
AC1 -- the minuscule poset from the crystal; PSI = rowmotion, exactly
------------------------------------------------------------------------------
[PASS] AC1a: the sealed crystal lattice has one top, one bottom, 27 join-irreducibles (the E7 minuscule poset), and its 56 ideals are the 56 states (distinct)
[PASS] AC1b: REGISTERED EXPECTATION: the sealed PSI equals rowmotion R(I) = downset(min(P \ I)) on the ideals EXACTLY (and not its inverse) -- the convention is pinned

------------------------------------------------------------------------------
AC2 -- delta(u) = XOR of the toggled simple roots; the antipodal steps
------------------------------------------------------------------------------
[PASS] AC2a: delta(u) = u + Psi(u) equals the XOR of the toggled simple-root masks for ALL 56 states; toggle-multiset sizes {1: 8, 2: 28, 3: 11, 4: 2, 5: 3, 6: 2, 9: 1, 27: 1}
[FAIL] AC2b: REGISTERED EXPECTATION: the 8 antipodal steps (Psi u = iota u) are exactly the 8 singleton toggles -- INVERTED: antipodal [13, 15, 16, 17, 28, 40, 41, 53] vs singleton [24, 25, 26, 27, 29, 30, 31, 43]
  step types (u, Psi u): {'S': 40, 'v': 8, 'P': 8} -- the clock almost always moves to a -1/2 neighbour

------------------------------------------------------------------------------
AC3 -- THE PARITY RULE: kept iff t1 + t2 + t3 even
------------------------------------------------------------------------------
  parity cell (t1,t2,t3) : kept? : count
    (0, 0, 0) : True : 174
    (0, 0, 1) : False : 126
    (0, 1, 0) : False : 128
    (0, 1, 1) : True : 129
    (1, 0, 0) : False : 104
    (1, 0, 1) : True : 145
    (1, 1, 0) : True : 553
    (1, 1, 1) : False : 126
[PASS] AC3a: REGISTERED EXPECTATION CONFIRMED: on all 1485 non-antipodal pairs the type is kept iff t1 + t2 + t3 is EVEN -- 0 exceptions; with the 28 antipodal pairs (1 kept) the count 1002/1540 = 0.6506 recovers SM-040's 65.06%
  [obs] marginals: t1 odd on 0.616 of pairs, t3 odd on 0.356; the dominant kept cell is (1, 1, 0) with 553 pairs

------------------------------------------------------------------------------
AC4 -- the profile Psi^k reproduced by the iterated rule
------------------------------------------------------------------------------
  k : preservation : exceptions to the iterated rule
    1 : 0.6506 : 0
    2 : 0.5468 : 0
    3 : 0.5130 : 0
    4 : 0.5610 : 0
    5 : 0.5662 : 0
    6 : 0.5468 : 0
    7 : 0.5636 : 0
    8 : 0.5532 : 0
    9 : 0.6156 : 0
   10 : 0.5532 : 0
   11 : 0.5636 : 0
   12 : 0.5468 : 0
   13 : 0.5662 : 0
   14 : 0.5610 : 0
   15 : 0.5130 : 0
   16 : 0.5468 : 0
   17 : 0.6506 : 0
[PASS] AC4a: for every k = 1..17 the k-fold toggle multiset gives delta_k exactly and the parity rule is exact (0 exceptions); the sealed profile is reproduced (65.1 / 54.7 / 51.3 / ... / 61.6 at 9)

------------------------------------------------------------------------------
AC5 -- THE E6 CONTROL: the 27-sheets as J(P6), Psi6, the same rule
------------------------------------------------------------------------------
  sheet 0: |P6| = 16, Psi6 order 12, orbits [12, 12, 3], pair types {'P': 216, 'S': 135}, delta=XOR True, rule exceptions 0, Schlaefli preservation 0.6353
  sheet 1: |P6| = 16, Psi6 order 12, orbits [12, 12, 3], pair types {'P': 216, 'S': 135}, delta=XOR True, rule exceptions 0, Schlaefli preservation 0.6353
[PASS] AC5a: REGISTERED: each 27-sheet (colour 6 deleted, SM-005) is J(P6) with |P6| = 16; its rowmotion Psi6 has order 12 with orbits [12,12,3] (the sealed MC values); the sheet's pair types are the Schlaefli adjacency (216 P / 135 S, no antipodes)
[PASS] AC5b: the same parity rule with the E6 Dynkin diagram is EXACT for Psi6 on both sheets (delta = XOR of toggled roots; 0 exceptions)
[FAIL] AC5c: REGISTERED GUESS INVERTED (full prominence): the E6 clock keeps ['0.6353', '0.6353'] of its sheet's Schlaefli incidence -- LESS than the E7 clock's 65.06%; smaller toggle sets do not mean fewer flips

------------------------------------------------------------------------------
VERDICT
------------------------------------------------------------------------------
  The clock is rowmotion on the 27-element minuscule poset, exactly as
  sealed.  It flips the roof's incidence between two states iff the number
  of its toggled colours active on the other state, plus the same the
  other way, plus the Dynkin adjacencies between the two toggle sets, is
  odd.  The 65% is that count; the profile is the same rule iterated;
  the E6 sheets obey it with their own diagram.

RESULT: 9 checks passed, 2 failed  FAILED: ['AC2b', 'AC5c']
[t=   1.3s] done
