==============================================================================
STONE AQ -- THE RUSH-SHI DEFECT ACROSS THE MINUSCULE FAMILY
==============================================================================
[PASS] AQ0: the brief is sha-locked: sha256(BRIEF_STONE_AQ_RUSH_SHI_DEFECT.md) equals BRIEF_STONE_AQ_LOCK.sha256  -> 5b389725963fa5db...

------------------------------------------------------------------------------
AQ6 -- the table (computed case by case; the registered bars are read off it afterwards)
------------------------------------------------------------------------------
  case        |Wl| |P|  h  chain  cycle type of R           order  kept kappa      kappa0     a(R)  nu(R)  |C_W(R)|  R in W  |W|enum
  A2 w1      3   2   3  True   3^1                          3      1/1     1.0000  1.0000    3   0          3    True   6
[t=   0.0s] A2 w1 done
  A2 w2      3   2   3  True   3^1                          3      1/1     1.0000  1.0000    3   0          3    True   6
[t=   0.0s] A2 w2 done
  A3 w1      4   3   4  True   4^1                          4      1/1     1.0000  1.0000    4   0          4    True   24
[t=   0.0s] A3 w1 done
  A3 w2      6   4   4  False  4^1 2^1                      4     11/15    0.7333  0.6800    3   3          2    False  24
[t=   0.0s] A3 w2 done
  A3 w3      4   3   4  True   4^1                          4      1/1     1.0000  1.0000    4   0          4    True   24
[t=   0.0s] A3 w3 done
  A4 w1      5   4   5  True   5^1                          5      1/1     1.0000  1.0000    5   0          5    True   120
[t=   0.0s] A4 w1 done
  A4 w2     10   6   5  False  5^2                          5     29/45    0.6444  0.5556    5   5          1    False  120
[t=   0.0s] A4 w2 done
  A4 w3     10   6   5  False  5^2                          5     29/45    0.6444  0.5556    5   5          1    False  120
[t=   0.0s] A4 w3 done
  A4 w4      5   4   5  True   5^1                          5      1/1     1.0000  1.0000    5   0          5    True   120
[t=   0.0s] A4 w4 done
  A5 w1      6   5   6  True   6^1                          6      1/1     1.0000  1.0000    6   0          6    True   720
[t=   0.0s] A5 w1 done
  A5 w2     15   8   6  False  6^2 3^1                      6     71/105   0.6762  0.5102    6   9          1    False  720
[t=   0.1s] A5 w2 done
  A5 w3     20   9   6  False  6^3 2^1                      6     58/95    0.6105  0.4515    7   13         1    False  720
[t=   0.1s] A5 w3 done
  A5 w4     15   8   6  False  6^2 3^1                      6     71/105   0.6762  0.5102    6   9          1    False  720
[t=   0.2s] A5 w4 done
  A5 w5      6   5   6  True   6^1                          6      1/1     1.0000  1.0000    6   0          6    True   720
[t=   0.2s] A5 w5 done
  A6 w1      7   6   7  True   7^1                          7      1/1     1.0000  1.0000    7   0          7    True   5040
[t=   0.2s] A6 w1 done
  A6 w2     21  10   7  False  7^3                          7     76/105   0.7238  0.5000   10   11         1    False  5040
[t=   0.3s] A6 w2 done
  A6 w3     35  12   7  False  7^5                          7    339/595   0.5697  0.4187   10   25         1    False  5040
[t=   0.6s] A6 w3 done
  A6 w4     35  12   7  False  7^5                          7    339/595   0.5697  0.4187   10   25         1    False  5040
[t=   0.9s] A6 w4 done
  A6 w5     21  10   7  False  7^3                          7     76/105   0.7238  0.5000   10   11         1    False  5040
[t=   1.0s] A6 w5 done
  A6 w6      7   6   7  True   7^1                          7      1/1     1.0000  1.0000    7   0          7    True   5040
[t=   1.1s] A6 w6 done
  A7 w1      8   7   8  True   8^1                          8      1/1     1.0000  1.0000    8   0          8    True   40320
[t=   1.3s] A7 w1 done
  A7 w2     28  12   8  False  8^3 4^1                      8    145/189   0.7672  0.5062   15   13         1    False  40320
[t=   2.1s] A7 w2 done
  A7 w3     56  15   8  False  8^7                          8    431/770   0.5597  0.4050   12   44         1    False  40320
[t=   5.1s] A7 w3 done
  A7 w4     70  16   8  False  8^8 4^1 2^1                  8    417/805   0.5180  0.3800   12   56         1    False  40320
[t=  11.0s] A7 w4 done
  A7 w5     56  15   8  False  8^7                          8    431/770   0.5597  0.4050   12   44         1    False  40320
[t=  15.5s] A7 w5 done
  A7 w6     28  12   8  False  8^3 4^1                      8    145/189   0.7672  0.5062   15   13         1    False  40320
[t=  17.4s] A7 w6 done
  A7 w7      8   7   8  True   8^1                          8      1/1     1.0000  1.0000    8   0          8    True   40320
[t=  18.1s] A7 w7 done
  D4 w1      8   6   6  False  6^1 2^1                      6     11/14    0.7857  0.7551    4   3          2    False  192
[t=  18.1s] D4 w1 done
  D4 w3      8   6   6  False  6^1 2^1                      6     11/14    0.7857  0.7551    4   3          2    False  192
[t=  18.1s] D4 w3 done
  D4 w4      8   6   6  False  6^1 2^1                      6     11/14    0.7857  0.7551    4   3          2    False  192
[t=  18.1s] D4 w4 done
  D5 w1     10   8   8  False  8^1 2^1                      8     37/45    0.8222  0.8025    5   5          2    False  1920
[t=  18.2s] D5 w1 done
  D5 w4     16  10   8  False  8^2                          8     19/30    0.6333  0.5556    5   10         1    False  1920
[t=  18.3s] D5 w4 done
  D5 w5     16  10   8  False  8^2                          8     19/30    0.6333  0.5556    5   10         1    False  1920
[t=  18.4s] D5 w5 done
  D6 w1     12  10  10  False  10^1 2^1                    10     28/33    0.8485  0.8347    6   5          2    False  23040
[t=  18.9s] D6 w1 done
  D6 w5     32  15  10  False  10^3 2^1                    10     79/124   0.6371  0.4693    9   19         1    False  23040
[t=  20.0s] D6 w5 done
  D6 w6     32  15  10  False  10^3 2^1                    10     79/124   0.6371  0.4693    9   19         1    False  23040
[t=  21.2s] D6 w6 done
  D7 w1     14  12  12  False  12^1 2^1                    12     79/91    0.8681  0.8580    7   7          2    False  322560
[t=  28.0s] D7 w1 done
  D7 w6     64  21  12  False  12^5 4^1                    12    295/504   0.5853  0.4321   13   48         1    False  322560
[t=  53.1s] D7 w6 done
  D7 w7     64  21  12  False  12^5 4^1                    12    295/504   0.5853  0.4321   13   48         1    False  322560
[t=  78.6s] D7 w7 done
  E6 w1     27  16  12  False  12^2 3^1                    12    223/351   0.6353  0.5266    9   15         1    False  51840
[t=  80.6s] E6 w1 done
  E6 w6     27  16  12  False  12^2 3^1                    12    223/351   0.6353  0.5266    9   15         1    False  51840
[t=  82.5s] E6 w6 done
  E7 w7     56  27  18  False  18^3 2^1                    18    501/770   0.6506  0.4823   14   cited      1    False  None
[t=  85.3s] E7 w7 done

------------------------------------------------------------------------------
AQ1 -- the anchor: E7 and E6 from the Cartan matrix alone
------------------------------------------------------------------------------
[PASS] AQ1a: E7 omega7: 56 weights, |P| = 27, R of type [18,18,18,2], kappa = 1002/1540, kappa0 = 0.4823, a(R) = 14, C_W(R) trivial, R not in W  -> N 56 P 27 cycle [18, 18, 18, 2] kept [501, 770] kappa0 0.4823 a 14 C_W 1 inW False
[PASS] AQ1b: E6 omega1: 27 weights, |P| = 16, R of type [12,12,3], kappa = 63.53 %% (AC5c's sheet value)  -> N 27 P 16 cycle [12, 12, 3] kappa 0.6353

------------------------------------------------------------------------------
AQ2 -- Rush-Shi seen on the data: order h and a Coxeter element's cycle type, every case
------------------------------------------------------------------------------
[PASS] AQ2: in all 42 cases R has order h and the cycle type of a Coxeter element

------------------------------------------------------------------------------
AQ3 -- REGISTERED GUESS: R in W exactly when P is a chain
------------------------------------------------------------------------------
[PASS] AQ3: R in W for every chain case (12) and R not in W for every non-chain case (30)  -> chains in W: []; non-chains in W: []

------------------------------------------------------------------------------
AQ4 -- REGISTERED GUESS: C_W(R) trivial off the chains, of order h on them
------------------------------------------------------------------------------
[FAIL] AQ4: |C_W(R)| = 1 in every non-chain case and = h in every chain case  -> non-chain centralizers: [(('A', 1), 14), (('A', 2), 1), (('D', 1), 6), (('D', 2), 6), (('E', 1), 3)]
  [INVERTED] recorded at equal prominence: [(('A', 3, 2), 2), (('D', 4, 1), 2), (('D', 4, 3), 2), (('D', 4, 4), 2), (('D', 5, 1), 2), (('D', 6, 1), 2), (('D', 7, 1), 2)]

------------------------------------------------------------------------------
AQ4b -- POST-REVEAL, labelled: what the order-2 linear centralizers are
------------------------------------------------------------------------------
  A3 w2: R type [4, 2]; centralizer element: {'cycle': '2^2 1^2', 'power_of_R': 2, 'is_minus_one': False, 'fixed': 2, 'R_cycle': [4, 2]}
  D4 w3: R type [6, 2]; centralizer element: {'cycle': '2^4', 'power_of_R': 3, 'is_minus_one': False, 'fixed': 0, 'R_cycle': [6, 2]}
  D4 w4: R type [6, 2]; centralizer element: {'cycle': '2^4', 'power_of_R': 3, 'is_minus_one': False, 'fixed': 0, 'R_cycle': [6, 2]}
  D4 w1: R type [6, 2]; centralizer element: {'cycle': '2^4', 'power_of_R': 3, 'is_minus_one': False, 'fixed': 0, 'R_cycle': [6, 2]}
  D5 w1: R type [8, 2]; centralizer element: {'cycle': '2^4 1^2', 'power_of_R': 4, 'is_minus_one': False, 'fixed': 2, 'R_cycle': [8, 2]}
  D6 w1: R type [10, 2]; centralizer element: {'cycle': '2^6', 'power_of_R': 5, 'is_minus_one': False, 'fixed': 0, 'R_cycle': [10, 2]}
  D7 w1: R type [12, 2]; centralizer element: {'cycle': '2^6 1^2', 'power_of_R': 6, 'is_minus_one': False, 'fixed': 2, 'R_cycle': [12, 2]}
[PASS] AQ4b: POST-REVEAL: in every inverted case the non-trivial linear centralizer is R^(h/2), the half-turn of the clock itself (so C_W(R) = <R^(h/2)> of order 2 and R^(h/2) is the only power of R that is linear) -- while for E7, Psi^9 is not linear (SM-054)  -> {('A', 3, 2): (2, '2^2 1^2', False), ('D', 4, 3): (3, '2^4', False), ('D', 4, 4): (3, '2^4', False), ('D', 4, 1): (3, '2^4', False), ('D', 5, 1): (4, '2^4 1^2', False), ('D', 6, 1): (5, '2^6', False), ('D', 7, 1): (6, '2^6 1^2', False)}

------------------------------------------------------------------------------
AQ5 -- REGISTERED GUESS: kappa > kappa0 off the chains, increasing with n in three families
------------------------------------------------------------------------------
[PASS] AQ5a: kappa(R) > kappa0 in every non-chain case
[FAIL] AQ5b: kappa increases with n in A_n omega2 (n=3..7), D_n half-spin (n=4..7), D_n omega1 (n=4..7)  -> A_n w2 ['0.7333', '0.6444', '0.6762', '0.7238', '0.7672']; D_n spin ['0.7857', '0.6333', '0.6371', '0.5853']; D_n w1 ['0.7857', '0.8222', '0.8485', '0.8681']
  [INVERTED] recorded at equal prominence.

------------------------------------------------------------------------------
AQ7 -- [P] the bilinear identity on every pair of every case
------------------------------------------------------------------------------
[PASS] AQ7: B(Rw,Rw') - B(w,w') = B(dw,w') + B(w,dw') + B(dw,dw') with dw = Rw - w, exactly, all pairs, all cases

------------------------------------------------------------------------------
[obs] -- what the table shows (not claimed; a later stone may register it)
------------------------------------------------------------------------------
  A3 w2: kappa - kappa0 = +0.0533; a(R)/N = 0.500; nu/N = 0.500
  A4 w2: kappa - kappa0 = +0.0889; a(R)/N = 0.500; nu/N = 0.500
  A4 w3: kappa - kappa0 = +0.0889; a(R)/N = 0.500; nu/N = 0.500
  A5 w2: kappa - kappa0 = +0.1660; a(R)/N = 0.400; nu/N = 0.600
  A5 w3: kappa - kappa0 = +0.1590; a(R)/N = 0.350; nu/N = 0.650
  A5 w4: kappa - kappa0 = +0.1660; a(R)/N = 0.400; nu/N = 0.600
  A6 w2: kappa - kappa0 = +0.2238; a(R)/N = 0.476; nu/N = 0.524
  A6 w3: kappa - kappa0 = +0.1511; a(R)/N = 0.286; nu/N = 0.714
  A6 w4: kappa - kappa0 = +0.1511; a(R)/N = 0.286; nu/N = 0.714
  A6 w5: kappa - kappa0 = +0.2238; a(R)/N = 0.476; nu/N = 0.524
  A7 w2: kappa - kappa0 = +0.2610; a(R)/N = 0.536; nu/N = 0.464
  A7 w3: kappa - kappa0 = +0.1548; a(R)/N = 0.214; nu/N = 0.786
  A7 w4: kappa - kappa0 = +0.1381; a(R)/N = 0.171; nu/N = 0.800
  A7 w5: kappa - kappa0 = +0.1548; a(R)/N = 0.214; nu/N = 0.786
  A7 w6: kappa - kappa0 = +0.2610; a(R)/N = 0.536; nu/N = 0.464
  D4 w1: kappa - kappa0 = +0.0306; a(R)/N = 0.500; nu/N = 0.375
  D4 w3: kappa - kappa0 = +0.0306; a(R)/N = 0.500; nu/N = 0.375
  D4 w4: kappa - kappa0 = +0.0306; a(R)/N = 0.500; nu/N = 0.375
  D5 w1: kappa - kappa0 = +0.0198; a(R)/N = 0.500; nu/N = 0.500
  D5 w4: kappa - kappa0 = +0.0778; a(R)/N = 0.312; nu/N = 0.625
  D5 w5: kappa - kappa0 = +0.0778; a(R)/N = 0.312; nu/N = 0.625
  D6 w1: kappa - kappa0 = +0.0138; a(R)/N = 0.500; nu/N = 0.417
  D6 w5: kappa - kappa0 = +0.1678; a(R)/N = 0.281; nu/N = 0.594
  D6 w6: kappa - kappa0 = +0.1678; a(R)/N = 0.281; nu/N = 0.594
  D7 w1: kappa - kappa0 = +0.0101; a(R)/N = 0.500; nu/N = 0.500
  D7 w6: kappa - kappa0 = +0.1532; a(R)/N = 0.203; nu/N = 0.750
  D7 w7: kappa - kappa0 = +0.1532; a(R)/N = 0.203; nu/N = 0.750
  E6 w1: kappa - kappa0 = +0.1087; a/N = 0.333; nu/N = 0.556
  E7 w7: kappa - kappa0 = +0.1683; a/N = 0.250; nu = 38 (SM-016, cited) -> nu/N = 0.679

------------------------------------------------------------------------------
VERDICT
------------------------------------------------------------------------------
RESULT: 8 checks passed, 2 failed  FAILED: ['AQ4', 'AQ5b']
[t=  91.7s] done
