==============================================================================
IB NORMALIZER MECHANISM -- H = {diag(M, M^-T)} <= Sp6(2), N = <H, swap>
==============================================================================

--- 1: GL(3,2) -- the 168, census, simplicity, generators ---
[PASS] 1a |GL(3,2)|: brute enumeration of all 512 3x3 matrices over F2: exactly 168 invertible  -> 168 found
[PASS] 1b order census: GL(3,2) element-order census = the PSL(2,7) census {1:1, 2:21, 3:56, 4:42, 7:48}  -> census {1: 1, 2: 21, 4: 42, 3: 56, 7: 48}
[PASS] 1c inverses: every element has a two-sided inverse inside the 168-set (closure under inversion; N*M = I re-checked)
[PASS] 1d simple: GL(3,2) is SIMPLE, measured: the normal closure (subgroup generated by the full conjugacy class) of EVERY nontrivial class is the whole 168 -- with 1b, GL(3,2) is the unique simple group of order 168 = PSL(2,7) [classical uniqueness]  -> 6 conjugacy classes, sizes [1, 21, 24, 24, 42, 56]
[PASS] 1e generators: the pair A = transvection e1->e1+e2, B = coordinate 3-cycle generates ALL of GL(3,2)

--- 2: IB's H = {diag(M, (M^-1)^T)} <= Sp6(2) ---
[PASS] 2a H <= Sp6(2): ALL 168 elements diag(M, (M^-1)^T) preserve the split symplectic form Omega = [[0,I3],[I3,0]] (M^T Omega M = Omega checked matrix-by-matrix): H <= Sp6(2)
[PASS] 2b phi is an injective hom: phi(M1) phi(M2) = phi(M1 M2) for ALL 168 x 168 pairs, and the 168 images are distinct: H = GL(3,2) = PSL(2,7) (by 1b/1d), |H| = 168

--- 3: the outer element -- block swap J = [[0,I],[I,0]] ---
[PASS] 3a J symplectic involution: J preserves Omega, J^2 = I, and J is NOT in H (block-swap vs block-diagonal)
[PASS] 3b J realizes the duality: J diag(M, M^-T) J^-1 = diag(M^-T, M) = phi(M^-T) for ALL 168 M: conjugation by J induces exactly IB's map M |-> (M^-1)^T on H (so J normalizes H)
[PASS] 3c the duality is OUTER: NO element of GL(3,2) realizes M |-> (M^-1)^T by conjugation (all 168 candidates tried): J induces the outer automorphism of PSL(2,7), not an inner one
[PASS] 3d <H,J> = PGL(2,7): the closure of <H, J> has EXACTLY 336 elements with the PGL(2,7) order census {1:1, 2:49, 3:56, 4:42, 6:56, 7:48, 8:84}  -> census {8: 84, 6: 56, 3: 56, 2: 49, 4: 42, 7: 48, 1: 1}
[PASS] 3e <H,J> <= N_G(H): every one of the 336 elements conjugates BOTH generators of H back into the stored 168-set, and all 336 are symplectic: <H,J> <= N_{Sp6(2)}(H)

--- 4: WHICH CLASS -- H on the 28 odd / 36 even quadratic forms ---
[PASS] 4a Arf split: 64 refinements of Omega = 36 even + 28 odd (the 28 = the bitangents), same split as Stone Q / SM-024
[PASS] 4b q0 polarizes to Omega: q0(x+y)+q0(x)+q0(y) = x^T Omega y for all 64x64 pairs: the form family refines THE SAME Omega that H preserves -- same geometry, same 28, no relabeling
  H-orbits on the 28 odd forms:  [28]
  H-orbits on the 36 even forms: [1, 7, 7, 21]
[PASS] 4c transitive, stab S3: H is TRANSITIVE on the 28 odd forms (faithfully), point stabilizer of order 6 with element orders {1,2,2,2,3,3}, NONABELIAN => S3  -> |stab| = 6, orders [1, 2, 2, 2, 3, 3]
[PASS] 4d even fingerprint: even-form orbit structure [1,7,7,21] -- the bridge-class fingerprint of SM-003 / Stone F(b) / Stone Q  -> even orbits [1, 7, 7, 21]
[PASS] 4e CLASS VERDICT: IB's diag(M, M^-T) embedding IS the bitangent-transitive BRIDGE CLASS of the sealed SM-003/SM-015/SM-024 (transitive on 28, stab S3, even orbits [1,7,7,21]) -- his N = PGL(2,7) is a claim about the SAME class our exhaustive SM-024 measured at index 2: MATCH, now with mechanism attached

--- 5: C_G(H) by direct linear solve; N = <H,J> exactly ---
  commutant nullspace dimension over F2: 2 (=> 4 matrices commuting with both generators)
[PASS] 5a CENTRALIZER: C_{Sp6(2)}(H) = {I}: the full F2-linear commutant of the two generators, filtered to invertible symplectic matrices, contains ONLY the identity  -> |C| = 1, commutant dim 2
[PASS] 5b N = <H,J> EXACTLY: with C = 1 (measured, 5a), N_G(H) = N/C embeds in Aut(PSL(2,7)) = PGL(2,7) of order 336 [classical]; <H,J> <= N_G(H) (3e) already HAS order 336 (3d) => N_{Sp6(2)}(H) = <H,J> = PGL(2,7) and [N:H] = 336/168 = 2 exactly

--- 6: verdict ---
  VERDICT.  IB's mechanism is VERIFIED in full: H = {diag(M,(M^-1)^T)} is a faithful PSL(2,7) inside Sp6(2) preserving the split form [[0,I],[I,0]], and the block-swap involution J realizes the symplectic duality M |-> (M^-1)^T, an OUTER automorphism, giving <H,J> = PGL(2,7) = N_{Sp6(2)}(H) with [N:H] = 2 (centralizer measured trivial, so the Aut-embedding argument closes the normalizer from above).
  WHICH CLASS.  Odd-form orbits [28], even-form orbits [1, 7, 7, 21]: this is the bitangent-TRANSITIVE bridge class (stab S3, even fingerprint [1,7,7,21]) of the sealed SM-003/SM-015/SM-024 -- the same class our exhaustive engine measured.
  CROSS-VERIFICATION.  Two independent engines now give the same normalizer for the same class: IB's structural/duality route (Lagrangian-split embedding + explicit outer involution) and our exhaustive route (SM-024, all 1,451,520 elements tested).  N_{Sp6(2)}(PSL(2,7)_transitive) = PGL(2,7), index 2, centralizer trivial -- agreed, with mechanism attached.

==============================================================================
RESULT: 19 checks passed, 0 failed
==============================================================================
