==============================================================================
G2 STILLPOINT — the scar's group inside the fold's G2 (join to SM-034)
merkabit x scar combination run, 2026-09-02
==============================================================================

REGISTERED EXPECTATIONS (logged before computation; fail-first):
  E1  PSL(2,7) < G2 COMPUTED: invariant 3-form phi is generic
      (det B_phi != 0, exact)  =>  Stab(phi) is a form of G2 containing
      PSL(2,7)   [may resolve REFUTED if B_phi degenerates]
  E2  CANONICITY: the invariant space in Lambda^3 is 1-DIMENSIONAL
      (character count AND constructive average)   [may resolve REFUTED]
  E3  CLOCK: rowmotion on the G2 7-crystal is a SINGLE FREE 7-CYCLE,
      order 7 > h(G2) = 6; CSP vs RGF = 1+q+...+q^6   [may resolve REFUTED]
Each may resolve REFUTED; the refutation is recorded at equal prominence.

--- 1. the group: PSL(2,7) on P1(F7), generators z->z+1, z->-1/z ----------
[PASS] (01) <z->z+1, z->-1/z> on the 8 points of P1(F7) has exactly 168 elements  -> |G| = 168
[PASS] (02) class sizes = [1,21,56,42,24,24], element orders [1,2,3,4,7,7] (matches the sealed table's class data)  -> sizes=[1, 21, 56, 42, 24, 24], orders=[1, 2, 3, 4, 7, 7]
      (7A/7B label order arbitrary in a fresh model; the sealed rows
       used below are rational with chi(7A)=chi(7B), so nothing depends on it)
[PASS] (03) fixed-point count on the 8 points is constant on each class  -> fix per class = [8, 0, 2, 0, 1, 1]
[PASS] (04) power maps well-defined per class (computed, not assumed)  -> g->g^2: 1A->1A, 2A->1A, 3A->3A, 4A->2A, 7A->7A, 7B->7B ; g->g^3: 1A->1A, 2A->2A, 3A->1A, 4A->4A, 7A->7B, 7B->7A

--- 2. the two sevens: 8-point = 1 (+) chi7  vs  Fano 7-point = 1 (+) chi6 -
[PASS] (05) 8-point action: <pi8, chi1> = 1, <pi8, chi7> = 1, <pi8, pi8> = 2  => pi8 = 1 (+) chi7 EXACTLY (chi7 = deleted permutation module)  -> pi8 = [8, 0, 2, 0, 1, 1]; inner products (1, 1, 2)
[PASS] (06) GL(3,2) model: 168 elements, order histogram {1:1,2:21,3:56,4:42,7:48}  -> {1: 1, 2: 21, 3: 56, 4: 42, 7: 48}
[PASS] (07) Fano fixed-point count depends only on element order (both order-7 classes fix 0 points)  -> order->fix: {1: 7, 2: 3, 3: 1, 4: 1, 7: 0}
[PASS] (08) Fano action: <pi7, chi1> = 1, <pi7, chi6> = 1, <pi7, pi7> = 2  => pi7 = 1 (+) chi6 EXACTLY (a SIX-dim complement, not chi7)  -> pi7 = [7, 3, 1, 1, 0, 0]
[PASS] (09) TWO-SEVENS FLAG: <pi7, chi7> = 0 — the Fano seven contains NO copy of chi7; the 7-dim irreducible lives in the EIGHT-point action only  -> <pi7, chi7> = 0

--- 3. chi7 over Q: deleted permutation module, integer matrices ----------
  basis of the complement of the all-ones vector in Q^8:
  v_i = e_i - e_7 (i = 0..6, point 7 = oo);  g.v_i = v_{g(i)} - v_{g(7)}
[PASS] (10) g -> M_g is a homomorphism: M_{pq} = M_p M_q on 25 random pairs (exact)
[PASS] (11) character of the 7-dim rep = SEALED chi7 row (7,-1,1,-1,0,0) on all six classes (traces constant per class)  -> traces = [7, -1, 1, -1, 0, 0]
[PASS] (12) irreducibility: <chi7, chi7> = 1 EXACTLY

--- 4. E1/E2: invariant 3-forms — character count, then construction -----
[PASS] (13) exterior-cube character integral on every class (power maps from the model)  -> Lambda^3 chi7 = (35, 3, 2, -1, 0, 0) on 1A,2A,3A,4A,7A,7B
[PASS] (14) character count: dim Lambda^3(chi7)^G = <Lambda^3 chi7, 1> = 1  -> count = 1
[PASS] (15) group average: trace(sum_g Lambda^3 N_g) = 168  (=> trace of the projector = 1, matching the character count)  -> trace = 168
[PASS] (16) projector property: (sum)^2 = 168 * (sum), exact integers
[PASS] (17) E2: constructive dimension of the invariant subspace = rank of the averaged projector = 1 (agrees with character count)  -> rank = 1

  ** E2 RESOLUTION: PASS — the invariant 3-form space is 1-DIMENSIONAL: the group determines its G2-structure up to scalar. **

  phi (invariant 3-form, integer coefficients, 14 nonzero of 35):
    phi = +e013 +e015 +e023 +e026 +e045 +e046 +e124 +e126 +e134 +e156 +e235 +e245 +e346 +e356
[PASS] (18) phi invariant under generator S: z->-1/z (exact; generators generate => invariant under all of PSL(2,7))
[PASS] (19) phi invariant under generator T: z->z+1 (exact; generators generate => invariant under all of PSL(2,7))

  genericity test (exact):
[PASS] (20) B_phi symmetric (exact)
[PASS] (21) E1 genericity: det(B_phi) != 0 EXACTLY — phi is a GENERIC 3-form  -> det(B_phi) = -2239488
[PASS] (22) signature of B_phi (numeric, signature only): DEFINITE up to overall sign => the stabiliser is the COMPACT real form of G2  -> signature = (0, 7), eigenvalues ~ [-48.0, -6.0, -6.0, -6.0, -6.0, -6.0, -6.0]

  ** E1 RESOLUTION: PASS — det(B_phi) = -2239488 != 0, phi generic;
     [P: Hitchin 2000 / Bryant 1987 — a 3-form on R^7 with nondegenerate
      B_phi has stabiliser a real form of G2, compact iff B_phi definite]
     phi is PSL(2,7)-invariant (checked exactly on generators, hence on G):
        PSL(2,7)  <=  Stab_GL(7)(phi)  =  G2(compact)
     PSL(2,7) < G2 EXHIBITED with an explicit invariant tensor over Q. **
--- 5. the branching identity -----------------------------------------------
[PASS] (23) THEOREM (proved by the construction above): the G2-seven restricted to PSL(2,7) IS chi7, irreducibly — 7|_PSL(2,7) = chi7, <chi7,chi7> = 1  -> the staircase's founding 7-dim world and the fold's G2 seven are the SAME seven
  The 7-dim rep of Stab(phi) = G2 is the defining rep on V = Q^7 itself;
  by construction PSL(2,7) acts on V by chi7 (sealed row matched, irreducible).
  So the branching  G2's 7  |  PSL(2,7)  =  chi7  needs no further computation:
  the restriction IS the module we built.  FLAG FOR IB (precise): the OTHER
  seven — the 7-point Fano permutation module of GL(3,2) — is 1 (+) chi6 and
  contains NO chi7 (<pi7, chi7> = 0, check 09).  The seven that meets G2 is
  the DELETED PERMUTATION MODULE OF THE EIGHT-POINT ACTION, not the Fano seven.
--- 6. E3: the G2 7-crystal (independent rebuild) and its rowmotion ------
[PASS] (24) Weyl dimension formula: dim V(w1) for G2 = 7 exactly  -> dim = 7
[PASS] (25) weights of the 7 = the six short roots + 0 (W-orbit of w1, mult-free)  -> orbit = [(-2, -1), (-1, -1), (-1, 0), (1, 0), (1, 1), (2, 1)]
[PASS] (26) all sl2-strings consistent (top label = string length - 1)
[PASS] (27) G2 7-crystal = 7-vertex CHAIN, color sequence 1,2,1,1,2,1 (matches SM-034 ground truth)  -> sequence = [1, 2, 1, 1, 2, 1]
[PASS] (28) join-irreducibles: P = a 6-chain (any two comparable) — the crystal order is the 7-chain = J(6-chain)  -> |P| = 6, totally ordered: True
[PASS] (29) Birkhoff: x -> I(x) bijection onto J(P), |J(P)| = 7 (distributive)  -> |J(P)| = 7

  rowmotion orbit type [7], order 7   (h(G2) = 6)
    ((-2, -1) -> (-1, -1) -> (-1, 0) -> (0, 0) -> (1, 0) -> (1, 1) -> (2, 1))
[PASS] (30) E3: rowmotion on the G2 7-crystal is a SINGLE FREE 7-CYCLE (order 7)  -> cycle type [7], order 7
[PASS] (31) the still-point clock EXCEEDS the Coxeter number: ord(Psi) = 7 > 6 = h(G2) — every other measured crystal clock ticked at its own h (D4: 6, E6-27: 12, E7-56: 18)
[PASS] (32) CSP at the measured order: |Fix(Psi^d)| = RGF(zeta_7^d) for all d, RGF = 1+q+...+q^6  -> d=0:7|+7.00+0.00i  d=1:0|-0.00-0.00i  d=2:0|-0.00+0.00i  d=3:0|-0.00+0.00i  d=4:0|-0.00+0.00i  d=5:0|+0.00+0.00i  d=6:0|+0.00+0.00i

  ** E3 RESOLUTION: PASS — at the still point of the turn, the merkabit
     clock ticks in SEVENS: one free 7-cycle, order 7 = the order of the
     scar's own Frobenius, EXCEEDING h(G2) = 6.
     HONEST CAVEAT: rowmotion on J(chain) being a single cycle is elementary
     (it slides the ideal size by one, mod 7).  The content is (a) the
     CONTRAST with h — every other measured crystal clock in the corpus
     ticked at its Coxeter number — and (b) the identification of WHICH
     seven-cycle structure the still point's crystal carries. **
--- 7. the octonion tie [P: cited, NOT computed] ----------------------------
  [P] A generic 3-form on R^7 with definite B_phi is the structure tensor of
  an octonion multiplication on R (+) R^7 (G2 = Aut(O), Cartan); the classical
  Fano-plane mnemonic for octonion multiplication uses the 7 imaginary units
  as Fano points, and PSL(2,7) = GL(3,2) = Aut(Fano) acts on the mnemonic's
  labellings.  We keep [P] and [C] separate: our COMPUTED anchor is the
  explicit rational phi with det(B_phi) != 0 and its PSL(2,7)-invariance;
  the octonionic reading of phi is cited theory, and note the two-sevens flag
  (check 09): the Fano mnemonic's seven POINTS carry 1 (+) chi6, while the
  seven UNITS transform as chi7 only through the G2 structure itself.
==============================================================================
SUMMARY: 32 PASS / 0 FAIL of 32 checks
  E1 (PSL(2,7) < G2 via explicit generic invariant phi) : PASS   [det B_phi = -2239488, signature (0, 7)]
  E2 (canonicity: invariant 3-form space 1-dim)         : PASS   [character count 1, constructive rank 1]
  E3 (still-point clock = single free 7-cycle, 7 > h=6) : PASS   [cycle type [7], CSP holds]
  two sevens: pi8 = 1 (+) chi7 ; Fano pi7 = 1 (+) chi6, <pi7,chi7> = 0
==============================================================================
Not RH/GRH; no physics; Rule 3 (no identifications) in force.
The still point of the turn now contains: the fold's G2 [SM-034], the
scar's own group PSL(2,7) sitting inside it with a CANONICAL (1-dim)
invariant structure phi computed exactly over Q, and a clock that ticks
in sevens — the one crystal clock measured so far that beats its own
Coxeter number.  Computed, not asserted.
