n= 4  |N| =     0 of    16  O1 closed form ok=True  w in C(H): True  rank dist of N: {}
     commute on O1: True
n= 6  |N| =    24 of    64  O1 closed form ok=True  w in C(H): False  rank dist of N: {1: 3, 2: 6, 3: 6, 4: 6, 5: 3}
     witness x=(2,)                   rank 1: Hx=(1, 2, 5)  wx=(1, 2, 4, 5)  w(Hx)=(2, 5)  H(wx)=(4,)
     witness x=(3,)                   rank 1: Hx=(1, 2, 4)  wx=(1, 3, 4, 5)  w(Hx)=(2, 4)  H(wx)=(4, 5)
     witness x=(4,)                   rank 1: Hx=(1, 2, 4, 5)  wx=(1, 2, 3, 4)  w(Hx)=(2,)  H(wx)=(2, 5)
     witness x=(2, 4)                 rank 2: Hx=(1, 2, 3)  wx=(1, 2, 4)  w(Hx)=(4, 5)  H(wx)=(3,)
     witness x=(2, 5)                 rank 2: Hx=(1, 2, 3, 4)  wx=(1, 2, 5)  w(Hx)=(4,)  H(wx)=(2,)
     witness x=(4, 5)                 rank 2: Hx=(1, 3, 4, 5)  wx=(1, 2, 3)  w(Hx)=(3,)  H(wx)=(2, 4)
     single-minus witness at position 2: x=(2,) Hx=(1, 2, 5) H(wx)=(4,) w(Hx)=(2, 5)
     single-minus witness at position 3: x=(3,) Hx=(1, 2, 4) H(wx)=(4, 5) w(Hx)=(2, 4)
     single-minus witness at position 4: x=(4,) Hx=(1, 2, 4, 5) H(wx)=(2, 5) w(Hx)=(2,)
     commute on O1: True
n= 8  |N| =   148 of   256  O1 closed form ok=True  w in C(H): False  rank dist of N: {1: 5, 2: 20, 3: 32, 4: 34, 5: 32, 6: 20, 7: 5}
     witness x=(2,)                   rank 1: Hx=(1, 2, 5, 7)  wx=(1, 2, 4, 5, 6, 7)  w(Hx)=(2, 5, 7)  H(wx)=(4, 6, 7)
     witness x=(3,)                   rank 1: Hx=(1, 2, 4, 7)  wx=(1, 3, 4, 5, 6, 7)  w(Hx)=(2, 4, 7)  H(wx)=(4, 5, 7)
     witness x=(4,)                   rank 1: Hx=(1, 2, 4, 6)  wx=(1, 2, 3, 4, 6, 7)  w(Hx)=(2, 4, 6)  H(wx)=(4, 7)
     witness x=(5,)                   rank 1: Hx=(1, 2, 4, 6, 7)  wx=(1, 2, 3, 5, 6, 7)  w(Hx)=(2, 4)  H(wx)=(4, 6)
     witness x=(6,)                   rank 1: Hx=(1, 2, 4, 5, 7)  wx=(1, 2, 3, 4, 5, 6)  w(Hx)=(2, 7)  H(wx)=(2, 5, 7)
     witness x=(1, 4)                 rank 2: Hx=(2, 3, 4, 7)  wx=(2, 3, 4, 6, 7)  w(Hx)=(1, 4, 7)  H(wx)=(1, 6)
     single-minus witness at position 2: x=(2,) Hx=(1, 2, 5, 7) H(wx)=(4, 6, 7) w(Hx)=(2, 5, 7)
     single-minus witness at position 3: x=(3,) Hx=(1, 2, 4, 7) H(wx)=(4, 5, 7) w(Hx)=(2, 4, 7)
     single-minus witness at position 4: x=(4,) Hx=(1, 2, 4, 6) H(wx)=(4, 7) w(Hx)=(2, 4, 6)
     single-minus witness at position 5: x=(5,) Hx=(1, 2, 4, 6, 7) H(wx)=(4, 6) w(Hx)=(2, 4)
     single-minus witness at position 6: x=(6,) Hx=(1, 2, 4, 5, 7) H(wx)=(2, 5, 7) w(Hx)=(2, 7)
     commute on O1: True
n=10  |N| =   736 of  1024  O1 closed form ok=True  w in C(H): False  rank dist of N: {1: 7, 2: 36, 3: 98, 4: 148, 5: 158, 6: 148, 7: 98, 8: 36, 9: 7}
     witness x=(2,)                   rank 1: Hx=(1, 2, 5, 7, 9)  wx=(1, 2, 4, 5, 6, 7, 8, 9)  w(Hx)=(2, 5, 7, 9)  H(wx)=(4, 6, 7, 9)
     witness x=(3,)                   rank 1: Hx=(1, 2, 4, 7, 9)  wx=(1, 3, 4, 5, 6, 7, 8, 9)  w(Hx)=(2, 4, 7, 9)  H(wx)=(4, 5, 7, 9)
     witness x=(4,)                   rank 1: Hx=(1, 2, 4, 6, 9)  wx=(1, 2, 3, 4, 6, 7, 8, 9)  w(Hx)=(2, 4, 6, 9)  H(wx)=(4, 6, 8)
     witness x=(5,)                   rank 1: Hx=(1, 2, 4, 6, 8)  wx=(1, 2, 3, 5, 6, 7, 8, 9)  w(Hx)=(2, 4, 6, 8)  H(wx)=(4, 6, 8, 9)
     witness x=(6,)                   rank 1: Hx=(1, 2, 4, 6, 8, 9)  wx=(1, 2, 3, 4, 5, 6, 8, 9)  w(Hx)=(2, 4, 6)  H(wx)=(4, 7, 9)
     witness x=(7,)                   rank 1: Hx=(1, 2, 4, 6, 7, 9)  wx=(1, 2, 3, 4, 5, 7, 8, 9)  w(Hx)=(2, 4, 9)  H(wx)=(4, 6, 9)
     single-minus witness at position 2: x=(2,) Hx=(1, 2, 5, 7, 9) H(wx)=(4, 6, 7, 9) w(Hx)=(2, 5, 7, 9)
     single-minus witness at position 3: x=(3,) Hx=(1, 2, 4, 7, 9) H(wx)=(4, 5, 7, 9) w(Hx)=(2, 4, 7, 9)
     single-minus witness at position 4: x=(4,) Hx=(1, 2, 4, 6, 9) H(wx)=(4, 6, 8) w(Hx)=(2, 4, 6, 9)
     single-minus witness at position 5: x=(5,) Hx=(1, 2, 4, 6, 8) H(wx)=(4, 6, 8, 9) w(Hx)=(2, 4, 6, 8)
     single-minus witness at position 6: x=(6,) Hx=(1, 2, 4, 6, 8, 9) H(wx)=(4, 7, 9) w(Hx)=(2, 4, 6)
     single-minus witness at position 7: x=(7,) Hx=(1, 2, 4, 6, 7, 9) H(wx)=(4, 6, 9) w(Hx)=(2, 4, 9)
     single-minus witness at position 8: x=(8,) Hx=(1, 2, 4, 5, 7, 9) H(wx)=(2, 5, 7, 9) w(Hx)=(2, 7, 9)
     commute on O1: True
n=12  |N| =  3304 of  4096  O1 closed form ok=True  w in C(H): False  rank dist of N: {1: 9, 2: 56, 3: 192, 4: 431, 5: 625, 6: 678, 7: 625, 8: 431, 9: 192, 10: 56, 11: 9}
     witness x=(2,)                   rank 1: Hx=(1, 2, 5, 7, 9, 11)  wx=(1, 2, 4, 5, 6, 7, 8, 9, 10, 11)  w(Hx)=(2, 5, 7, 9, 11)  H(wx)=(4, 6, 7, 9, 11)
     witness x=(3,)                   rank 1: Hx=(1, 2, 4, 7, 9, 11)  wx=(1, 3, 4, 5, 6, 7, 8, 9, 10, 11)  w(Hx)=(2, 4, 7, 9, 11)  H(wx)=(4, 5, 7, 9, 11)
     witness x=(4,)                   rank 1: Hx=(1, 2, 4, 6, 9, 11)  wx=(1, 2, 3, 4, 6, 7, 8, 9, 10, 11)  w(Hx)=(2, 4, 6, 9, 11)  H(wx)=(4, 6, 8, 10, 11)
     witness x=(5,)                   rank 1: Hx=(1, 2, 4, 6, 8, 11)  wx=(1, 2, 3, 5, 6, 7, 8, 9, 10, 11)  w(Hx)=(2, 4, 6, 8, 11)  H(wx)=(4, 6, 8, 9, 11)
     witness x=(6,)                   rank 1: Hx=(1, 2, 4, 6, 8, 10)  wx=(1, 2, 3, 4, 5, 6, 8, 9, 10, 11)  w(Hx)=(2, 4, 6, 8, 10)  H(wx)=(4, 6, 8, 11)
     witness x=(7,)                   rank 1: Hx=(1, 2, 4, 6, 8, 10, 11)  wx=(1, 2, 3, 4, 5, 7, 8, 9, 10, 11)  w(Hx)=(2, 4, 6, 8)  H(wx)=(4, 6, 8, 10)
     single-minus witness at position 2: x=(2,) Hx=(1, 2, 5, 7, 9, 11) H(wx)=(4, 6, 7, 9, 11) w(Hx)=(2, 5, 7, 9, 11)
     single-minus witness at position 3: x=(3,) Hx=(1, 2, 4, 7, 9, 11) H(wx)=(4, 5, 7, 9, 11) w(Hx)=(2, 4, 7, 9, 11)
     single-minus witness at position 4: x=(4,) Hx=(1, 2, 4, 6, 9, 11) H(wx)=(4, 6, 8, 10, 11) w(Hx)=(2, 4, 6, 9, 11)
     single-minus witness at position 5: x=(5,) Hx=(1, 2, 4, 6, 8, 11) H(wx)=(4, 6, 8, 9, 11) w(Hx)=(2, 4, 6, 8, 11)
     single-minus witness at position 6: x=(6,) Hx=(1, 2, 4, 6, 8, 10) H(wx)=(4, 6, 8, 11) w(Hx)=(2, 4, 6, 8, 10)
     single-minus witness at position 7: x=(7,) Hx=(1, 2, 4, 6, 8, 10, 11) H(wx)=(4, 6, 8, 10) w(Hx)=(2, 4, 6, 8)
     single-minus witness at position 8: x=(8,) Hx=(1, 2, 4, 6, 8, 9, 11) H(wx)=(4, 7, 9, 11) w(Hx)=(2, 4, 6, 11)
     single-minus witness at position 9: x=(9,) Hx=(1, 2, 4, 6, 7, 9, 11) H(wx)=(4, 6, 9, 11) w(Hx)=(2, 4, 9, 11)
     single-minus witness at position 10: x=(10,) Hx=(1, 2, 4, 5, 7, 9, 11) H(wx)=(2, 5, 7, 9, 11) w(Hx)=(2, 7, 9, 11)
     commute on O1: True
==== orbits of e_p ====
n= 6  R^3(e_p) = -e_{n-1-p} for p=1..n-2: True   H(e_p) closed form for p=2..n-2: True
n= 8  R^3(e_p) = -e_{n-1-p} for p=1..n-2: True   H(e_p) closed form for p=2..n-2: True
   R^ 0 e_2 = (2,)                         d=(0, 1, 1, 1, 1, 1, 1)  rank 1
   R^ 1 e_2 = (3, 4, 5, 6, 7, 8)           d=(0, 0)  rank 6
   R^ 2 e_2 = (1, 2, 3, 4, 5)              d=(5, 5, 5)  rank 5
   R^ 3 e_2 = (1, 2, 3, 4, 6, 7, 8)        d=(4,)  rank 7
   R^ 4 e_2 = (1, 2, 3, 5, 6, 7)           d=(3, 6)  rank 6
   R^ 5 e_2 = (1, 2, 4, 5, 6, 8)           d=(2, 5)  rank 6
   R^ 6 e_2 = (1, 3, 4, 5, 7)              d=(1, 4, 5)  rank 5
   R^ 7 e_2 = (2, 3, 4, 6, 8)              d=(0, 3, 4)  rank 5
   R^ 8 e_2 = (1, 2, 5, 7)                 d=(2, 2, 3, 4)  rank 4
   R^ 9 e_2 = (1, 3, 6, 8)                 d=(1, 2, 2, 3)  rank 4
   R^10 e_2 = (2, 4, 7)                    d=(0, 1, 2, 2, 3)  rank 3
   R^11 e_2 = (3, 5, 8)                    d=(0, 0, 1, 2, 2)  rank 3
   R^12 e_2 = (4, 6)                       d=(0, 0, 0, 1, 2, 2)  rank 2
   R^13 e_2 = (5, 7, 8)                    d=(0, 0, 0, 0, 1)  rank 3
   R^14 e_2 = (6, 7)                       d=(0, 0, 0, 0, 0, 2)  rank 2
   R^15 e_2 = (1, 8)                       d=(1, 1, 1, 1, 1, 1)  rank 2
n=10  R^3(e_p) = -e_{n-1-p} for p=1..n-2: True   H(e_p) closed form for p=2..n-2: True
n=12  R^3(e_p) = -e_{n-1-p} for p=1..n-2: True   H(e_p) closed form for p=2..n-2: True
   R^ 0 e_2 = (2,)                         d=(0, 1, 1, 1, 1, 1, 1, 1, 1, 1, 1)  rank 1
   R^ 1 e_2 = (3, 4, 5, 6, 7, 8, 9, 10, 11, 12) d=(0, 0)  rank 10
   R^ 2 e_2 = (1, 2, 3, 4, 5, 6, 7, 8, 9)  d=(9, 9, 9)  rank 9
   R^ 3 e_2 = (1, 2, 3, 4, 5, 6, 7, 8, 10, 11, 12) d=(8,)  rank 11
   R^ 4 e_2 = (1, 2, 3, 4, 5, 6, 7, 9, 10, 11) d=(7, 10)  rank 10
   R^ 5 e_2 = (1, 2, 3, 4, 5, 6, 8, 9, 10, 12) d=(6, 9)  rank 10
   R^ 6 e_2 = (1, 2, 3, 4, 5, 7, 8, 9, 11) d=(5, 8, 9)  rank 9
   R^ 7 e_2 = (1, 2, 3, 4, 6, 7, 8, 10, 12) d=(4, 7, 8)  rank 9
   R^ 8 e_2 = (1, 2, 3, 5, 6, 7, 9, 11)    d=(3, 6, 7, 8)  rank 8
   R^ 9 e_2 = (1, 2, 4, 5, 6, 8, 10, 12)   d=(2, 5, 6, 7)  rank 8
   R^10 e_2 = (1, 3, 4, 5, 7, 9, 11)       d=(1, 4, 5, 6, 7)  rank 7
   R^11 e_2 = (2, 3, 4, 6, 8, 10, 12)      d=(0, 3, 4, 5, 6)  rank 7
   R^12 e_2 = (1, 2, 5, 7, 9, 11)          d=(2, 2, 3, 4, 5, 6)  rank 6
   R^13 e_2 = (1, 3, 6, 8, 10, 12)         d=(1, 2, 2, 3, 4, 5)  rank 6
   R^14 e_2 = (2, 4, 7, 9, 11)             d=(0, 1, 2, 2, 3, 4, 5)  rank 5
   R^15 e_2 = (3, 5, 8, 10, 12)            d=(0, 0, 1, 2, 2, 3, 4)  rank 5
   R^16 e_2 = (4, 6, 9, 11)                d=(0, 0, 0, 1, 2, 2, 3, 4)  rank 4
   R^17 e_2 = (5, 7, 10, 12)               d=(0, 0, 0, 0, 1, 2, 2, 3)  rank 4
   R^18 e_2 = (6, 8, 11)                   d=(0, 0, 0, 0, 0, 1, 2, 2, 3)  rank 3
   R^19 e_2 = (7, 9, 12)                   d=(0, 0, 0, 0, 0, 0, 1, 2, 2)  rank 3
   R^20 e_2 = (8, 10)                      d=(0, 0, 0, 0, 0, 0, 0, 1, 2, 2)  rank 2
   R^21 e_2 = (9, 11, 12)                  d=(0, 0, 0, 0, 0, 0, 0, 0, 1)  rank 3
   R^22 e_2 = (10, 11)                     d=(0, 0, 0, 0, 0, 0, 0, 0, 0, 2)  rank 2
   R^23 e_2 = (1, 12)                      d=(1, 1, 1, 1, 1, 1, 1, 1, 1, 1)  rank 2
n=14  R^3(e_p) = -e_{n-1-p} for p=1..n-2: True   H(e_p) closed form for p=2..n-2: True
==== orbits of {3, n} ====
   n= 8 R^ 0 {3,n} = (3, 8)                         d=(0, 0, 1, 1, 1, 1)
   n= 8 R^ 1 {3,n} = (4,)                           d=(0, 0, 0, 1, 1, 1, 1)
   n= 8 R^ 2 {3,n} = (5, 6, 7, 8)                   d=(0, 0, 0, 0)
   n= 8 R^ 3 {3,n} = (1, 2, 3)                      d=(3, 3, 3, 3, 3)
   n= 8 R^ 4 {3,n} = (1, 2, 4, 5, 6, 7, 8)          d=(2,)
   n= 8 R^ 5 {3,n} = (1, 3, 4, 5, 6, 7)             d=(1, 6)
   n= 8 R^ 6 {3,n} = (2, 3, 4, 5, 6, 8)             d=(0, 5)
   n= 8 R^ 7 {3,n} = (1, 2, 3, 4, 7)                d=(4, 4, 5)
   n= 8 R^ 8 {3,n} = (1, 2, 3, 5, 8)                d=(3, 4, 4)
   n= 8  2 in H({3,n}): True ; H({3,n}) = (1, 2, 3, 5, 8)
   n=10 R^ 0 {3,n} = (3, 10)                        d=(0, 0, 1, 1, 1, 1, 1, 1)
   n=10 R^ 1 {3,n} = (4,)                           d=(0, 0, 0, 1, 1, 1, 1, 1, 1)
   n=10 R^ 2 {3,n} = (5, 6, 7, 8, 9, 10)            d=(0, 0, 0, 0)
   n=10 R^ 3 {3,n} = (1, 2, 3, 4, 5)                d=(5, 5, 5, 5, 5)
   n=10 R^ 4 {3,n} = (1, 2, 3, 4, 6, 7, 8, 9, 10)   d=(4,)
   n=10 R^ 5 {3,n} = (1, 2, 3, 5, 6, 7, 8, 9)       d=(3, 8)
   n=10 R^ 6 {3,n} = (1, 2, 4, 5, 6, 7, 8, 10)      d=(2, 7)
   n=10 R^ 7 {3,n} = (1, 3, 4, 5, 6, 7, 9)          d=(1, 6, 7)
   n=10 R^ 8 {3,n} = (2, 3, 4, 5, 6, 8, 10)         d=(0, 5, 6)
   n=10 R^ 9 {3,n} = (1, 2, 3, 4, 7, 9)             d=(4, 4, 5, 6)
   n=10 R^10 {3,n} = (1, 2, 3, 5, 8, 10)            d=(3, 4, 4, 5)
   n=10  2 in H({3,n}): True ; H({3,n}) = (1, 2, 3, 5, 8, 10)
   n=12 R^ 0 {3,n} = (3, 12)                        d=(0, 0, 1, 1, 1, 1, 1, 1, 1, 1)
   n=12 R^ 1 {3,n} = (4,)                           d=(0, 0, 0, 1, 1, 1, 1, 1, 1, 1, 1)
   n=12 R^ 2 {3,n} = (5, 6, 7, 8, 9, 10, 11, 12)    d=(0, 0, 0, 0)
   n=12 R^ 3 {3,n} = (1, 2, 3, 4, 5, 6, 7)          d=(7, 7, 7, 7, 7)
   n=12 R^ 4 {3,n} = (1, 2, 3, 4, 5, 6, 8, 9, 10, 11, 12) d=(6,)
   n=12 R^ 5 {3,n} = (1, 2, 3, 4, 5, 7, 8, 9, 10, 11) d=(5, 10)
   n=12 R^ 6 {3,n} = (1, 2, 3, 4, 6, 7, 8, 9, 10, 12) d=(4, 9)
   n=12 R^ 7 {3,n} = (1, 2, 3, 5, 6, 7, 8, 9, 11)   d=(3, 8, 9)
   n=12 R^ 8 {3,n} = (1, 2, 4, 5, 6, 7, 8, 10, 12)  d=(2, 7, 8)
   n=12 R^ 9 {3,n} = (1, 3, 4, 5, 6, 7, 9, 11)      d=(1, 6, 7, 8)
   n=12 R^10 {3,n} = (2, 3, 4, 5, 6, 8, 10, 12)     d=(0, 5, 6, 7)
   n=12 R^11 {3,n} = (1, 2, 3, 4, 7, 9, 11)         d=(4, 4, 5, 6, 7)
   n=12 R^12 {3,n} = (1, 2, 3, 5, 8, 10, 12)        d=(3, 4, 4, 5, 6)
   n=12  2 in H({3,n}): True ; H({3,n}) = (1, 2, 3, 5, 8, 10, 12)
   n=14 R^ 0 {3,n} = (3, 14)                        d=(0, 0, 1, 1, 1, 1, 1, 1, 1, 1, 1, 1)
   n=14 R^ 1 {3,n} = (4,)                           d=(0, 0, 0, 1, 1, 1, 1, 1, 1, 1, 1, 1, 1)
   n=14 R^ 2 {3,n} = (5, 6, 7, 8, 9, 10, 11, 12, 13, 14) d=(0, 0, 0, 0)
   n=14 R^ 3 {3,n} = (1, 2, 3, 4, 5, 6, 7, 8, 9)    d=(9, 9, 9, 9, 9)
   n=14 R^ 4 {3,n} = (1, 2, 3, 4, 5, 6, 7, 8, 10, 11, 12, 13, 14) d=(8,)
   n=14 R^ 5 {3,n} = (1, 2, 3, 4, 5, 6, 7, 9, 10, 11, 12, 13) d=(7, 12)
   n=14 R^ 6 {3,n} = (1, 2, 3, 4, 5, 6, 8, 9, 10, 11, 12, 14) d=(6, 11)
   n=14 R^ 7 {3,n} = (1, 2, 3, 4, 5, 7, 8, 9, 10, 11, 13) d=(5, 10, 11)
   n=14 R^ 8 {3,n} = (1, 2, 3, 4, 6, 7, 8, 9, 10, 12, 14) d=(4, 9, 10)
   n=14 R^ 9 {3,n} = (1, 2, 3, 5, 6, 7, 8, 9, 11, 13) d=(3, 8, 9, 10)
   n=14 R^10 {3,n} = (1, 2, 4, 5, 6, 7, 8, 10, 12, 14) d=(2, 7, 8, 9)
   n=14 R^11 {3,n} = (1, 3, 4, 5, 6, 7, 9, 11, 13)  d=(1, 6, 7, 8, 9)
   n=14 R^12 {3,n} = (2, 3, 4, 5, 6, 8, 10, 12, 14) d=(0, 5, 6, 7, 8)
   n=14 R^13 {3,n} = (1, 2, 3, 4, 7, 9, 11, 13)     d=(4, 4, 5, 6, 7, 8)
   n=14 R^14 {3,n} = (1, 2, 3, 5, 8, 10, 12, 14)    d=(3, 4, 4, 5, 6, 7)
   n=14  2 in H({3,n}): True ; H({3,n}) = (1, 2, 3, 5, 8, 10, 12, 14)
